8_test_assembly: 6/6 rendered
sheet D:\DayZ-Server_AI-20260907-MultiMap\japan_dev\parts\contact_sheets\8_test_assembly.jpg (1970, 1082)
1_frame: 6/6 rendered
sheet D:\DayZ-Server_AI-20260907-MultiMap\japan_dev\parts\contact_sheets\1_frame.jpg (1970, 1082)
2a_walls: 14/14 rendered
sheet D:\DayZ-Server_AI-20260907-MultiMap\japan_dev\parts\contact_sheets\2a_walls.jpg (1970, 2058)
2b_gables: 6/6 rendered
sheet D:\DayZ-Server_AI-20260907-MultiMap\japan_dev\parts\contact_sheets\2b_gables.jpg (1970, 1082)
3_openings: 35/35 rendered
sheet D:\DayZ-Server_AI-20260907-MultiMap\japan_dev\parts\contact_sheets\3_openings.jpg (1970, 4498)
4_foundations: 14/14 rendered
sheet D:\DayZ-Server_AI-20260907-MultiMap\japan_dev\parts\contact_sheets\4_foundations.jpg (1970, 2058)
5a_roof_kawara: 15/15 rendered
sheet D:\DayZ-Server_AI-20260907-MultiMap\japan_dev\parts\contact_sheets\5a_roof_kawara.jpg (1970, 2058)
5b_roof_parts: 29/29 rendered
sheet D:\DayZ-Server_AI-20260907-MultiMap\japan_dev\parts\contact_sheets\5b_roof_parts.jpg (1970, 4010)
6_roof_forms: 8/8 rendered
sheet D:\DayZ-Server_AI-20260907-MultiMap\japan_dev\parts\contact_sheets\6_roof_forms.jpg (1970, 1082)
7_trim: 2/2 rendered
sheet D:\DayZ-Server_AI-20260907-MultiMap\japan_dev\parts\contact_sheets\7_trim.jpg (1970, 594)
