C:\Program Files (x86)\Steam\steamapps\common\DayZ Tools\Bin\Binarize\binarize.exe -always -addon=P:\JP\furniture -binpath=P:\bin P:\JP\furniture\living D:\DayZ-Server_AI-20260907-MultiMap\japan_dev\spikes\L1\_build\binarized\living *.p3d

BINARIZE rev.163709
"C:\Program Files (x86)\Steam\steamapps\common\DayZ Tools\Bin\Binarize\binarize.exe" -always -addon=P:\JP\furniture -binpath=P:\bin P:\JP\furniture\living D:\DayZ-Server_AI-20260907-MultiMap\japan_dev\spikes\L1\_build\binarized\living *.p3d
Binarize started
Note: 'HouseNoDestruct' is declared, but definition was not found. Creating empty class (source: P:\JP\furniture\config.cpp)
Distance 0.0 - min grid 3.125, Slowdown CPU factor 0.0 (max. 0.0), memory required 0.0 MB (max 8063.6 MB)
Distance 0.0 - min grid 3.125, Slowdown CPU factor 0.0 (max. 0.0), memory required 0.0 MB (max 8063.6 MB)
Warning: Terrain grid 0.5 will be too slow, should use 3.1
Convert model P:\JP\furniture\living\jp_f_byobu_makura.p3d -> D:\DayZ-Server_AI-20260907-MultiMap\japan_dev\spikes\L1\_build\binarized\living\jp_f_byobu_makura.p3d
<model = "P:\JP\furniture\living\jp_f_byobu_makura.p3d">
</model>
Convert model P:\JP\furniture\living\jp_f_byobu_makura_fallen.p3d -> D:\DayZ-Server_AI-20260907-MultiMap\japan_dev\spikes\L1\_build\binarized\living\jp_f_byobu_makura_fallen.p3d
<model = "P:\JP\furniture\living\jp_f_byobu_makura_fallen.p3d">
</model>
Convert model P:\JP\furniture\living\jp_f_byobu_tsuitate.p3d -> D:\DayZ-Server_AI-20260907-MultiMap\japan_dev\spikes\L1\_build\binarized\living\jp_f_byobu_tsuitate.p3d
<model = "P:\JP\furniture\living\jp_f_byobu_tsuitate.p3d">
</model>
Convert model P:\JP\furniture\living\jp_f_byobu_tsuitate_fallen.p3d -> D:\DayZ-Server_AI-20260907-MultiMap\japan_dev\spikes\L1\_build\binarized\living\jp_f_byobu_tsuitate_fallen.p3d
<model = "P:\JP\furniture\living\jp_f_byobu_tsuitate_fallen.p3d">
</model>
Convert model P:\JP\furniture\living\jp_f_clothes_haori.p3d -> D:\DayZ-Server_AI-20260907-MultiMap\japan_dev\spikes\L1\_build\binarized\living\jp_f_clothes_haori.p3d
<model = "P:\JP\furniture\living\jp_f_clothes_haori.p3d">
</model>
Convert model P:\JP\furniture\living\jp_f_clothes_kimono.p3d -> D:\DayZ-Server_AI-20260907-MultiMap\japan_dev\spikes\L1\_build\binarized\living\jp_f_clothes_kimono.p3d
<model = "P:\JP\furniture\living\jp_f_clothes_kimono.p3d">
</model>
Convert model P:\JP\furniture\living\jp_f_clothes_kimono_obi.p3d -> D:\DayZ-Server_AI-20260907-MultiMap\japan_dev\spikes\L1\_build\binarized\living\jp_f_clothes_kimono_obi.p3d
<model = "P:\JP\furniture\living\jp_f_clothes_kimono_obi.p3d">
</model>
Convert model P:\JP\furniture\living\jp_f_enza.p3d -> D:\DayZ-Server_AI-20260907-MultiMap\japan_dev\spikes\L1\_build\binarized\living\jp_f_enza.p3d
<model = "P:\JP\furniture\living\jp_f_enza.p3d">
</model>
Convert model P:\JP\furniture\living\jp_f_enza_kicked.p3d -> D:\DayZ-Server_AI-20260907-MultiMap\japan_dev\spikes\L1\_build\binarized\living\jp_f_enza_kicked.p3d
<model = "P:\JP\furniture\living\jp_f_enza_kicked.p3d">
</model>
Convert model P:\JP\furniture\living\jp_f_enza_stack3.p3d -> D:\DayZ-Server_AI-20260907-MultiMap\japan_dev\spikes\L1\_build\binarized\living\jp_f_enza_stack3.p3d
<model = "P:\JP\furniture\living\jp_f_enza_stack3.p3d">
</model>
Convert model P:\JP\furniture\living\jp_f_enza_zabuton.p3d -> D:\DayZ-Server_AI-20260907-MultiMap\japan_dev\spikes\L1\_build\binarized\living\jp_f_enza_zabuton.p3d
<model = "P:\JP\furniture\living\jp_f_enza_zabuton.p3d">
</model>
Convert model P:\JP\furniture\living\jp_f_enza_zabuton_folded.p3d -> D:\DayZ-Server_AI-20260907-MultiMap\japan_dev\spikes\L1\_build\binarized\living\jp_f_enza_zabuton_folded.p3d
<model = "P:\JP\furniture\living\jp_f_enza_zabuton_folded.p3d">
</model>
Convert model P:\JP\furniture\living\jp_f_enza_zabuton_stack3.p3d -> D:\DayZ-Server_AI-20260907-MultiMap\japan_dev\spikes\L1\_build\binarized\living\jp_f_enza_zabuton_stack3.p3d
<model = "P:\JP\furniture\living\jp_f_enza_zabuton_stack3.p3d">
</model>
Convert model P:\JP\furniture\living\jp_f_goban_go.p3d -> D:\DayZ-Server_AI-20260907-MultiMap\japan_dev\spikes\L1\_build\binarized\living\jp_f_goban_go.p3d
<model = "P:\JP\furniture\living\jp_f_goban_go.p3d">
</model>
Convert model P:\JP\furniture\living\jp_f_goban_go_scattered.p3d -> D:\DayZ-Server_AI-20260907-MultiMap\japan_dev\spikes\L1\_build\binarized\living\jp_f_goban_go_scattered.p3d
<model = "P:\JP\furniture\living\jp_f_goban_go_scattered.p3d">
</model>
Convert model P:\JP\furniture\living\jp_f_goban_shogi.p3d -> D:\DayZ-Server_AI-20260907-MultiMap\japan_dev\spikes\L1\_build\binarized\living\jp_f_goban_shogi.p3d
<model = "P:\JP\furniture\living\jp_f_goban_shogi.p3d">
</model>
Convert model P:\JP\furniture\living\jp_f_goban_shogi_scattered.p3d -> D:\DayZ-Server_AI-20260907-MultiMap\japan_dev\spikes\L1\_build\binarized\living\jp_f_goban_shogi_scattered.p3d
<model = "P:\JP\furniture\living\jp_f_goban_shogi_scattered.p3d">
</model>
Convert model P:\JP\furniture\living\jp_f_iko_empty.p3d -> D:\DayZ-Server_AI-20260907-MultiMap\japan_dev\spikes\L1\_build\binarized\living\jp_f_iko_empty.p3d
<model = "P:\JP\furniture\living\jp_f_iko_empty.p3d">
</model>
Convert model P:\JP\furniture\living\jp_f_iko_fallen.p3d -> D:\DayZ-Server_AI-20260907-MultiMap\japan_dev\spikes\L1\_build\binarized\living\jp_f_iko_fallen.p3d
<model = "P:\JP\furniture\living\jp_f_iko_fallen.p3d">
</model>
Convert model P:\JP\furniture\living\jp_f_iko_plain.p3d -> D:\DayZ-Server_AI-20260907-MultiMap\japan_dev\spikes\L1\_build\binarized\living\jp_f_iko_plain.p3d
<model = "P:\JP\furniture\living\jp_f_iko_plain.p3d">
</model>
Convert model P:\JP\furniture\living\jp_f_iko_robe.p3d -> D:\DayZ-Server_AI-20260907-MultiMap\japan_dev\spikes\L1\_build\binarized\living\jp_f_iko_robe.p3d
<model = "P:\JP\furniture\living\jp_f_iko_robe.p3d">
</model>
Convert model P:\JP\furniture\living\jp_f_mirror_stand.p3d -> D:\DayZ-Server_AI-20260907-MultiMap\japan_dev\spikes\L1\_build\binarized\living\jp_f_mirror_stand.p3d
<model = "P:\JP\furniture\living\jp_f_mirror_stand.p3d">
</model>
Convert model P:\JP\furniture\living\jp_f_mirror_stand_open.p3d -> D:\DayZ-Server_AI-20260907-MultiMap\japan_dev\spikes\L1\_build\binarized\living\jp_f_mirror_stand_open.p3d
<model = "P:\JP\furniture\living\jp_f_mirror_stand_open.p3d">
</model>
Convert model P:\JP\furniture\living\jp_f_mirror_stand_tipped.p3d -> D:\DayZ-Server_AI-20260907-MultiMap\japan_dev\spikes\L1\_build\binarized\living\jp_f_mirror_stand_tipped.p3d
<model = "P:\JP\furniture\living\jp_f_mirror_stand_tipped.p3d">
</model>
Convert model P:\JP\furniture\living\jp_f_sewing_box.p3d -> D:\DayZ-Server_AI-20260907-MultiMap\japan_dev\spikes\L1\_build\binarized\living\jp_f_sewing_box.p3d
<model = "P:\JP\furniture\living\jp_f_sewing_box.p3d">
</model>
Convert model P:\JP\furniture\living\jp_f_sewing_spilled.p3d -> D:\DayZ-Server_AI-20260907-MultiMap\japan_dev\spikes\L1\_build\binarized\living\jp_f_sewing_spilled.p3d
<model = "P:\JP\furniture\living\jp_f_sewing_spilled.p3d">
</model>
Convert model P:\JP\furniture\living\jp_f_sewing_work.p3d -> D:\DayZ-Server_AI-20260907-MultiMap\japan_dev\spikes\L1\_build\binarized\living\jp_f_sewing_work.p3d
<model = "P:\JP\furniture\living\jp_f_sewing_work.p3d">
</model>
Convert model P:\JP\furniture\living\jp_f_shokudai_short.p3d -> D:\DayZ-Server_AI-20260907-MultiMap\japan_dev\spikes\L1\_build\binarized\living\jp_f_shokudai_short.p3d
<model = "P:\JP\furniture\living\jp_f_shokudai_short.p3d">
</model>
Convert model P:\JP\furniture\living\jp_f_shokudai_tall.p3d -> D:\DayZ-Server_AI-20260907-MultiMap\japan_dev\spikes\L1\_build\binarized\living\jp_f_shokudai_tall.p3d
<model = "P:\JP\furniture\living\jp_f_shokudai_tall.p3d">
</model>
Convert model P:\JP\furniture\living\jp_f_shokudai_tipped.p3d -> D:\DayZ-Server_AI-20260907-MultiMap\japan_dev\spikes\L1\_build\binarized\living\jp_f_shokudai_tipped.p3d
<model = "P:\JP\furniture\living\jp_f_shokudai_tipped.p3d">
</model>
Convert model P:\JP\furniture\living\jp_f_straw_bed_pile.p3d -> D:\DayZ-Server_AI-20260907-MultiMap\japan_dev\spikes\L1\_build\binarized\living\jp_f_straw_bed_pile.p3d
<model = "P:\JP\furniture\living\jp_f_straw_bed_pile.p3d">
</model>
Convert model P:\JP\furniture\living\jp_f_straw_bed_quilt.p3d -> D:\DayZ-Server_AI-20260907-MultiMap\japan_dev\spikes\L1\_build\binarized\living\jp_f_straw_bed_quilt.p3d
<model = "P:\JP\furniture\living\jp_f_straw_bed_quilt.p3d">
</model>
Convert model P:\JP\furniture\living\jp_f_straw_bed_scattered.p3d -> D:\DayZ-Server_AI-20260907-MultiMap\japan_dev\spikes\L1\_build\binarized\living\jp_f_straw_bed_scattered.p3d
<model = "P:\JP\furniture\living\jp_f_straw_bed_scattered.p3d">
</model>
Convert model P:\JP\furniture\living\jp_f_toys_doll.p3d -> D:\DayZ-Server_AI-20260907-MultiMap\japan_dev\spikes\L1\_build\binarized\living\jp_f_toys_doll.p3d
<model = "P:\JP\furniture\living\jp_f_toys_doll.p3d">
</model>
Convert model P:\JP\furniture\living\jp_f_toys_hagoita.p3d -> D:\DayZ-Server_AI-20260907-MultiMap\japan_dev\spikes\L1\_build\binarized\living\jp_f_toys_hagoita.p3d
<model = "P:\JP\furniture\living\jp_f_toys_hagoita.p3d">
</model>
Convert model P:\JP\furniture\living\jp_f_toys_koma.p3d -> D:\DayZ-Server_AI-20260907-MultiMap\japan_dev\spikes\L1\_build\binarized\living\jp_f_toys_koma.p3d
<model = "P:\JP\furniture\living\jp_f_toys_koma.p3d">
UV mapping too varied on jp\common\materials\straw\jp_m_straw_rope_w1_co.paa, stage 0: texel size used 0.00192882, max 0.00390625, min 0.00180709
</model>
Convert model P:\JP\furniture\living\jp_f_toys_scattered.p3d -> D:\DayZ-Server_AI-20260907-MultiMap\japan_dev\spikes\L1\_build\binarized\living\jp_f_toys_scattered.p3d
<model = "P:\JP\furniture\living\jp_f_toys_scattered.p3d">
</model>

FileServer MaxCacheSize = 23987 MB
No entry '.CfgAmmo'.
No entry '.CfgNonAIVehicles'.
No entry '.CfgWeapons'.
No entry '.CfgMagazines'.
Warning: CfgVehicles missing in PreloadConfig - may slow down vehicle creation
No entry '.CfgDefaultSettings'.
No entry '.defaultVisibility'.
Trying to access error value.
No entry '.CfgDefaultSettings'.
No entry '.defaultTerrainGrid'.
Trying to access error value.
No entry '.CfgDefaultSettings'.
No entry '.defaultObjectViewDistance'.
Trying to access error value.
No entry '.CfgDefaultSettings'.
No entry '.hazeDefaultDistance'.
Trying to access error value.
No entry '.CfgWorlds'.
No entry '.DefaultWorld'.
No entry '.skyTexture'.
Trying to access error value.
No entry '.CfgWorlds'.
No entry '.DefaultWorld'.
No entry '.skyTextureR'.
Trying to access error value.
DIAG-SERIALIZED BoundingCenter of p:\jp\furniture\living\jp_f_byobu_makura.p3d: 0.00,0.00
DIAG-SERIALIZED BoundingCenter of p:\jp\furniture\living\jp_f_byobu_makura_fallen.p3d: 0.01,-0.05
DIAG-SERIALIZED BoundingCenter of p:\jp\furniture\living\jp_f_byobu_tsuitate.p3d: 0.00,0.00
DIAG-SERIALIZED BoundingCenter of p:\jp\furniture\living\jp_f_byobu_tsuitate_fallen.p3d: 0.12,-0.14
DIAG-SERIALIZED BoundingCenter of p:\jp\furniture\living\jp_f_clothes_haori.p3d: 0.14,-0.07
DIAG-SERIALIZED BoundingCenter of p:\jp\furniture\living\jp_f_clothes_kimono.p3d: 0.08,-0.00
DIAG-SERIALIZED BoundingCenter of p:\jp\furniture\living\jp_f_clothes_kimono_obi.p3d: -0.01,-0.00
DIAG-SERIALIZED BoundingCenter of p:\jp\furniture\living\jp_f_enza.p3d: 0.00,0.00
DIAG-SERIALIZED BoundingCenter of p:\jp\furniture\living\jp_f_enza_kicked.p3d: 0.17,0.22
DIAG-SERIALIZED BoundingCenter of p:\jp\furniture\living\jp_f_enza_stack3.p3d: 0.01,-0.01
DIAG-SERIALIZED BoundingCenter of p:\jp\furniture\living\jp_f_enza_zabuton.p3d: 0.00,0.00
DIAG-SERIALIZED BoundingCenter of p:\jp\furniture\living\jp_f_enza_zabuton_folded.p3d: 0.13,0.03
DIAG-SERIALIZED BoundingCenter of p:\jp\furniture\living\jp_f_enza_zabuton_stack3.p3d: 0.00,0.00
DIAG-SERIALIZED BoundingCenter of p:\jp\furniture\living\jp_f_goban_go.p3d: 0.00,0.00
DIAG-SERIALIZED BoundingCenter of p:\jp\furniture\living\jp_f_goban_go_scattered.p3d: 0.00,0.00
DIAG-SERIALIZED BoundingCenter of p:\jp\furniture\living\jp_f_goban_shogi.p3d: 0.00,0.00
DIAG-SERIALIZED BoundingCenter of p:\jp\furniture\living\jp_f_goban_shogi_scattered.p3d: 0.00,0.00
DIAG-SERIALIZED BoundingCenter of p:\jp\furniture\living\jp_f_iko_empty.p3d: 0.00,0.00
DIAG-SERIALIZED BoundingCenter of p:\jp\furniture\living\jp_f_iko_fallen.p3d: 0.00,-0.02
DIAG-SERIALIZED BoundingCenter of p:\jp\furniture\living\jp_f_iko_plain.p3d: 0.00,0.00
DIAG-SERIALIZED BoundingCenter of p:\jp\furniture\living\jp_f_iko_robe.p3d: 0.00,0.00
DIAG-SERIALIZED BoundingCenter of p:\jp\furniture\living\jp_f_mirror_stand.p3d: 0.00,0.00
DIAG-SERIALIZED BoundingCenter of p:\jp\furniture\living\jp_f_mirror_stand_open.p3d: 0.00,0.00
DIAG-SERIALIZED BoundingCenter of p:\jp\furniture\living\jp_f_mirror_stand_tipped.p3d: 0.07,0.00
DIAG-SERIALIZED BoundingCenter of p:\jp\furniture\living\jp_f_sewing_box.p3d: 0.00,0.00
DIAG-SERIALIZED BoundingCenter of p:\jp\furniture\living\jp_f_sewing_spilled.p3d: -0.06,0.32
DIAG-SERIALIZED BoundingCenter of p:\jp\furniture\living\jp_f_sewing_work.p3d: 0.10,0.29
DIAG-SERIALIZED BoundingCenter of p:\jp\furniture\living\jp_f_shokudai_short.p3d: 0.00,0.00
DIAG-SERIALIZED BoundingCenter of p:\jp\furniture\living\jp_f_shokudai_tall.p3d: 0.00,0.00
DIAG-SERIALIZED BoundingCenter of p:\jp\furniture\living\jp_f_shokudai_tipped.p3d: -0.01,0.05
DIAG-SERIALIZED BoundingCenter of p:\jp\furniture\living\jp_f_straw_bed_pile.p3d: 0.00,0.00
DIAG-SERIALIZED BoundingCenter of p:\jp\furniture\living\jp_f_straw_bed_quilt.p3d: 0.00,0.00
DIAG-SERIALIZED BoundingCenter of p:\jp\furniture\living\jp_f_straw_bed_scattered.p3d: 0.00,0.00
DIAG-SERIALIZED BoundingCenter of p:\jp\furniture\living\jp_f_toys_doll.p3d: 0.04,-0.09
DIAG-SERIALIZED BoundingCenter of p:\jp\furniture\living\jp_f_toys_hagoita.p3d: 0.02,0.07
DIAG-SERIALIZED BoundingCenter of p:\jp\furniture\living\jp_f_toys_koma.p3d: 0.11,0.03
DIAG-SERIALIZED BoundingCenter of p:\jp\furniture\living\jp_f_toys_scattered.p3d: 0.05,0.17

C:\Program Files (x86)\Steam\steamapps\common\DayZ Tools\Bin\Binarize\binarize.exe -always -addon=P:\JP\furniture -binpath=P:\bin P:\JP\furniture\meal D:\DayZ-Server_AI-20260907-MultiMap\japan_dev\spikes\L1\_build\binarized\meal *.p3d

BINARIZE rev.163709
"C:\Program Files (x86)\Steam\steamapps\common\DayZ Tools\Bin\Binarize\binarize.exe" -always -addon=P:\JP\furniture -binpath=P:\bin P:\JP\furniture\meal D:\DayZ-Server_AI-20260907-MultiMap\japan_dev\spikes\L1\_build\binarized\meal *.p3d
Binarize started
Note: 'HouseNoDestruct' is declared, but definition was not found. Creating empty class (source: P:\JP\furniture\config.cpp)
Distance 0.0 - min grid 3.125, Slowdown CPU factor 0.0 (max. 0.0), memory required 0.0 MB (max 8063.6 MB)
Distance 0.0 - min grid 3.125, Slowdown CPU factor 0.0 (max. 0.0), memory required 0.0 MB (max 8063.6 MB)
Warning: Terrain grid 0.5 will be too slow, should use 3.1
Convert model P:\JP\furniture\meal\jp_f_basket_back.p3d -> D:\DayZ-Server_AI-20260907-MultiMap\japan_dev\spikes\L1\_build\binarized\meal\jp_f_basket_back.p3d
<model = "P:\JP\furniture\meal\jp_f_basket_back.p3d">
</model>
Convert model P:\JP\furniture\meal\jp_f_basket_back_crushed.p3d -> D:\DayZ-Server_AI-20260907-MultiMap\japan_dev\spikes\L1\_build\binarized\meal\jp_f_basket_back_crushed.p3d
<model = "P:\JP\furniture\meal\jp_f_basket_back_crushed.p3d">
</model>
Convert model P:\JP\furniture\meal\jp_f_basket_kago.p3d -> D:\DayZ-Server_AI-20260907-MultiMap\japan_dev\spikes\L1\_build\binarized\meal\jp_f_basket_kago.p3d
<model = "P:\JP\furniture\meal\jp_f_basket_kago.p3d">
</model>
Convert model P:\JP\furniture\meal\jp_f_basket_kago_tipped.p3d -> D:\DayZ-Server_AI-20260907-MultiMap\japan_dev\spikes\L1\_build\binarized\meal\jp_f_basket_kago_tipped.p3d
<model = "P:\JP\furniture\meal\jp_f_basket_kago_tipped.p3d">
</model>
Convert model P:\JP\furniture\meal\jp_f_basket_zaru.p3d -> D:\DayZ-Server_AI-20260907-MultiMap\japan_dev\spikes\L1\_build\binarized\meal\jp_f_basket_zaru.p3d
<model = "P:\JP\furniture\meal\jp_f_basket_zaru.p3d">
</model>
Convert model P:\JP\furniture\meal\jp_f_basket_zaru_stack.p3d -> D:\DayZ-Server_AI-20260907-MultiMap\japan_dev\spikes\L1\_build\binarized\meal\jp_f_basket_zaru_stack.p3d
<model = "P:\JP\furniture\meal\jp_f_basket_zaru_stack.p3d">
</model>
Convert model P:\JP\furniture\meal\jp_f_basket_zaru_wall.p3d -> D:\DayZ-Server_AI-20260907-MultiMap\japan_dev\spikes\L1\_build\binarized\meal\jp_f_basket_zaru_wall.p3d
<model = "P:\JP\furniture\meal\jp_f_basket_zaru_wall.p3d">
TexMaterial loading race detected for jp\common\materials\wood\jp_m_wood_interior_w2.rvmat
</model>
Convert model P:\JP\furniture\meal\jp_f_charcoal_bale.p3d -> D:\DayZ-Server_AI-20260907-MultiMap\japan_dev\spikes\L1\_build\binarized\meal\jp_f_charcoal_bale.p3d
<model = "P:\JP\furniture\meal\jp_f_charcoal_bale.p3d">
</model>
Convert model P:\JP\furniture\meal\jp_f_charcoal_bales3.p3d -> D:\DayZ-Server_AI-20260907-MultiMap\japan_dev\spikes\L1\_build\binarized\meal\jp_f_charcoal_bales3.p3d
<model = "P:\JP\furniture\meal\jp_f_charcoal_bales3.p3d">
</model>
Convert model P:\JP\furniture\meal\jp_f_charcoal_burst.p3d -> D:\DayZ-Server_AI-20260907-MultiMap\japan_dev\spikes\L1\_build\binarized\meal\jp_f_charcoal_burst.p3d
<model = "P:\JP\furniture\meal\jp_f_charcoal_burst.p3d">
</model>
Convert model P:\JP\furniture\meal\jp_f_charcoal_scuttle.p3d -> D:\DayZ-Server_AI-20260907-MultiMap\japan_dev\spikes\L1\_build\binarized\meal\jp_f_charcoal_scuttle.p3d
<model = "P:\JP\furniture\meal\jp_f_charcoal_scuttle.p3d">
</model>
Convert model P:\JP\furniture\meal\jp_f_hiuchi_box.p3d -> D:\DayZ-Server_AI-20260907-MultiMap\japan_dev\spikes\L1\_build\binarized\meal\jp_f_hiuchi_box.p3d
<model = "P:\JP\furniture\meal\jp_f_hiuchi_box.p3d">
</model>
Convert model P:\JP\furniture\meal\jp_f_hiuchi_open.p3d -> D:\DayZ-Server_AI-20260907-MultiMap\japan_dev\spikes\L1\_build\binarized\meal\jp_f_hiuchi_open.p3d
<model = "P:\JP\furniture\meal\jp_f_hiuchi_open.p3d">
</model>
Convert model P:\JP\furniture\meal\jp_f_hiuchi_spilled.p3d -> D:\DayZ-Server_AI-20260907-MultiMap\japan_dev\spikes\L1\_build\binarized\meal\jp_f_hiuchi_spilled.p3d
<model = "P:\JP\furniture\meal\jp_f_hiuchi_spilled.p3d">
</model>
Convert model P:\JP\furniture\meal\jp_f_meal_left_hakozen.p3d -> D:\DayZ-Server_AI-20260907-MultiMap\japan_dev\spikes\L1\_build\binarized\meal\jp_f_meal_left_hakozen.p3d
<model = "P:\JP\furniture\meal\jp_f_meal_left_hakozen.p3d">
</model>
Convert model P:\JP\furniture\meal\jp_f_meal_left_two.p3d -> D:\DayZ-Server_AI-20260907-MultiMap\japan_dev\spikes\L1\_build\binarized\meal\jp_f_meal_left_two.p3d
<model = "P:\JP\furniture\meal\jp_f_meal_left_two.p3d">
</model>
Convert model P:\JP\furniture\meal\jp_f_meal_left_zen.p3d -> D:\DayZ-Server_AI-20260907-MultiMap\japan_dev\spikes\L1\_build\binarized\meal\jp_f_meal_left_zen.p3d
<model = "P:\JP\furniture\meal\jp_f_meal_left_zen.p3d">
</model>
Convert model P:\JP\furniture\meal\jp_f_seiro_kama2.p3d -> D:\DayZ-Server_AI-20260907-MultiMap\japan_dev\spikes\L1\_build\binarized\meal\jp_f_seiro_kama2.p3d
<model = "P:\JP\furniture\meal\jp_f_seiro_kama2.p3d">
</model>
Convert model P:\JP\furniture\meal\jp_f_seiro_kama3.p3d -> D:\DayZ-Server_AI-20260907-MultiMap\japan_dev\spikes\L1\_build\binarized\meal\jp_f_seiro_kama3.p3d
<model = "P:\JP\furniture\meal\jp_f_seiro_kama3.p3d">
</model>
Convert model P:\JP\furniture\meal\jp_f_seiro_stack.p3d -> D:\DayZ-Server_AI-20260907-MultiMap\japan_dev\spikes\L1\_build\binarized\meal\jp_f_seiro_stack.p3d
<model = "P:\JP\furniture\meal\jp_f_seiro_stack.p3d">
</model>
Convert model P:\JP\furniture\meal\jp_f_seiro_toppled.p3d -> D:\DayZ-Server_AI-20260907-MultiMap\japan_dev\spikes\L1\_build\binarized\meal\jp_f_seiro_toppled.p3d
<model = "P:\JP\furniture\meal\jp_f_seiro_toppled.p3d">
</model>
Convert model P:\JP\furniture\meal\jp_f_suribachi_board.p3d -> D:\DayZ-Server_AI-20260907-MultiMap\japan_dev\spikes\L1\_build\binarized\meal\jp_f_suribachi_board.p3d
<model = "P:\JP\furniture\meal\jp_f_suribachi_board.p3d">
</model>
Convert model P:\JP\furniture\meal\jp_f_suribachi_bowl.p3d -> D:\DayZ-Server_AI-20260907-MultiMap\japan_dev\spikes\L1\_build\binarized\meal\jp_f_suribachi_bowl.p3d
<model = "P:\JP\furniture\meal\jp_f_suribachi_bowl.p3d">
</model>
Convert model P:\JP\furniture\meal\jp_f_suribachi_spilled.p3d -> D:\DayZ-Server_AI-20260907-MultiMap\japan_dev\spikes\L1\_build\binarized\meal\jp_f_suribachi_spilled.p3d
<model = "P:\JP\furniture\meal\jp_f_suribachi_spilled.p3d">
</model>
Convert model P:\JP\furniture\meal\jp_f_tableware_bowls.p3d -> D:\DayZ-Server_AI-20260907-MultiMap\japan_dev\spikes\L1\_build\binarized\meal\jp_f_tableware_bowls.p3d
<model = "P:\JP\furniture\meal\jp_f_tableware_bowls.p3d">
</model>
Convert model P:\JP\furniture\meal\jp_f_tableware_hakozen_plain.p3d -> D:\DayZ-Server_AI-20260907-MultiMap\japan_dev\spikes\L1\_build\binarized\meal\jp_f_tableware_hakozen_plain.p3d
<model = "P:\JP\furniture\meal\jp_f_tableware_hakozen_plain.p3d">
</model>
Convert model P:\JP\furniture\meal\jp_f_tableware_hakozen_stack.p3d -> D:\DayZ-Server_AI-20260907-MultiMap\japan_dev\spikes\L1\_build\binarized\meal\jp_f_tableware_hakozen_stack.p3d
<model = "P:\JP\furniture\meal\jp_f_tableware_hakozen_stack.p3d">
</model>
Convert model P:\JP\furniture\meal\jp_f_tableware_scattered.p3d -> D:\DayZ-Server_AI-20260907-MultiMap\japan_dev\spikes\L1\_build\binarized\meal\jp_f_tableware_scattered.p3d
<model = "P:\JP\furniture\meal\jp_f_tableware_scattered.p3d">
</model>
Convert model P:\JP\furniture\meal\jp_f_tableware_zen.p3d -> D:\DayZ-Server_AI-20260907-MultiMap\japan_dev\spikes\L1\_build\binarized\meal\jp_f_tableware_zen.p3d
<model = "P:\JP\furniture\meal\jp_f_tableware_zen.p3d">
</model>
Convert model P:\JP\furniture\meal\jp_f_taru_cask.p3d -> D:\DayZ-Server_AI-20260907-MultiMap\japan_dev\spikes\L1\_build\binarized\meal\jp_f_taru_cask.p3d
<model = "P:\JP\furniture\meal\jp_f_taru_cask.p3d">
</model>
Convert model P:\JP\furniture\meal\jp_f_taru_komo.p3d -> D:\DayZ-Server_AI-20260907-MultiMap\japan_dev\spikes\L1\_build\binarized\meal\jp_f_taru_komo.p3d
<model = "P:\JP\furniture\meal\jp_f_taru_komo.p3d">
</model>
Convert model P:\JP\furniture\meal\jp_f_taru_rack3.p3d -> D:\DayZ-Server_AI-20260907-MultiMap\japan_dev\spikes\L1\_build\binarized\meal\jp_f_taru_rack3.p3d
<model = "P:\JP\furniture\meal\jp_f_taru_rack3.p3d">
</model>
Convert model P:\JP\furniture\meal\jp_f_taru_rack3_ab.p3d -> D:\DayZ-Server_AI-20260907-MultiMap\japan_dev\spikes\L1\_build\binarized\meal\jp_f_taru_rack3_ab.p3d
<model = "P:\JP\furniture\meal\jp_f_taru_rack3_ab.p3d">
</model>
Convert model P:\JP\furniture\meal\jp_f_taru_staved.p3d -> D:\DayZ-Server_AI-20260907-MultiMap\japan_dev\spikes\L1\_build\binarized\meal\jp_f_taru_staved.p3d
<model = "P:\JP\furniture\meal\jp_f_taru_staved.p3d">
</model>
Convert model P:\JP\furniture\meal\jp_f_tokkuri_large.p3d -> D:\DayZ-Server_AI-20260907-MultiMap\japan_dev\spikes\L1\_build\binarized\meal\jp_f_tokkuri_large.p3d
<model = "P:\JP\furniture\meal\jp_f_tokkuri_large.p3d">
</model>
Convert model P:\JP\furniture\meal\jp_f_tokkuri_pair.p3d -> D:\DayZ-Server_AI-20260907-MultiMap\japan_dev\spikes\L1\_build\binarized\meal\jp_f_tokkuri_pair.p3d
<model = "P:\JP\furniture\meal\jp_f_tokkuri_pair.p3d">
</model>
Convert model P:\JP\furniture\meal\jp_f_tokkuri_tipped.p3d -> D:\DayZ-Server_AI-20260907-MultiMap\japan_dev\spikes\L1\_build\binarized\meal\jp_f_tokkuri_tipped.p3d
<model = "P:\JP\furniture\meal\jp_f_tokkuri_tipped.p3d">
</model>

FileServer MaxCacheSize = 23987 MB
No entry '.CfgAmmo'.
No entry '.CfgNonAIVehicles'.
No entry '.CfgWeapons'.
No entry '.CfgMagazines'.
Warning: CfgVehicles missing in PreloadConfig - may slow down vehicle creation
No entry '.CfgDefaultSettings'.
No entry '.defaultVisibility'.
Trying to access error value.
No entry '.CfgDefaultSettings'.
No entry '.defaultTerrainGrid'.
Trying to access error value.
No entry '.CfgDefaultSettings'.
No entry '.defaultObjectViewDistance'.
Trying to access error value.
No entry '.CfgDefaultSettings'.
No entry '.hazeDefaultDistance'.
Trying to access error value.
No entry '.CfgWorlds'.
No entry '.DefaultWorld'.
No entry '.skyTexture'.
Trying to access error value.
No entry '.CfgWorlds'.
No entry '.DefaultWorld'.
No entry '.skyTextureR'.
Trying to access error value.
DIAG-SERIALIZED BoundingCenter of p:\jp\furniture\meal\jp_f_basket_back.p3d: 0.00,0.00
DIAG-SERIALIZED BoundingCenter of p:\jp\furniture\meal\jp_f_basket_back_crushed.p3d: 0.00,0.00
DIAG-SERIALIZED BoundingCenter of p:\jp\furniture\meal\jp_f_basket_kago.p3d: 0.00,0.00
DIAG-SERIALIZED BoundingCenter of p:\jp\furniture\meal\jp_f_basket_kago_tipped.p3d: 0.00,0.00
DIAG-SERIALIZED BoundingCenter of p:\jp\furniture\meal\jp_f_basket_zaru.p3d: 0.00,0.00
DIAG-SERIALIZED BoundingCenter of p:\jp\furniture\meal\jp_f_basket_zaru_stack.p3d: 0.00,0.00
DIAG-SERIALIZED BoundingCenter of p:\jp\furniture\meal\jp_f_basket_zaru_wall.p3d: 0.00,0.08
DIAG-SERIALIZED BoundingCenter of p:\jp\furniture\meal\jp_f_charcoal_bale.p3d: 0.00,0.00
DIAG-SERIALIZED BoundingCenter of p:\jp\furniture\meal\jp_f_charcoal_bales3.p3d: 0.00,0.00
DIAG-SERIALIZED BoundingCenter of p:\jp\furniture\meal\jp_f_charcoal_burst.p3d: 0.00,0.00
DIAG-SERIALIZED BoundingCenter of p:\jp\furniture\meal\jp_f_charcoal_scuttle.p3d: 0.04,0.00
DIAG-SERIALIZED BoundingCenter of p:\jp\furniture\meal\jp_f_hiuchi_box.p3d: 0.00,0.00
DIAG-SERIALIZED BoundingCenter of p:\jp\furniture\meal\jp_f_hiuchi_open.p3d: 0.08,-0.02
DIAG-SERIALIZED BoundingCenter of p:\jp\furniture\meal\jp_f_hiuchi_spilled.p3d: -0.01,0.08
DIAG-SERIALIZED BoundingCenter of p:\jp\furniture\meal\jp_f_meal_left_hakozen.p3d: 0.26,-0.03
DIAG-SERIALIZED BoundingCenter of p:\jp\furniture\meal\jp_f_meal_left_two.p3d: -0.09,-0.40
DIAG-SERIALIZED BoundingCenter of p:\jp\furniture\meal\jp_f_meal_left_zen.p3d: 0.17,0.00
DIAG-SERIALIZED BoundingCenter of p:\jp\furniture\meal\jp_f_seiro_kama2.p3d: 0.00,0.00
DIAG-SERIALIZED BoundingCenter of p:\jp\furniture\meal\jp_f_seiro_kama3.p3d: 0.00,0.00
DIAG-SERIALIZED BoundingCenter of p:\jp\furniture\meal\jp_f_seiro_stack.p3d: 0.00,0.00
DIAG-SERIALIZED BoundingCenter of p:\jp\furniture\meal\jp_f_seiro_toppled.p3d: 0.00,0.00
DIAG-SERIALIZED BoundingCenter of p:\jp\furniture\meal\jp_f_suribachi_board.p3d: 0.00,0.00
DIAG-SERIALIZED BoundingCenter of p:\jp\furniture\meal\jp_f_suribachi_bowl.p3d: -0.00,0.00
DIAG-SERIALIZED BoundingCenter of p:\jp\furniture\meal\jp_f_suribachi_spilled.p3d: -0.04,0.01
DIAG-SERIALIZED BoundingCenter of p:\jp\furniture\meal\jp_f_tableware_bowls.p3d: 0.02,0.05
DIAG-SERIALIZED BoundingCenter of p:\jp\furniture\meal\jp_f_tableware_hakozen_plain.p3d: 0.07,0.00
DIAG-SERIALIZED BoundingCenter of p:\jp\furniture\meal\jp_f_tableware_hakozen_stack.p3d: 0.00,0.00
DIAG-SERIALIZED BoundingCenter of p:\jp\furniture\meal\jp_f_tableware_scattered.p3d: 0.04,0.13
DIAG-SERIALIZED BoundingCenter of p:\jp\furniture\meal\jp_f_tableware_zen.p3d: 0.00,0.00
DIAG-SERIALIZED BoundingCenter of p:\jp\furniture\meal\jp_f_taru_cask.p3d: 0.00,0.00
DIAG-SERIALIZED BoundingCenter of p:\jp\furniture\meal\jp_f_taru_komo.p3d: 0.00,0.00
DIAG-SERIALIZED BoundingCenter of p:\jp\furniture\meal\jp_f_taru_rack3.p3d: 0.00,0.00
DIAG-SERIALIZED BoundingCenter of p:\jp\furniture\meal\jp_f_taru_rack3_ab.p3d: 0.00,0.00
DIAG-SERIALIZED BoundingCenter of p:\jp\furniture\meal\jp_f_taru_staved.p3d: 0.00,0.00
DIAG-SERIALIZED BoundingCenter of p:\jp\furniture\meal\jp_f_tokkuri_large.p3d: 0.05,0.00
DIAG-SERIALIZED BoundingCenter of p:\jp\furniture\meal\jp_f_tokkuri_pair.p3d: 0.00,0.00
DIAG-SERIALIZED BoundingCenter of p:\jp\furniture\meal\jp_f_tokkuri_tipped.p3d: 0.05,0.05

C:\Program Files (x86)\Steam\steamapps\common\DayZ Tools\Bin\Binarize\binarize.exe -always -addon=P:\JP\furniture -binpath=P:\bin P:\JP\furniture\religious D:\DayZ-Server_AI-20260907-MultiMap\japan_dev\spikes\L1\_build\binarized\religious *.p3d

BINARIZE rev.163709
"C:\Program Files (x86)\Steam\steamapps\common\DayZ Tools\Bin\Binarize\binarize.exe" -always -addon=P:\JP\furniture -binpath=P:\bin P:\JP\furniture\religious D:\DayZ-Server_AI-20260907-MultiMap\japan_dev\spikes\L1\_build\binarized\religious *.p3d
Binarize started
Note: 'HouseNoDestruct' is declared, but definition was not found. Creating empty class (source: P:\JP\furniture\config.cpp)
Distance 0.0 - min grid 3.125, Slowdown CPU factor 0.0 (max. 0.0), memory required 0.0 MB (max 8063.6 MB)
Distance 0.0 - min grid 3.125, Slowdown CPU factor 0.0 (max. 0.0), memory required 0.0 MB (max 8063.6 MB)
Warning: Terrain grid 0.5 will be too slow, should use 3.1
Convert model P:\JP\furniture\religious\jp_f_butsudan_lacquer.p3d -> D:\DayZ-Server_AI-20260907-MultiMap\japan_dev\spikes\L1\_build\binarized\religious\jp_f_butsudan_lacquer.p3d
<model = "P:\JP\furniture\religious\jp_f_butsudan_lacquer.p3d">
</model>
Convert model P:\JP\furniture\religious\jp_f_butsudan_lacquer_dusty.p3d -> D:\DayZ-Server_AI-20260907-MultiMap\japan_dev\spikes\L1\_build\binarized\religious\jp_f_butsudan_lacquer_dusty.p3d
<model = "P:\JP\furniture\religious\jp_f_butsudan_lacquer_dusty.p3d">
</model>
Convert model P:\JP\furniture\religious\jp_f_butsudan_plain.p3d -> D:\DayZ-Server_AI-20260907-MultiMap\japan_dev\spikes\L1\_build\binarized\religious\jp_f_butsudan_plain.p3d
<model = "P:\JP\furniture\religious\jp_f_butsudan_plain.p3d">
</model>
Convert model P:\JP\furniture\religious\jp_f_butsudan_plain_dusty.p3d -> D:\DayZ-Server_AI-20260907-MultiMap\japan_dev\spikes\L1\_build\binarized\religious\jp_f_butsudan_plain_dusty.p3d
<model = "P:\JP\furniture\religious\jp_f_butsudan_plain_dusty.p3d">
</model>
Convert model P:\JP\furniture\religious\jp_f_butsudan_shelf.p3d -> D:\DayZ-Server_AI-20260907-MultiMap\japan_dev\spikes\L1\_build\binarized\religious\jp_f_butsudan_shelf.p3d
<model = "P:\JP\furniture\religious\jp_f_butsudan_shelf.p3d">
</model>
Convert model P:\JP\furniture\religious\jp_f_butsudan_shelf_dusty.p3d -> D:\DayZ-Server_AI-20260907-MultiMap\japan_dev\spikes\L1\_build\binarized\religious\jp_f_butsudan_shelf_dusty.p3d
<model = "P:\JP\furniture\religious\jp_f_butsudan_shelf_dusty.p3d">
</model>
Convert model P:\JP\furniture\religious\jp_f_butsu_set_full.p3d -> D:\DayZ-Server_AI-20260907-MultiMap\japan_dev\spikes\L1\_build\binarized\religious\jp_f_butsu_set_full.p3d
<model = "P:\JP\furniture\religious\jp_f_butsu_set_full.p3d">
</model>
Convert model P:\JP\furniture\religious\jp_f_butsu_set_full_dusty.p3d -> D:\DayZ-Server_AI-20260907-MultiMap\japan_dev\spikes\L1\_build\binarized\religious\jp_f_butsu_set_full_dusty.p3d
<model = "P:\JP\furniture\religious\jp_f_butsu_set_full_dusty.p3d">
</model>
Convert model P:\JP\furniture\religious\jp_f_butsu_set_simple.p3d -> D:\DayZ-Server_AI-20260907-MultiMap\japan_dev\spikes\L1\_build\binarized\religious\jp_f_butsu_set_simple.p3d
<model = "P:\JP\furniture\religious\jp_f_butsu_set_simple.p3d">
</model>
Convert model P:\JP\furniture\religious\jp_f_butsu_set_simple_dusty.p3d -> D:\DayZ-Server_AI-20260907-MultiMap\japan_dev\spikes\L1\_build\binarized\religious\jp_f_butsu_set_simple_dusty.p3d
<model = "P:\JP\furniture\religious\jp_f_butsu_set_simple_dusty.p3d">
</model>
Convert model P:\JP\furniture\religious\jp_f_kamidana_set_offerings.p3d -> D:\DayZ-Server_AI-20260907-MultiMap\japan_dev\spikes\L1\_build\binarized\religious\jp_f_kamidana_set_offerings.p3d
<model = "P:\JP\furniture\religious\jp_f_kamidana_set_offerings.p3d">
</model>
Convert model P:\JP\furniture\religious\jp_f_kamidana_set_offerings_dry.p3d -> D:\DayZ-Server_AI-20260907-MultiMap\japan_dev\spikes\L1\_build\binarized\religious\jp_f_kamidana_set_offerings_dry.p3d
<model = "P:\JP\furniture\religious\jp_f_kamidana_set_offerings_dry.p3d">
</model>
Convert model P:\JP\furniture\religious\jp_f_kamidana_set_shimenawa.p3d -> D:\DayZ-Server_AI-20260907-MultiMap\japan_dev\spikes\L1\_build\binarized\religious\jp_f_kamidana_set_shimenawa.p3d
<model = "P:\JP\furniture\religious\jp_f_kamidana_set_shimenawa.p3d">
UV mapping too varied on jp\common\materials\straw\jp_m_straw_rope_w1_co.paa, stage 0: texel size used 0.00194299, max 0.00390625, min 0.00192722
</model>
Convert model P:\JP\furniture\religious\jp_f_kamidana_set_shimenawa_old.p3d -> D:\DayZ-Server_AI-20260907-MultiMap\japan_dev\spikes\L1\_build\binarized\religious\jp_f_kamidana_set_shimenawa_old.p3d
<model = "P:\JP\furniture\religious\jp_f_kamidana_set_shimenawa_old.p3d">
UV mapping too varied on jp\common\materials\straw\jp_m_straw_rope_w1_co.paa, stage 0: texel size used 0.00192873, max 0.00390625, min 0.00192722
UV mapping too varied on jp\common\materials\straw\jp_m_straw_rope_w2_co.paa, stage 0: texel size used 0.00194351, max 0.00390625, min 0.00193512
</model>

FileServer MaxCacheSize = 23987 MB
No entry '.CfgAmmo'.
No entry '.CfgNonAIVehicles'.
No entry '.CfgWeapons'.
No entry '.CfgMagazines'.
Warning: CfgVehicles missing in PreloadConfig - may slow down vehicle creation
No entry '.CfgDefaultSettings'.
No entry '.defaultVisibility'.
Trying to access error value.
No entry '.CfgDefaultSettings'.
No entry '.defaultTerrainGrid'.
Trying to access error value.
No entry '.CfgDefaultSettings'.
No entry '.defaultObjectViewDistance'.
Trying to access error value.
No entry '.CfgDefaultSettings'.
No entry '.hazeDefaultDistance'.
Trying to access error value.
No entry '.CfgWorlds'.
No entry '.DefaultWorld'.
No entry '.skyTexture'.
Trying to access error value.
No entry '.CfgWorlds'.
No entry '.DefaultWorld'.
No entry '.skyTextureR'.
Trying to access error value.
DIAG-SERIALIZED BoundingCenter of p:\jp\furniture\religious\jp_f_butsudan_lacquer.p3d: 0.00,0.00
DIAG-SERIALIZED BoundingCenter of p:\jp\furniture\religious\jp_f_butsudan_lacquer_dusty.p3d: 0.00,0.00
DIAG-SERIALIZED BoundingCenter of p:\jp\furniture\religious\jp_f_butsudan_plain.p3d: 0.00,0.00
DIAG-SERIALIZED BoundingCenter of p:\jp\furniture\religious\jp_f_butsudan_plain_dusty.p3d: 0.00,0.00
DIAG-SERIALIZED BoundingCenter of p:\jp\furniture\religious\jp_f_butsudan_shelf.p3d: 0.00,0.15
DIAG-SERIALIZED BoundingCenter of p:\jp\furniture\religious\jp_f_butsudan_shelf_dusty.p3d: 0.00,0.15
DIAG-SERIALIZED BoundingCenter of p:\jp\furniture\religious\jp_f_butsu_set_full.p3d: 0.02,0.02
DIAG-SERIALIZED BoundingCenter of p:\jp\furniture\religious\jp_f_butsu_set_full_dusty.p3d: -0.01,0.03
DIAG-SERIALIZED BoundingCenter of p:\jp\furniture\religious\jp_f_butsu_set_simple.p3d: 0.00,0.00
DIAG-SERIALIZED BoundingCenter of p:\jp\furniture\religious\jp_f_butsu_set_simple_dusty.p3d: -0.00,0.03
DIAG-SERIALIZED BoundingCenter of p:\jp\furniture\religious\jp_f_kamidana_set_offerings.p3d: 0.00,0.00
DIAG-SERIALIZED BoundingCenter of p:\jp\furniture\religious\jp_f_kamidana_set_offerings_dry.p3d: -0.02,0.00
DIAG-SERIALIZED BoundingCenter of p:\jp\furniture\religious\jp_f_kamidana_set_shimenawa.p3d: 0.00,0.16
DIAG-SERIALIZED BoundingCenter of p:\jp\furniture\religious\jp_f_kamidana_set_shimenawa_old.p3d: 0.00,0.16

C:\Program Files (x86)\Steam\steamapps\common\DayZ Tools\Bin\Binarize\binarize.exe -always -addon=P:\JP\furniture -binpath=P:\bin P:\JP\furniture\tier D:\DayZ-Server_AI-20260907-MultiMap\japan_dev\spikes\L1\_build\binarized\tier *.p3d

BINARIZE rev.163709
"C:\Program Files (x86)\Steam\steamapps\common\DayZ Tools\Bin\Binarize\binarize.exe" -always -addon=P:\JP\furniture -binpath=P:\bin P:\JP\furniture\tier D:\DayZ-Server_AI-20260907-MultiMap\japan_dev\spikes\L1\_build\binarized\tier *.p3d
Binarize started
Note: 'HouseNoDestruct' is declared, but definition was not found. Creating empty class (source: P:\JP\furniture\config.cpp)
Distance 0.0 - min grid 3.125, Slowdown CPU factor 0.0 (max. 0.0), memory required 0.0 MB (max 8063.6 MB)
Distance 0.0 - min grid 3.125, Slowdown CPU factor 0.0 (max. 0.0), memory required 0.0 MB (max 8063.6 MB)
Warning: Terrain grid 0.5 will be too slow, should use 3.1
Convert model P:\JP\furniture\tier\jp_f_fallen_leaf_fusuma.p3d -> D:\DayZ-Server_AI-20260907-MultiMap\japan_dev\spikes\L1\_build\binarized\tier\jp_f_fallen_leaf_fusuma.p3d
<model = "P:\JP\furniture\tier\jp_f_fallen_leaf_fusuma.p3d">
</model>
Convert model P:\JP\furniture\tier\jp_f_fallen_leaf_fusuma_torn.p3d -> D:\DayZ-Server_AI-20260907-MultiMap\japan_dev\spikes\L1\_build\binarized\tier\jp_f_fallen_leaf_fusuma_torn.p3d
<model = "P:\JP\furniture\tier\jp_f_fallen_leaf_fusuma_torn.p3d">
</model>
Convert model P:\JP\furniture\tier\jp_f_fallen_leaf_shoji.p3d -> D:\DayZ-Server_AI-20260907-MultiMap\japan_dev\spikes\L1\_build\binarized\tier\jp_f_fallen_leaf_shoji.p3d
<model = "P:\JP\furniture\tier\jp_f_fallen_leaf_shoji.p3d">
</model>
Convert model P:\JP\furniture\tier\jp_f_fallen_leaf_shoji_broken.p3d -> D:\DayZ-Server_AI-20260907-MultiMap\japan_dev\spikes\L1\_build\binarized\tier\jp_f_fallen_leaf_shoji_broken.p3d
<model = "P:\JP\furniture\tier\jp_f_fallen_leaf_shoji_broken.p3d">
</model>
Convert model P:\JP\furniture\tier\jp_f_katanakake_stand.p3d -> D:\DayZ-Server_AI-20260907-MultiMap\japan_dev\spikes\L1\_build\binarized\tier\jp_f_katanakake_stand.p3d
<model = "P:\JP\furniture\tier\jp_f_katanakake_stand.p3d">
UV mapping too varied on jp\common\materials\textile\jp_m_textile_cotton_indigo_w1_co.paa, stage 0: texel size used 0.000764518, max 0.00390625, min 0.000173081
UV mapping too varied on jp\common\materials\wood\jp_m_wood_kuro_w1_co.paa, stage 0: texel size used 0.000690534, max 0.00195432, min 0.000234488
</model>
Convert model P:\JP\furniture\tier\jp_f_katanakake_stand_empty.p3d -> D:\DayZ-Server_AI-20260907-MultiMap\japan_dev\spikes\L1\_build\binarized\tier\jp_f_katanakake_stand_empty.p3d
<model = "P:\JP\furniture\tier\jp_f_katanakake_stand_empty.p3d">
</model>
Convert model P:\JP\furniture\tier\jp_f_katanakake_wall.p3d -> D:\DayZ-Server_AI-20260907-MultiMap\japan_dev\spikes\L1\_build\binarized\tier\jp_f_katanakake_wall.p3d
<model = "P:\JP\furniture\tier\jp_f_katanakake_wall.p3d">
UV mapping too varied on jp\common\materials\paint\jp_m_lacquer_black_w1_co.paa, stage 0: texel size used 0.00195305, max 0.00390625, min 0.00119429
UV mapping too varied on jp\common\materials\textile\jp_m_textile_cotton_indigo_w1_co.paa, stage 0: texel size used 0.000764628, max 0.00390625, min 0.000173097
UV mapping too varied on jp\common\materials\wood\jp_m_wood_kuro_w1_co.paa, stage 0: texel size used 0.000690534, max 0.00197449, min 0.000234111
</model>
Convert model P:\JP\furniture\tier\jp_f_katanakake_wall_empty.p3d -> D:\DayZ-Server_AI-20260907-MultiMap\japan_dev\spikes\L1\_build\binarized\tier\jp_f_katanakake_wall_empty.p3d
<model = "P:\JP\furniture\tier\jp_f_katanakake_wall_empty.p3d">
</model>
Convert model P:\JP\furniture\tier\jp_f_manger_cutter.p3d -> D:\DayZ-Server_AI-20260907-MultiMap\japan_dev\spikes\L1\_build\binarized\tier\jp_f_manger_cutter.p3d
<model = "P:\JP\furniture\tier\jp_f_manger_cutter.p3d">
</model>
Convert model P:\JP\furniture\tier\jp_f_manger_straw.p3d -> D:\DayZ-Server_AI-20260907-MultiMap\japan_dev\spikes\L1\_build\binarized\tier\jp_f_manger_straw.p3d
<model = "P:\JP\furniture\tier\jp_f_manger_straw.p3d">
</model>
Convert model P:\JP\furniture\tier\jp_f_manger_straw_rotted.p3d -> D:\DayZ-Server_AI-20260907-MultiMap\japan_dev\spikes\L1\_build\binarized\tier\jp_f_manger_straw_rotted.p3d
<model = "P:\JP\furniture\tier\jp_f_manger_straw_rotted.p3d">
</model>
Convert model P:\JP\furniture\tier\jp_f_manger_trough.p3d -> D:\DayZ-Server_AI-20260907-MultiMap\japan_dev\spikes\L1\_build\binarized\tier\jp_f_manger_trough.p3d
<model = "P:\JP\furniture\tier\jp_f_manger_trough.p3d">
</model>
Convert model P:\JP\furniture\tier\jp_f_manger_trough_empty.p3d -> D:\DayZ-Server_AI-20260907-MultiMap\japan_dev\spikes\L1\_build\binarized\tier\jp_f_manger_trough_empty.p3d
<model = "P:\JP\furniture\tier\jp_f_manger_trough_empty.p3d">
</model>
Convert model P:\JP\furniture\tier\jp_f_tea_broken.p3d -> D:\DayZ-Server_AI-20260907-MultiMap\japan_dev\spikes\L1\_build\binarized\tier\jp_f_tea_broken.p3d
<model = "P:\JP\furniture\tier\jp_f_tea_broken.p3d">
</model>
Convert model P:\JP\furniture\tier\jp_f_tea_dobin.p3d -> D:\DayZ-Server_AI-20260907-MultiMap\japan_dev\spikes\L1\_build\binarized\tier\jp_f_tea_dobin.p3d
<model = "P:\JP\furniture\tier\jp_f_tea_dobin.p3d">
</model>
Convert model P:\JP\furniture\tier\jp_f_tea_matcha.p3d -> D:\DayZ-Server_AI-20260907-MultiMap\japan_dev\spikes\L1\_build\binarized\tier\jp_f_tea_matcha.p3d
<model = "P:\JP\furniture\tier\jp_f_tea_matcha.p3d">
</model>
Convert model P:\JP\furniture\tier\jp_f_yoroibitsu.p3d -> D:\DayZ-Server_AI-20260907-MultiMap\japan_dev\spikes\L1\_build\binarized\tier\jp_f_yoroibitsu.p3d
<model = "P:\JP\furniture\tier\jp_f_yoroibitsu.p3d">
</model>
Convert model P:\JP\furniture\tier\jp_f_yoroibitsu_open.p3d -> D:\DayZ-Server_AI-20260907-MultiMap\japan_dev\spikes\L1\_build\binarized\tier\jp_f_yoroibitsu_open.p3d
<model = "P:\JP\furniture\tier\jp_f_yoroibitsu_open.p3d">
</model>
Convert model P:\JP\furniture\tier\jp_f_yoroibitsu_plain.p3d -> D:\DayZ-Server_AI-20260907-MultiMap\japan_dev\spikes\L1\_build\binarized\tier\jp_f_yoroibitsu_plain.p3d
<model = "P:\JP\furniture\tier\jp_f_yoroibitsu_plain.p3d">
</model>
Convert model P:\JP\furniture\tier\jp_f_yumi_rack_stand.p3d -> D:\DayZ-Server_AI-20260907-MultiMap\japan_dev\spikes\L1\_build\binarized\tier\jp_f_yumi_rack_stand.p3d
<model = "P:\JP\furniture\tier\jp_f_yumi_rack_stand.p3d">
UV mapping too varied on jp\common\materials\textile\jp_m_textile_cotton_plain_w1_co.paa, stage 0: texel size used 0.00194001, max 0.00390625, min 0.00190937
</model>
Convert model P:\JP\furniture\tier\jp_f_yumi_rack_wall.p3d -> D:\DayZ-Server_AI-20260907-MultiMap\japan_dev\spikes\L1\_build\binarized\tier\jp_f_yumi_rack_wall.p3d
<model = "P:\JP\furniture\tier\jp_f_yumi_rack_wall.p3d">
UV mapping too varied on jp\common\materials\textile\jp_m_textile_cotton_plain_w1_co.paa, stage 0: texel size used 0.00192125, max 0.00390625, min 0.0019211
</model>
Convert model P:\JP\furniture\tier\jp_f_yumi_rack_wall_empty.p3d -> D:\DayZ-Server_AI-20260907-MultiMap\japan_dev\spikes\L1\_build\binarized\tier\jp_f_yumi_rack_wall_empty.p3d
<model = "P:\JP\furniture\tier\jp_f_yumi_rack_wall_empty.p3d">
UV mapping too varied on jp\common\materials\textile\jp_m_textile_cotton_plain_w2_co.paa, stage 0: texel size used 0.00192127, max 0.00390625, min 0.00192119
</model>

FileServer MaxCacheSize = 23987 MB
No entry '.CfgAmmo'.
No entry '.CfgNonAIVehicles'.
No entry '.CfgWeapons'.
No entry '.CfgMagazines'.
Warning: CfgVehicles missing in PreloadConfig - may slow down vehicle creation
No entry '.CfgDefaultSettings'.
No entry '.defaultVisibility'.
Trying to access error value.
No entry '.CfgDefaultSettings'.
No entry '.defaultTerrainGrid'.
Trying to access error value.
No entry '.CfgDefaultSettings'.
No entry '.defaultObjectViewDistance'.
Trying to access error value.
No entry '.CfgDefaultSettings'.
No entry '.hazeDefaultDistance'.
Trying to access error value.
No entry '.CfgWorlds'.
No entry '.DefaultWorld'.
No entry '.skyTexture'.
Trying to access error value.
No entry '.CfgWorlds'.
No entry '.DefaultWorld'.
No entry '.skyTextureR'.
Trying to access error value.
DIAG-SERIALIZED BoundingCenter of p:\jp\furniture\tier\jp_f_fallen_leaf_fusuma.p3d: 0.00,0.00
DIAG-SERIALIZED BoundingCenter of p:\jp\furniture\tier\jp_f_fallen_leaf_fusuma_torn.p3d: 0.00,0.00
DIAG-SERIALIZED BoundingCenter of p:\jp\furniture\tier\jp_f_fallen_leaf_shoji.p3d: 0.00,0.00
DIAG-SERIALIZED BoundingCenter of p:\jp\furniture\tier\jp_f_fallen_leaf_shoji_broken.p3d: 0.19,-0.01
DIAG-SERIALIZED BoundingCenter of p:\jp\furniture\tier\jp_f_katanakake_stand.p3d: 0.00,0.00
DIAG-SERIALIZED BoundingCenter of p:\jp\furniture\tier\jp_f_katanakake_stand_empty.p3d: 0.00,0.00
DIAG-SERIALIZED BoundingCenter of p:\jp\furniture\tier\jp_f_katanakake_wall.p3d: 0.09,0.06
DIAG-SERIALIZED BoundingCenter of p:\jp\furniture\tier\jp_f_katanakake_wall_empty.p3d: 0.00,0.28
DIAG-SERIALIZED BoundingCenter of p:\jp\furniture\tier\jp_f_manger_cutter.p3d: -0.02,0.13
DIAG-SERIALIZED BoundingCenter of p:\jp\furniture\tier\jp_f_manger_straw.p3d: -0.02,0.02
DIAG-SERIALIZED BoundingCenter of p:\jp\furniture\tier\jp_f_manger_straw_rotted.p3d: -0.02,0.02
DIAG-SERIALIZED BoundingCenter of p:\jp\furniture\tier\jp_f_manger_trough.p3d: 0.00,0.00
DIAG-SERIALIZED BoundingCenter of p:\jp\furniture\tier\jp_f_manger_trough_empty.p3d: 0.00,0.00
DIAG-SERIALIZED BoundingCenter of p:\jp\furniture\tier\jp_f_tea_broken.p3d: -0.11,0.10
DIAG-SERIALIZED BoundingCenter of p:\jp\furniture\tier\jp_f_tea_dobin.p3d: 0.00,-0.00
DIAG-SERIALIZED BoundingCenter of p:\jp\furniture\tier\jp_f_tea_matcha.p3d: 0.00,0.00
DIAG-SERIALIZED BoundingCenter of p:\jp\furniture\tier\jp_f_yoroibitsu.p3d: 0.00,0.00
DIAG-SERIALIZED BoundingCenter of p:\jp\furniture\tier\jp_f_yoroibitsu_open.p3d: 0.00,0.00
DIAG-SERIALIZED BoundingCenter of p:\jp\furniture\tier\jp_f_yoroibitsu_plain.p3d: 0.00,0.00
DIAG-SERIALIZED BoundingCenter of p:\jp\furniture\tier\jp_f_yumi_rack_stand.p3d: 0.00,0.00
DIAG-SERIALIZED BoundingCenter of p:\jp\furniture\tier\jp_f_yumi_rack_wall.p3d: -0.00,0.06
DIAG-SERIALIZED BoundingCenter of p:\jp\furniture\tier\jp_f_yumi_rack_wall_empty.p3d: -0.00,0.06

C:\Program Files (x86)\Steam\steamapps\common\DayZ Tools\Bin\Binarize\binarize.exe -always -addon=P:\JP\furniture -binpath=P:\bin P:\JP\furniture\wall D:\DayZ-Server_AI-20260907-MultiMap\japan_dev\spikes\L1\_build\binarized\wall *.p3d

BINARIZE rev.163709
"C:\Program Files (x86)\Steam\steamapps\common\DayZ Tools\Bin\Binarize\binarize.exe" -always -addon=P:\JP\furniture -binpath=P:\bin P:\JP\furniture\wall D:\DayZ-Server_AI-20260907-MultiMap\japan_dev\spikes\L1\_build\binarized\wall *.p3d
Binarize started
Note: 'HouseNoDestruct' is declared, but definition was not found. Creating empty class (source: P:\JP\furniture\config.cpp)
Distance 0.0 - min grid 3.125, Slowdown CPU factor 0.0 (max. 0.0), memory required 0.0 MB (max 8063.6 MB)
Distance 0.0 - min grid 3.125, Slowdown CPU factor 0.0 (max. 0.0), memory required 0.0 MB (max 8063.6 MB)
Warning: Terrain grid 0.5 will be too slow, should use 3.1
Convert model P:\JP\furniture\wall\jp_f_bangasa_hung.p3d -> D:\DayZ-Server_AI-20260907-MultiMap\japan_dev\spikes\L1\_build\binarized\wall\jp_f_bangasa_hung.p3d
<model = "P:\JP\furniture\wall\jp_f_bangasa_hung.p3d">
UV mapping too varied on jp\common\materials\straw\jp_m_straw_rope_w1_co.paa, stage 0: texel size used 0.00192928, max 0.00390625, min 0.00192697
</model>
Convert model P:\JP\furniture\wall\jp_f_bangasa_leaning.p3d -> D:\DayZ-Server_AI-20260907-MultiMap\japan_dev\spikes\L1\_build\binarized\wall\jp_f_bangasa_leaning.p3d
<model = "P:\JP\furniture\wall\jp_f_bangasa_leaning.p3d">
</model>
Convert model P:\JP\furniture\wall\jp_f_bangasa_open_torn.p3d -> D:\DayZ-Server_AI-20260907-MultiMap\japan_dev\spikes\L1\_build\binarized\wall\jp_f_bangasa_open_torn.p3d
<model = "P:\JP\furniture\wall\jp_f_bangasa_open_torn.p3d">
</model>
Convert model P:\JP\furniture\wall\jp_f_chochin_crest.p3d -> D:\DayZ-Server_AI-20260907-MultiMap\japan_dev\spikes\L1\_build\binarized\wall\jp_f_chochin_crest.p3d
<model = "P:\JP\furniture\wall\jp_f_chochin_crest.p3d">
UV mapping too varied on jp\common\materials\straw\jp_m_straw_rope_w1_co.paa, stage 0: texel size used 0.00192761, max 0.00390625, min 0.00192761
</model>
Convert model P:\JP\furniture\wall\jp_f_chochin_crest2.p3d -> D:\DayZ-Server_AI-20260907-MultiMap\japan_dev\spikes\L1\_build\binarized\wall\jp_f_chochin_crest2.p3d
<model = "P:\JP\furniture\wall\jp_f_chochin_crest2.p3d">
UV mapping too varied on jp\common\materials\straw\jp_m_straw_rope_w1_co.paa, stage 0: texel size used 0.00192821, max 0.00390625, min 0.00192821
</model>
Convert model P:\JP\furniture\wall\jp_f_chochin_fallen.p3d -> D:\DayZ-Server_AI-20260907-MultiMap\japan_dev\spikes\L1\_build\binarized\wall\jp_f_chochin_fallen.p3d
<model = "P:\JP\furniture\wall\jp_f_chochin_fallen.p3d">
</model>
Convert model P:\JP\furniture\wall\jp_f_chochin_shop.p3d -> D:\DayZ-Server_AI-20260907-MultiMap\japan_dev\spikes\L1\_build\binarized\wall\jp_f_chochin_shop.p3d
<model = "P:\JP\furniture\wall\jp_f_chochin_shop.p3d">
UV mapping too varied on jp\common\materials\straw\jp_m_straw_rope_w1_co.paa, stage 0: texel size used 0.00192761, max 0.00390625, min 0.00192761
</model>
Convert model P:\JP\furniture\wall\jp_f_chochin_shop2.p3d -> D:\DayZ-Server_AI-20260907-MultiMap\japan_dev\spikes\L1\_build\binarized\wall\jp_f_chochin_shop2.p3d
<model = "P:\JP\furniture\wall\jp_f_chochin_shop2.p3d">
UV mapping too varied on jp\common\materials\straw\jp_m_straw_rope_w1_co.paa, stage 0: texel size used 0.00192761, max 0.00390625, min 0.00192761
</model>
Convert model P:\JP\furniture\wall\jp_f_chochin_torn.p3d -> D:\DayZ-Server_AI-20260907-MultiMap\japan_dev\spikes\L1\_build\binarized\wall\jp_f_chochin_torn.p3d
<model = "P:\JP\furniture\wall\jp_f_chochin_torn.p3d">
UV mapping too varied on jp\common\materials\straw\jp_m_straw_rope_w1_co.paa, stage 0: texel size used 0.00192755, max 0.00390625, min 0.00192755
</model>
Convert model P:\JP\furniture\wall\jp_f_drying_chilli.p3d -> D:\DayZ-Server_AI-20260907-MultiMap\japan_dev\spikes\L1\_build\binarized\wall\jp_f_drying_chilli.p3d
<model = "P:\JP\furniture\wall\jp_f_drying_chilli.p3d">
UV mapping too varied on jp\common\materials\straw\jp_m_straw_rope_w1_co.paa, stage 0: texel size used 0.00192838, max 0.00390625, min 0.0019272
</model>
Convert model P:\JP\furniture\wall\jp_f_drying_daikon.p3d -> D:\DayZ-Server_AI-20260907-MultiMap\japan_dev\spikes\L1\_build\binarized\wall\jp_f_drying_daikon.p3d
<model = "P:\JP\furniture\wall\jp_f_drying_daikon.p3d">
UV mapping too varied on jp\common\materials\straw\jp_m_straw_rope_w1_co.paa, stage 0: texel size used 0.00192811, max 0.00390625, min 0.0019281
</model>
Convert model P:\JP\furniture\wall\jp_f_drying_daikon_shrivelled.p3d -> D:\DayZ-Server_AI-20260907-MultiMap\japan_dev\spikes\L1\_build\binarized\wall\jp_f_drying_daikon_shrivelled.p3d
<model = "P:\JP\furniture\wall\jp_f_drying_daikon_shrivelled.p3d">
UV mapping too varied on jp\common\materials\straw\jp_m_straw_rope_w1_co.paa, stage 0: texel size used 0.00192809, max 0.00390625, min 0.00192808
</model>
Convert model P:\JP\furniture\wall\jp_f_drying_fish.p3d -> D:\DayZ-Server_AI-20260907-MultiMap\japan_dev\spikes\L1\_build\binarized\wall\jp_f_drying_fish.p3d
<model = "P:\JP\furniture\wall\jp_f_drying_fish.p3d">
UV mapping too varied on jp\common\materials\straw\jp_m_straw_rope_w1_co.paa, stage 0: texel size used 0.00192896, max 0.00390625, min 0.00192644
</model>
Convert model P:\JP\furniture\wall\jp_f_fire_gear.p3d -> D:\DayZ-Server_AI-20260907-MultiMap\japan_dev\spikes\L1\_build\binarized\wall\jp_f_fire_gear.p3d
<model = "P:\JP\furniture\wall\jp_f_fire_gear.p3d">
</model>
Convert model P:\JP\furniture\wall\jp_f_fire_gear_buckets.p3d -> D:\DayZ-Server_AI-20260907-MultiMap\japan_dev\spikes\L1\_build\binarized\wall\jp_f_fire_gear_buckets.p3d
<model = "P:\JP\furniture\wall\jp_f_fire_gear_buckets.p3d">
</model>
Convert model P:\JP\furniture\wall\jp_f_fire_gear_fallen.p3d -> D:\DayZ-Server_AI-20260907-MultiMap\japan_dev\spikes\L1\_build\binarized\wall\jp_f_fire_gear_fallen.p3d
<model = "P:\JP\furniture\wall\jp_f_fire_gear_fallen.p3d">
</model>
Convert model P:\JP\furniture\wall\jp_f_hoshigaki_3.p3d -> D:\DayZ-Server_AI-20260907-MultiMap\japan_dev\spikes\L1\_build\binarized\wall\jp_f_hoshigaki_3.p3d
<model = "P:\JP\furniture\wall\jp_f_hoshigaki_3.p3d">
UV mapping too varied on jp\common\materials\straw\jp_m_straw_rope_w1_co.paa, stage 0: texel size used 0.00193041, max 0.00390625, min 0.00192394
</model>
Convert model P:\JP\furniture\wall\jp_f_hoshigaki_5.p3d -> D:\DayZ-Server_AI-20260907-MultiMap\japan_dev\spikes\L1\_build\binarized\wall\jp_f_hoshigaki_5.p3d
<model = "P:\JP\furniture\wall\jp_f_hoshigaki_5.p3d">
UV mapping too varied on jp\common\materials\straw\jp_m_straw_rope_w1_co.paa, stage 0: texel size used 0.00193162, max 0.00390625, min 0.00192399
</model>
Convert model P:\JP\furniture\wall\jp_f_hoshigaki_rotten.p3d -> D:\DayZ-Server_AI-20260907-MultiMap\japan_dev\spikes\L1\_build\binarized\wall\jp_f_hoshigaki_rotten.p3d
<model = "P:\JP\furniture\wall\jp_f_hoshigaki_rotten.p3d">
UV mapping too varied on jp\common\materials\straw\jp_m_straw_rope_w1_co.paa, stage 0: texel size used 0.00193044, max 0.00390625, min 0.00192413
</model>
Convert model P:\JP\furniture\wall\jp_f_kaya_bundle.p3d -> D:\DayZ-Server_AI-20260907-MultiMap\japan_dev\spikes\L1\_build\binarized\wall\jp_f_kaya_bundle.p3d
<model = "P:\JP\furniture\wall\jp_f_kaya_bundle.p3d">
</model>
Convert model P:\JP\furniture\wall\jp_f_kaya_draped.p3d -> D:\DayZ-Server_AI-20260907-MultiMap\japan_dev\spikes\L1\_build\binarized\wall\jp_f_kaya_draped.p3d
<model = "P:\JP\furniture\wall\jp_f_kaya_draped.p3d">
UV mapping too varied on jp\common\materials\straw\jp_m_straw_rope_w1_co.paa, stage 0: texel size used 0.0019297, max 0.00390625, min 0.00192591
</model>
Convert model P:\JP\furniture\wall\jp_f_kaya_loose.p3d -> D:\DayZ-Server_AI-20260907-MultiMap\japan_dev\spikes\L1\_build\binarized\wall\jp_f_kaya_loose.p3d
<model = "P:\JP\furniture\wall\jp_f_kaya_loose.p3d">
UV mapping too varied on jp\common\materials\straw\jp_m_straw_rope_w1_co.paa, stage 0: texel size used 0.00193175, max 0.00390625, min 0.00192392
</model>
Convert model P:\JP\furniture\wall\jp_f_koyomi.p3d -> D:\DayZ-Server_AI-20260907-MultiMap\japan_dev\spikes\L1\_build\binarized\wall\jp_f_koyomi.p3d
<model = "P:\JP\furniture\wall\jp_f_koyomi.p3d">
</model>
Convert model P:\JP\furniture\wall\jp_f_koyomi_curled.p3d -> D:\DayZ-Server_AI-20260907-MultiMap\japan_dev\spikes\L1\_build\binarized\wall\jp_f_koyomi_curled.p3d
<model = "P:\JP\furniture\wall\jp_f_koyomi_curled.p3d">
</model>
Convert model P:\JP\furniture\wall\jp_f_mino_pegs.p3d -> D:\DayZ-Server_AI-20260907-MultiMap\japan_dev\spikes\L1\_build\binarized\wall\jp_f_mino_pegs.p3d
<model = "P:\JP\furniture\wall\jp_f_mino_pegs.p3d">
UV mapping too varied on jp\common\materials\straw\jp_m_straw_rope_w1_co.paa, stage 0: texel size used 0.00192739, max 0.00390625, min 0.00192736
</model>
Convert model P:\JP\furniture\wall\jp_f_mino_pegs_fallen.p3d -> D:\DayZ-Server_AI-20260907-MultiMap\japan_dev\spikes\L1\_build\binarized\wall\jp_f_mino_pegs_fallen.p3d
<model = "P:\JP\furniture\wall\jp_f_mino_pegs_fallen.p3d">
UV mapping too varied on jp\common\materials\straw\jp_m_straw_rope_w1_co.paa, stage 0: texel size used 0.00192944, max 0.00390625, min 0.00192602
</model>
Convert model P:\JP\furniture\wall\jp_f_mino_pegs_rain.p3d -> D:\DayZ-Server_AI-20260907-MultiMap\japan_dev\spikes\L1\_build\binarized\wall\jp_f_mino_pegs_rain.p3d
<model = "P:\JP\furniture\wall\jp_f_mino_pegs_rain.p3d">
UV mapping too varied on jp\common\materials\straw\jp_m_straw_rope_w1_co.paa, stage 0: texel size used 0.00192937, max 0.00390625, min 0.00192633
</model>
Convert model P:\JP\furniture\wall\jp_f_noren_inner_2.p3d -> D:\DayZ-Server_AI-20260907-MultiMap\japan_dev\spikes\L1\_build\binarized\wall\jp_f_noren_inner_2.p3d
<model = "P:\JP\furniture\wall\jp_f_noren_inner_2.p3d">
</model>
Convert model P:\JP\furniture\wall\jp_f_noren_inner_3.p3d -> D:\DayZ-Server_AI-20260907-MultiMap\japan_dev\spikes\L1\_build\binarized\wall\jp_f_noren_inner_3.p3d
<model = "P:\JP\furniture\wall\jp_f_noren_inner_3.p3d">
</model>
Convert model P:\JP\furniture\wall\jp_f_noren_inner_torn.p3d -> D:\DayZ-Server_AI-20260907-MultiMap\japan_dev\spikes\L1\_build\binarized\wall\jp_f_noren_inner_torn.p3d
<model = "P:\JP\furniture\wall\jp_f_noren_inner_torn.p3d">
</model>
Convert model P:\JP\furniture\wall\jp_f_ofuda_akiba.p3d -> D:\DayZ-Server_AI-20260907-MultiMap\japan_dev\spikes\L1\_build\binarized\wall\jp_f_ofuda_akiba.p3d
<model = "P:\JP\furniture\wall\jp_f_ofuda_akiba.p3d">
</model>
Convert model P:\JP\furniture\wall\jp_f_ofuda_row.p3d -> D:\DayZ-Server_AI-20260907-MultiMap\japan_dev\spikes\L1\_build\binarized\wall\jp_f_ofuda_row.p3d
<model = "P:\JP\furniture\wall\jp_f_ofuda_row.p3d">
</model>
Convert model P:\JP\furniture\wall\jp_f_ofuda_single.p3d -> D:\DayZ-Server_AI-20260907-MultiMap\japan_dev\spikes\L1\_build\binarized\wall\jp_f_ofuda_single.p3d
<model = "P:\JP\furniture\wall\jp_f_ofuda_single.p3d">
</model>
Convert model P:\JP\furniture\wall\jp_f_ofuda_torn.p3d -> D:\DayZ-Server_AI-20260907-MultiMap\japan_dev\spikes\L1\_build\binarized\wall\jp_f_ofuda_torn.p3d
<model = "P:\JP\furniture\wall\jp_f_ofuda_torn.p3d">
</model>
Convert model P:\JP\furniture\wall\jp_f_rope_pegs_2.p3d -> D:\DayZ-Server_AI-20260907-MultiMap\japan_dev\spikes\L1\_build\binarized\wall\jp_f_rope_pegs_2.p3d
<model = "P:\JP\furniture\wall\jp_f_rope_pegs_2.p3d">
</model>
Convert model P:\JP\furniture\wall\jp_f_rope_pegs_3.p3d -> D:\DayZ-Server_AI-20260907-MultiMap\japan_dev\spikes\L1\_build\binarized\wall\jp_f_rope_pegs_3.p3d
<model = "P:\JP\furniture\wall\jp_f_rope_pegs_3.p3d">
</model>
Convert model P:\JP\furniture\wall\jp_f_rope_pegs_fallen.p3d -> D:\DayZ-Server_AI-20260907-MultiMap\japan_dev\spikes\L1\_build\binarized\wall\jp_f_rope_pegs_fallen.p3d
<model = "P:\JP\furniture\wall\jp_f_rope_pegs_fallen.p3d">
</model>
Convert model P:\JP\furniture\wall\jp_f_sandals_hung_beam.p3d -> D:\DayZ-Server_AI-20260907-MultiMap\japan_dev\spikes\L1\_build\binarized\wall\jp_f_sandals_hung_beam.p3d
<model = "P:\JP\furniture\wall\jp_f_sandals_hung_beam.p3d">
</model>
Convert model P:\JP\furniture\wall\jp_f_sandals_hung_fallen.p3d -> D:\DayZ-Server_AI-20260907-MultiMap\japan_dev\spikes\L1\_build\binarized\wall\jp_f_sandals_hung_fallen.p3d
<model = "P:\JP\furniture\wall\jp_f_sandals_hung_fallen.p3d">
UV mapping too varied on jp\common\materials\straw\jp_m_straw_rope_w1_co.paa, stage 0: texel size used 0.00192838, max 0.00390625, min 0.0019263
UV mapping too varied on jp\common\materials\wood\jp_m_wood_interior_w2_co.paa, stage 0: texel size used 0.000781254, max 0.00195338, min 0.000781254
</model>
Convert model P:\JP\furniture\wall\jp_f_sandals_hung_wall.p3d -> D:\DayZ-Server_AI-20260907-MultiMap\japan_dev\spikes\L1\_build\binarized\wall\jp_f_sandals_hung_wall.p3d
<model = "P:\JP\furniture\wall\jp_f_sandals_hung_wall.p3d">
UV mapping too varied on jp\common\materials\wood\jp_m_wood_interior_w2_co.paa, stage 0: texel size used 0.000781068, max 0.00195626, min 0.000781068
</model>
Convert model P:\JP\furniture\wall\jp_f_tool_wall.p3d -> D:\DayZ-Server_AI-20260907-MultiMap\japan_dev\spikes\L1\_build\binarized\wall\jp_f_tool_wall.p3d
<model = "P:\JP\furniture\wall\jp_f_tool_wall.p3d">
UV mapping too varied on jp\common\materials\straw\jp_m_straw_rope_w1_co.paa, stage 0: texel size used 0.00192905, max 0.00390625, min 0.00192632
</model>
Convert model P:\JP\furniture\wall\jp_f_tool_wall_taken.p3d -> D:\DayZ-Server_AI-20260907-MultiMap\japan_dev\spikes\L1\_build\binarized\wall\jp_f_tool_wall_taken.p3d
<model = "P:\JP\furniture\wall\jp_f_tool_wall_taken.p3d">
UV mapping too varied on jp\common\materials\straw\jp_m_straw_rope_w1_co.paa, stage 0: texel size used 0.00192751, max 0.00390625, min 0.0019275
</model>
Convert model P:\JP\furniture\wall\jp_f_tool_wall_wood.p3d -> D:\DayZ-Server_AI-20260907-MultiMap\japan_dev\spikes\L1\_build\binarized\wall\jp_f_tool_wall_wood.p3d
<model = "P:\JP\furniture\wall\jp_f_tool_wall_wood.p3d">
</model>
Convert model P:\JP\furniture\wall\jp_f_utensil_board.p3d -> D:\DayZ-Server_AI-20260907-MultiMap\japan_dev\spikes\L1\_build\binarized\wall\jp_f_utensil_board.p3d
<model = "P:\JP\furniture\wall\jp_f_utensil_board.p3d">
UV mapping too varied on jp\common\materials\wood\jp_m_wood_interior_w2_co.paa, stage 0: texel size used 0.000819304, max 0.00195785, min 0.000741303
</model>
Convert model P:\JP\furniture\wall\jp_f_utensil_board_fallen.p3d -> D:\DayZ-Server_AI-20260907-MultiMap\japan_dev\spikes\L1\_build\binarized\wall\jp_f_utensil_board_fallen.p3d
<model = "P:\JP\furniture\wall\jp_f_utensil_board_fallen.p3d">
UV mapping too varied on jp\common\materials\wood\jp_m_wood_interior_w2_co.paa, stage 0: texel size used 0.000819394, max 0.00195759, min 0.000741182
</model>
Convert model P:\JP\furniture\wall\jp_f_utensil_board_small.p3d -> D:\DayZ-Server_AI-20260907-MultiMap\japan_dev\spikes\L1\_build\binarized\wall\jp_f_utensil_board_small.p3d
<model = "P:\JP\furniture\wall\jp_f_utensil_board_small.p3d">
</model>

FileServer MaxCacheSize = 23987 MB
No entry '.CfgAmmo'.
No entry '.CfgNonAIVehicles'.
No entry '.CfgWeapons'.
No entry '.CfgMagazines'.
Warning: CfgVehicles missing in PreloadConfig - may slow down vehicle creation
No entry '.CfgDefaultSettings'.
No entry '.defaultVisibility'.
Trying to access error value.
No entry '.CfgDefaultSettings'.
No entry '.defaultTerrainGrid'.
Trying to access error value.
No entry '.CfgDefaultSettings'.
No entry '.defaultObjectViewDistance'.
Trying to access error value.
No entry '.CfgDefaultSettings'.
No entry '.hazeDefaultDistance'.
Trying to access error value.
No entry '.CfgWorlds'.
No entry '.DefaultWorld'.
No entry '.skyTexture'.
Trying to access error value.
No entry '.CfgWorlds'.
No entry '.DefaultWorld'.
No entry '.skyTextureR'.
Trying to access error value.
DIAG-SERIALIZED BoundingCenter of p:\jp\furniture\wall\jp_f_bangasa_hung.p3d: 0.00,0.06
DIAG-SERIALIZED BoundingCenter of p:\jp\furniture\wall\jp_f_bangasa_leaning.p3d: 0.00,0.14
DIAG-SERIALIZED BoundingCenter of p:\jp\furniture\wall\jp_f_bangasa_open_torn.p3d: -0.00,0.00
DIAG-SERIALIZED BoundingCenter of p:\jp\furniture\wall\jp_f_chochin_crest.p3d: 0.00,0.00
DIAG-SERIALIZED BoundingCenter of p:\jp\furniture\wall\jp_f_chochin_crest2.p3d: 0.00,0.00
DIAG-SERIALIZED BoundingCenter of p:\jp\furniture\wall\jp_f_chochin_fallen.p3d: 0.10,0.11
DIAG-SERIALIZED BoundingCenter of p:\jp\furniture\wall\jp_f_chochin_shop.p3d: 0.00,0.00
DIAG-SERIALIZED BoundingCenter of p:\jp\furniture\wall\jp_f_chochin_shop2.p3d: 0.00,0.00
DIAG-SERIALIZED BoundingCenter of p:\jp\furniture\wall\jp_f_chochin_torn.p3d: 0.04,-0.02
DIAG-SERIALIZED BoundingCenter of p:\jp\furniture\wall\jp_f_drying_chilli.p3d: 0.00,-0.00
DIAG-SERIALIZED BoundingCenter of p:\jp\furniture\wall\jp_f_drying_daikon.p3d: 0.00,0.00
DIAG-SERIALIZED BoundingCenter of p:\jp\furniture\wall\jp_f_drying_daikon_shrivelled.p3d: 0.00,0.00
DIAG-SERIALIZED BoundingCenter of p:\jp\furniture\wall\jp_f_drying_fish.p3d: 0.00,-0.00
DIAG-SERIALIZED BoundingCenter of p:\jp\furniture\wall\jp_f_fire_gear.p3d: 0.06,0.15
DIAG-SERIALIZED BoundingCenter of p:\jp\furniture\wall\jp_f_fire_gear_buckets.p3d: 0.00,0.14
DIAG-SERIALIZED BoundingCenter of p:\jp\furniture\wall\jp_f_fire_gear_fallen.p3d: 0.11,0.39
DIAG-SERIALIZED BoundingCenter of p:\jp\furniture\wall\jp_f_hoshigaki_3.p3d: 0.00,0.00
DIAG-SERIALIZED BoundingCenter of p:\jp\furniture\wall\jp_f_hoshigaki_5.p3d: 0.00,0.00
DIAG-SERIALIZED BoundingCenter of p:\jp\furniture\wall\jp_f_hoshigaki_rotten.p3d: 0.00,0.00
DIAG-SERIALIZED BoundingCenter of p:\jp\furniture\wall\jp_f_kaya_bundle.p3d: 0.00,0.03
DIAG-SERIALIZED BoundingCenter of p:\jp\furniture\wall\jp_f_kaya_draped.p3d: 0.00,-0.00
DIAG-SERIALIZED BoundingCenter of p:\jp\furniture\wall\jp_f_kaya_loose.p3d: 0.06,-0.00
DIAG-SERIALIZED BoundingCenter of p:\jp\furniture\wall\jp_f_koyomi.p3d: 0.00,0.01
DIAG-SERIALIZED BoundingCenter of p:\jp\furniture\wall\jp_f_koyomi_curled.p3d: 0.00,0.04
DIAG-SERIALIZED BoundingCenter of p:\jp\furniture\wall\jp_f_mino_pegs.p3d: -0.03,0.09
DIAG-SERIALIZED BoundingCenter of p:\jp\furniture\wall\jp_f_mino_pegs_fallen.p3d: 0.14,0.34
DIAG-SERIALIZED BoundingCenter of p:\jp\furniture\wall\jp_f_mino_pegs_rain.p3d: -0.13,0.09
DIAG-SERIALIZED BoundingCenter of p:\jp\furniture\wall\jp_f_noren_inner_2.p3d: 0.00,0.01
DIAG-SERIALIZED BoundingCenter of p:\jp\furniture\wall\jp_f_noren_inner_3.p3d: 0.00,0.01
DIAG-SERIALIZED BoundingCenter of p:\jp\furniture\wall\jp_f_noren_inner_torn.p3d: 0.00,0.01
DIAG-SERIALIZED BoundingCenter of p:\jp\furniture\wall\jp_f_ofuda_akiba.p3d: 0.00,0.00
DIAG-SERIALIZED BoundingCenter of p:\jp\furniture\wall\jp_f_ofuda_row.p3d: -0.00,0.00
DIAG-SERIALIZED BoundingCenter of p:\jp\furniture\wall\jp_f_ofuda_single.p3d: 0.00,0.00
DIAG-SERIALIZED BoundingCenter of p:\jp\furniture\wall\jp_f_ofuda_torn.p3d: 0.00,0.03
DIAG-SERIALIZED BoundingCenter of p:\jp\furniture\wall\jp_f_rope_pegs_2.p3d: 0.01,0.07
DIAG-SERIALIZED BoundingCenter of p:\jp\furniture\wall\jp_f_rope_pegs_3.p3d: 0.00,0.07
DIAG-SERIALIZED BoundingCenter of p:\jp\furniture\wall\jp_f_rope_pegs_fallen.p3d: 0.17,0.32
DIAG-SERIALIZED BoundingCenter of p:\jp\furniture\wall\jp_f_sandals_hung_beam.p3d: -0.00,0.04
DIAG-SERIALIZED BoundingCenter of p:\jp\furniture\wall\jp_f_sandals_hung_fallen.p3d: -0.12,0.33
DIAG-SERIALIZED BoundingCenter of p:\jp\furniture\wall\jp_f_sandals_hung_wall.p3d: -0.01,0.07
DIAG-SERIALIZED BoundingCenter of p:\jp\furniture\wall\jp_f_tool_wall.p3d: 0.00,0.07
DIAG-SERIALIZED BoundingCenter of p:\jp\furniture\wall\jp_f_tool_wall_taken.p3d: -0.05,0.34
DIAG-SERIALIZED BoundingCenter of p:\jp\furniture\wall\jp_f_tool_wall_wood.p3d: 0.00,0.06
DIAG-SERIALIZED BoundingCenter of p:\jp\furniture\wall\jp_f_utensil_board.p3d: 0.00,0.06
DIAG-SERIALIZED BoundingCenter of p:\jp\furniture\wall\jp_f_utensil_board_fallen.p3d: 0.00,0.33
DIAG-SERIALIZED BoundingCenter of p:\jp\furniture\wall\jp_f_utensil_board_small.p3d: 0.00,0.06

C:\Program Files (x86)\Steam\steamapps\common\DayZ Tools\Bin\Binarize\binarize.exe -always -addon=P:\JP\furniture -binpath=P:\bin P:\JP\furniture\work D:\DayZ-Server_AI-20260907-MultiMap\japan_dev\spikes\L1\_build\binarized\work *.p3d

BINARIZE rev.163709
"C:\Program Files (x86)\Steam\steamapps\common\DayZ Tools\Bin\Binarize\binarize.exe" -always -addon=P:\JP\furniture -binpath=P:\bin P:\JP\furniture\work D:\DayZ-Server_AI-20260907-MultiMap\japan_dev\spikes\L1\_build\binarized\work *.p3d
Binarize started
Note: 'HouseNoDestruct' is declared, but definition was not found. Creating empty class (source: P:\JP\furniture\config.cpp)
Distance 0.0 - min grid 3.125, Slowdown CPU factor 0.0 (max. 0.0), memory required 0.0 MB (max 8063.6 MB)
Distance 0.0 - min grid 3.125, Slowdown CPU factor 0.0 (max. 0.0), memory required 0.0 MB (max 8063.6 MB)
Warning: Terrain grid 0.5 will be too slow, should use 3.1
Convert model P:\JP\furniture\work\jp_f_choba_set_desk.p3d -> D:\DayZ-Server_AI-20260907-MultiMap\japan_dev\spikes\L1\_build\binarized\work\jp_f_choba_set_desk.p3d
<model = "P:\JP\furniture\work\jp_f_choba_set_desk.p3d">
</model>
Convert model P:\JP\furniture\work\jp_f_choba_set_scattered.p3d -> D:\DayZ-Server_AI-20260907-MultiMap\japan_dev\spikes\L1\_build\binarized\work\jp_f_choba_set_scattered.p3d
<model = "P:\JP\furniture\work\jp_f_choba_set_scattered.p3d">
</model>
Convert model P:\JP\furniture\work\jp_f_choba_set_tenbin.p3d -> D:\DayZ-Server_AI-20260907-MultiMap\japan_dev\spikes\L1\_build\binarized\work\jp_f_choba_set_tenbin.p3d
<model = "P:\JP\furniture\work\jp_f_choba_set_tenbin.p3d">
UV mapping too varied on jp\common\materials\straw\jp_m_straw_rope_w1_co.paa, stage 0: texel size used 0.00193192, max 0.00390625, min 0.00192567
</model>
Convert model P:\JP\furniture\work\jp_f_choba_set_zenibako.p3d -> D:\DayZ-Server_AI-20260907-MultiMap\japan_dev\spikes\L1\_build\binarized\work\jp_f_choba_set_zenibako.p3d
<model = "P:\JP\furniture\work\jp_f_choba_set_zenibako.p3d">
</model>
Convert model P:\JP\furniture\work\jp_f_choba_set_zenibako_open.p3d -> D:\DayZ-Server_AI-20260907-MultiMap\japan_dev\spikes\L1\_build\binarized\work\jp_f_choba_set_zenibako_open.p3d
<model = "P:\JP\furniture\work\jp_f_choba_set_zenibako_open.p3d">
</model>
Convert model P:\JP\furniture\work\jp_f_itoguruma.p3d -> D:\DayZ-Server_AI-20260907-MultiMap\japan_dev\spikes\L1\_build\binarized\work\jp_f_itoguruma.p3d
<model = "P:\JP\furniture\work\jp_f_itoguruma.p3d">
</model>
Convert model P:\JP\furniture\work\jp_f_itoguruma_broken.p3d -> D:\DayZ-Server_AI-20260907-MultiMap\japan_dev\spikes\L1\_build\binarized\work\jp_f_itoguruma_broken.p3d
<model = "P:\JP\furniture\work\jp_f_itoguruma_broken.p3d">
</model>
Convert model P:\JP\furniture\work\jp_f_itoguruma_thread.p3d -> D:\DayZ-Server_AI-20260907-MultiMap\japan_dev\spikes\L1\_build\binarized\work\jp_f_itoguruma_thread.p3d
<model = "P:\JP\furniture\work\jp_f_itoguruma_thread.p3d">
</model>
Convert model P:\JP\furniture\work\jp_f_izaribata.p3d -> D:\DayZ-Server_AI-20260907-MultiMap\japan_dev\spikes\L1\_build\binarized\work\jp_f_izaribata.p3d
<model = "P:\JP\furniture\work\jp_f_izaribata.p3d">
</model>
Convert model P:\JP\furniture\work\jp_f_izaribata_bare.p3d -> D:\DayZ-Server_AI-20260907-MultiMap\japan_dev\spikes\L1\_build\binarized\work\jp_f_izaribata_bare.p3d
<model = "P:\JP\furniture\work\jp_f_izaribata_bare.p3d">
</model>
Convert model P:\JP\furniture\work\jp_f_izaribata_cut.p3d -> D:\DayZ-Server_AI-20260907-MultiMap\japan_dev\spikes\L1\_build\binarized\work\jp_f_izaribata_cut.p3d
<model = "P:\JP\furniture\work\jp_f_izaribata_cut.p3d">
</model>
Convert model P:\JP\furniture\work\jp_f_masu_set.p3d -> D:\DayZ-Server_AI-20260907-MultiMap\japan_dev\spikes\L1\_build\binarized\work\jp_f_masu_set.p3d
<model = "P:\JP\furniture\work\jp_f_masu_set.p3d">
</model>
Convert model P:\JP\furniture\work\jp_f_masu_spilled.p3d -> D:\DayZ-Server_AI-20260907-MultiMap\japan_dev\spikes\L1\_build\binarized\work\jp_f_masu_spilled.p3d
<model = "P:\JP\furniture\work\jp_f_masu_spilled.p3d">
</model>
Convert model P:\JP\furniture\work\jp_f_masu_to.p3d -> D:\DayZ-Server_AI-20260907-MultiMap\japan_dev\spikes\L1\_build\binarized\work\jp_f_masu_to.p3d
<model = "P:\JP\furniture\work\jp_f_masu_to.p3d">
</model>
Convert model P:\JP\furniture\work\jp_f_mi.p3d -> D:\DayZ-Server_AI-20260907-MultiMap\japan_dev\spikes\L1\_build\binarized\work\jp_f_mi.p3d
<model = "P:\JP\furniture\work\jp_f_mi.p3d">
</model>
Convert model P:\JP\furniture\work\jp_f_mi_furui.p3d -> D:\DayZ-Server_AI-20260907-MultiMap\japan_dev\spikes\L1\_build\binarized\work\jp_f_mi_furui.p3d
<model = "P:\JP\furniture\work\jp_f_mi_furui.p3d">
</model>
Convert model P:\JP\furniture\work\jp_f_mi_spilled.p3d -> D:\DayZ-Server_AI-20260907-MultiMap\japan_dev\spikes\L1\_build\binarized\work\jp_f_mi_spilled.p3d
<model = "P:\JP\furniture\work\jp_f_mi_spilled.p3d">
</model>
Convert model P:\JP\furniture\work\jp_f_mi_wall.p3d -> D:\DayZ-Server_AI-20260907-MultiMap\japan_dev\spikes\L1\_build\binarized\work\jp_f_mi_wall.p3d
<model = "P:\JP\furniture\work\jp_f_mi_wall.p3d">
</model>
Convert model P:\JP\furniture\work\jp_f_straw_work_beating.p3d -> D:\DayZ-Server_AI-20260907-MultiMap\japan_dev\spikes\L1\_build\binarized\work\jp_f_straw_work_beating.p3d
<model = "P:\JP\furniture\work\jp_f_straw_work_beating.p3d">
</model>
Convert model P:\JP\furniture\work\jp_f_straw_work_sandal.p3d -> D:\DayZ-Server_AI-20260907-MultiMap\japan_dev\spikes\L1\_build\binarized\work\jp_f_straw_work_sandal.p3d
<model = "P:\JP\furniture\work\jp_f_straw_work_sandal.p3d">
UV mapping too varied on jp\common\materials\straw\jp_m_straw_rope_w1_co.paa, stage 0: texel size used 0.0019279, max 0.00390625, min 0.00178266
</model>
Convert model P:\JP\furniture\work\jp_f_straw_work_scattered.p3d -> D:\DayZ-Server_AI-20260907-MultiMap\japan_dev\spikes\L1\_build\binarized\work\jp_f_straw_work_scattered.p3d
<model = "P:\JP\furniture\work\jp_f_straw_work_scattered.p3d">
</model>
Convert model P:\JP\furniture\work\jp_f_usu.p3d -> D:\DayZ-Server_AI-20260907-MultiMap\japan_dev\spikes\L1\_build\binarized\work\jp_f_usu.p3d
<model = "P:\JP\furniture\work\jp_f_usu.p3d">
</model>
Convert model P:\JP\furniture\work\jp_f_usu_fallen.p3d -> D:\DayZ-Server_AI-20260907-MultiMap\japan_dev\spikes\L1\_build\binarized\work\jp_f_usu_fallen.p3d
<model = "P:\JP\furniture\work\jp_f_usu_fallen.p3d">
</model>
Convert model P:\JP\furniture\work\jp_f_usu_ishiusu.p3d -> D:\DayZ-Server_AI-20260907-MultiMap\japan_dev\spikes\L1\_build\binarized\work\jp_f_usu_ishiusu.p3d
<model = "P:\JP\furniture\work\jp_f_usu_ishiusu.p3d">
</model>
Convert model P:\JP\furniture\work\jp_f_usu_ishiusu_off.p3d -> D:\DayZ-Server_AI-20260907-MultiMap\japan_dev\spikes\L1\_build\binarized\work\jp_f_usu_ishiusu_off.p3d
<model = "P:\JP\furniture\work\jp_f_usu_ishiusu_off.p3d">
</model>
Convert model P:\JP\furniture\work\jp_f_usu_mallet.p3d -> D:\DayZ-Server_AI-20260907-MultiMap\japan_dev\spikes\L1\_build\binarized\work\jp_f_usu_mallet.p3d
<model = "P:\JP\furniture\work\jp_f_usu_mallet.p3d">
</model>
Convert model P:\JP\furniture\work\jp_f_writing_box.p3d -> D:\DayZ-Server_AI-20260907-MultiMap\japan_dev\spikes\L1\_build\binarized\work\jp_f_writing_box.p3d
<model = "P:\JP\furniture\work\jp_f_writing_box.p3d">
</model>
Convert model P:\JP\furniture\work\jp_f_writing_box_open.p3d -> D:\DayZ-Server_AI-20260907-MultiMap\japan_dev\spikes\L1\_build\binarized\work\jp_f_writing_box_open.p3d
<model = "P:\JP\furniture\work\jp_f_writing_box_open.p3d">
</model>
Convert model P:\JP\furniture\work\jp_f_writing_box_spilled.p3d -> D:\DayZ-Server_AI-20260907-MultiMap\japan_dev\spikes\L1\_build\binarized\work\jp_f_writing_box_spilled.p3d
<model = "P:\JP\furniture\work\jp_f_writing_box_spilled.p3d">
</model>

FileServer MaxCacheSize = 23987 MB
No entry '.CfgAmmo'.
No entry '.CfgNonAIVehicles'.
No entry '.CfgWeapons'.
No entry '.CfgMagazines'.
Warning: CfgVehicles missing in PreloadConfig - may slow down vehicle creation
No entry '.CfgDefaultSettings'.
No entry '.defaultVisibility'.
Trying to access error value.
No entry '.CfgDefaultSettings'.
No entry '.defaultTerrainGrid'.
Trying to access error value.
No entry '.CfgDefaultSettings'.
No entry '.defaultObjectViewDistance'.
Trying to access error value.
No entry '.CfgDefaultSettings'.
No entry '.hazeDefaultDistance'.
Trying to access error value.
No entry '.CfgWorlds'.
No entry '.DefaultWorld'.
No entry '.skyTexture'.
Trying to access error value.
No entry '.CfgWorlds'.
No entry '.DefaultWorld'.
No entry '.skyTextureR'.
Trying to access error value.
DIAG-SERIALIZED BoundingCenter of p:\jp\furniture\work\jp_f_choba_set_desk.p3d: 0.04,0.04
DIAG-SERIALIZED BoundingCenter of p:\jp\furniture\work\jp_f_choba_set_scattered.p3d: 0.02,0.27
DIAG-SERIALIZED BoundingCenter of p:\jp\furniture\work\jp_f_choba_set_tenbin.p3d: -0.00,0.00
DIAG-SERIALIZED BoundingCenter of p:\jp\furniture\work\jp_f_choba_set_zenibako.p3d: 0.00,0.00
DIAG-SERIALIZED BoundingCenter of p:\jp\furniture\work\jp_f_choba_set_zenibako_open.p3d: 0.00,0.00
DIAG-SERIALIZED BoundingCenter of p:\jp\furniture\work\jp_f_itoguruma.p3d: 0.00,0.00
DIAG-SERIALIZED BoundingCenter of p:\jp\furniture\work\jp_f_itoguruma_broken.p3d: 0.00,0.00
DIAG-SERIALIZED BoundingCenter of p:\jp\furniture\work\jp_f_itoguruma_thread.p3d: 0.00,0.00
DIAG-SERIALIZED BoundingCenter of p:\jp\furniture\work\jp_f_izaribata.p3d: 0.00,0.00
DIAG-SERIALIZED BoundingCenter of p:\jp\furniture\work\jp_f_izaribata_bare.p3d: 0.00,0.00
DIAG-SERIALIZED BoundingCenter of p:\jp\furniture\work\jp_f_izaribata_cut.p3d: 0.00,0.00
DIAG-SERIALIZED BoundingCenter of p:\jp\furniture\work\jp_f_masu_set.p3d: 0.14,0.05
DIAG-SERIALIZED BoundingCenter of p:\jp\furniture\work\jp_f_masu_spilled.p3d: 0.00,0.16
DIAG-SERIALIZED BoundingCenter of p:\jp\furniture\work\jp_f_masu_to.p3d: 0.00,-0.01
DIAG-SERIALIZED BoundingCenter of p:\jp\furniture\work\jp_f_mi.p3d: 0.00,0.00
DIAG-SERIALIZED BoundingCenter of p:\jp\furniture\work\jp_f_mi_furui.p3d: 0.00,0.00
DIAG-SERIALIZED BoundingCenter of p:\jp\furniture\work\jp_f_mi_spilled.p3d: -0.12,0.08
DIAG-SERIALIZED BoundingCenter of p:\jp\furniture\work\jp_f_mi_wall.p3d: 0.00,0.14
DIAG-SERIALIZED BoundingCenter of p:\jp\furniture\work\jp_f_straw_work_beating.p3d: 0.00,0.20
DIAG-SERIALIZED BoundingCenter of p:\jp\furniture\work\jp_f_straw_work_sandal.p3d: 0.13,0.14
DIAG-SERIALIZED BoundingCenter of p:\jp\furniture\work\jp_f_straw_work_scattered.p3d: 0.07,0.22
DIAG-SERIALIZED BoundingCenter of p:\jp\furniture\work\jp_f_usu.p3d: 0.00,0.00
DIAG-SERIALIZED BoundingCenter of p:\jp\furniture\work\jp_f_usu_fallen.p3d: 0.00,0.00
DIAG-SERIALIZED BoundingCenter of p:\jp\furniture\work\jp_f_usu_ishiusu.p3d: 0.00,0.00
DIAG-SERIALIZED BoundingCenter of p:\jp\furniture\work\jp_f_usu_ishiusu_off.p3d: 0.00,0.00
DIAG-SERIALIZED BoundingCenter of p:\jp\furniture\work\jp_f_usu_mallet.p3d: 0.00,0.00
DIAG-SERIALIZED BoundingCenter of p:\jp\furniture\work\jp_f_writing_box.p3d: 0.16,0.00
DIAG-SERIALIZED BoundingCenter of p:\jp\furniture\work\jp_f_writing_box_open.p3d: -0.00,0.00
DIAG-SERIALIZED BoundingCenter of p:\jp\furniture\work\jp_f_writing_box_spilled.p3d: 0.32,0.06

