OK   {'frontage': 2, 'region': 'kamigata', 'tori': 'left', 'position': 'end', 'free': 'left'} [5967, 2311, 922]
OK   {'frontage': 2, 'region': 'kamigata', 'tori': 'right', 'position': 'end', 'free': 'left'} [5673, 2321, 993]
OK   {'frontage': 2, 'region': 'kamigata', 'tori': 'left', 'position': 'end', 'free': 'right'} [5502, 2167, 874]
OK   {'frontage': 2, 'region': 'kamigata', 'tori': 'right', 'position': 'end', 'free': 'right'} [5790, 2157, 803]
OK   {'frontage': 2, 'region': 'kamigata', 'tori': 'left', 'position': 'middle'}      [4518, 1864, 664]
OK   {'frontage': 2, 'region': 'kamigata', 'tori': 'right', 'position': 'middle'}     [4512, 1864, 664]
OK   {'frontage': 2, 'region': 'kamigata', 'tori': 'left', 'position': 'corner', 'free': 'left'} [6336, 2407, 940]
OK   {'frontage': 2, 'region': 'kamigata', 'tori': 'right', 'position': 'corner', 'free': 'left'} [6470, 2549, 1042]
OK   {'frontage': 2, 'region': 'kamigata', 'tori': 'left', 'position': 'corner', 'free': 'right'} [6299, 2395, 923]
OK   {'frontage': 2, 'region': 'kamigata', 'tori': 'right', 'position': 'corner', 'free': 'right'} [6159, 2253, 821]
OK   {'frontage': 2, 'region': 'edo', 'tori': 'left', 'position': 'end', 'free': 'left'} [4799, 1823, 808]
OK   {'frontage': 2, 'region': 'edo', 'tori': 'right', 'position': 'end', 'free': 'left'} [4714, 1893, 886]
OK   {'frontage': 2, 'region': 'edo', 'tori': 'left', 'position': 'end', 'free': 'right'} [4575, 1782, 805]
OK   {'frontage': 2, 'region': 'edo', 'tori': 'right', 'position': 'end', 'free': 'right'} [4660, 1712, 727]
OK   {'frontage': 2, 'region': 'edo', 'tori': 'left', 'position': 'middle'}           [3616, 1501, 582]
OK   {'frontage': 2, 'region': 'edo', 'tori': 'right', 'position': 'middle'}          [3616, 1501, 582]
OK   {'frontage': 2, 'region': 'edo', 'tori': 'left', 'position': 'corner', 'free': 'left'} [4901, 1901, 838]
OK   {'frontage': 2, 'region': 'edo', 'tori': 'right', 'position': 'corner', 'free': 'left'} [5048, 2043, 940]
OK   {'frontage': 2, 'region': 'edo', 'tori': 'left', 'position': 'corner', 'free': 'right'} [4909, 1932, 859]
OK   {'frontage': 2, 'region': 'edo', 'tori': 'right', 'position': 'corner', 'free': 'right'} [4762, 1790, 757]
OK   {'frontage': 3, 'region': 'kamigata', 'tori': 'left', 'position': 'end', 'free': 'left'} [8089, 2919, 1072]
OK   {'frontage': 3, 'region': 'kamigata', 'tori': 'right', 'position': 'end', 'free': 'left'} [7795, 2929, 1143]
OK   {'frontage': 3, 'region': 'kamigata', 'tori': 'left', 'position': 'end', 'free': 'right'} [7624, 2775, 1024]
OK   {'frontage': 3, 'region': 'kamigata', 'tori': 'right', 'position': 'end', 'free': 'right'} [7912, 2765, 953]
OK   {'frontage': 3, 'region': 'kamigata', 'tori': 'left', 'position': 'middle'}      [6640, 2472, 814]
OK   {'frontage': 3, 'region': 'kamigata', 'tori': 'right', 'position': 'middle'}     [6634, 2472, 814]
OK   {'frontage': 3, 'region': 'kamigata', 'tori': 'left', 'position': 'corner', 'free': 'left'} [8458, 3015, 1090]
OK   {'frontage': 3, 'region': 'kamigata', 'tori': 'right', 'position': 'corner', 'free': 'left'} [8592, 3157, 1192]
OK   {'frontage': 3, 'region': 'kamigata', 'tori': 'left', 'position': 'corner', 'free': 'right'} [8421, 3003, 1073]
OK   {'frontage': 3, 'region': 'kamigata', 'tori': 'right', 'position': 'corner', 'free': 'right'} [8281, 2861, 971]
OK   {'frontage': 3, 'region': 'edo', 'tori': 'left', 'position': 'end', 'free': 'left'} [6415, 2179, 928]
OK   {'frontage': 3, 'region': 'edo', 'tori': 'right', 'position': 'end', 'free': 'left'} [6325, 2249, 1006]
OK   {'frontage': 3, 'region': 'edo', 'tori': 'left', 'position': 'end', 'free': 'right'} [6186, 2138, 925]
OK   {'frontage': 3, 'region': 'edo', 'tori': 'right', 'position': 'end', 'free': 'right'} [6276, 2068, 847]
OK   {'frontage': 3, 'region': 'edo', 'tori': 'left', 'position': 'middle'}           [5232, 1857, 702]
OK   {'frontage': 3, 'region': 'edo', 'tori': 'right', 'position': 'middle'}          [5232, 1857, 702]
OK   {'frontage': 3, 'region': 'edo', 'tori': 'left', 'position': 'corner', 'free': 'left'} [6517, 2257, 958]
OK   {'frontage': 3, 'region': 'edo', 'tori': 'right', 'position': 'corner', 'free': 'left'} [6659, 2399, 1060]
OK   {'frontage': 3, 'region': 'edo', 'tori': 'left', 'position': 'corner', 'free': 'right'} [6520, 2288, 979]
OK   {'frontage': 3, 'region': 'edo', 'tori': 'right', 'position': 'corner', 'free': 'right'} [6378, 2146, 877]
OK   {'frontage': 4, 'region': 'kamigata', 'tori': 'left', 'position': 'end', 'free': 'left'} [9965, 3449, 1222]
OK   {'frontage': 4, 'region': 'kamigata', 'tori': 'right', 'position': 'end', 'free': 'left'} [9671, 3459, 1293]
OK   {'frontage': 4, 'region': 'kamigata', 'tori': 'left', 'position': 'end', 'free': 'right'} [9500, 3305, 1174]
OK   {'frontage': 4, 'region': 'kamigata', 'tori': 'right', 'position': 'end', 'free': 'right'} [9788, 3295, 1103]
OK   {'frontage': 4, 'region': 'kamigata', 'tori': 'left', 'position': 'middle'}      [8516, 3002, 964]
OK   {'frontage': 4, 'region': 'kamigata', 'tori': 'right', 'position': 'middle'}     [8510, 3002, 964]
OK   {'frontage': 4, 'region': 'kamigata', 'tori': 'left', 'position': 'corner', 'free': 'left'} [10334, 3545, 1240]
OK   {'frontage': 4, 'region': 'kamigata', 'tori': 'right', 'position': 'corner', 'free': 'left'} [10468, 3687, 1342]
OK   {'frontage': 4, 'region': 'kamigata', 'tori': 'left', 'position': 'corner', 'free': 'right'} [10297, 3533, 1223]
OK   {'frontage': 4, 'region': 'kamigata', 'tori': 'right', 'position': 'corner', 'free': 'right'} [10157, 3391, 1121]
OK   {'frontage': 4, 'region': 'edo', 'tori': 'left', 'position': 'end', 'free': 'left'} [7780, 2457, 1048]
OK   {'frontage': 4, 'region': 'edo', 'tori': 'right', 'position': 'end', 'free': 'left'} [7690, 2527, 1126]
OK   {'frontage': 4, 'region': 'edo', 'tori': 'left', 'position': 'end', 'free': 'right'} [7551, 2416, 1045]
OK   {'frontage': 4, 'region': 'edo', 'tori': 'right', 'position': 'end', 'free': 'right'} [7641, 2346, 967]
OK   {'frontage': 4, 'region': 'edo', 'tori': 'left', 'position': 'middle'}           [6592, 2135, 822]
OK   {'frontage': 4, 'region': 'edo', 'tori': 'right', 'position': 'middle'}          [6592, 2135, 822]
OK   {'frontage': 4, 'region': 'edo', 'tori': 'left', 'position': 'corner', 'free': 'left'} [7882, 2535, 1078]
OK   {'frontage': 4, 'region': 'edo', 'tori': 'right', 'position': 'corner', 'free': 'left'} [8024, 2677, 1180]
OK   {'frontage': 4, 'region': 'edo', 'tori': 'left', 'position': 'corner', 'free': 'right'} [7885, 2566, 1099]
OK   {'frontage': 4, 'region': 'edo', 'tori': 'right', 'position': 'corner', 'free': 'right'} [7743, 2424, 997]
60 combos, 0 with problems, 0 over their budget class; worst [10468, 3687, 1342] {'frontage': 4, 'region': 'kamigata', 'tori': 'right', 'position': 'corner', 'free': 'left'} (15 s)
