C:\Program Files (x86)\Steam\steamapps\common\DayZ Tools\Bin\Binarize\binarize.exe -always -addon=P:\JP\furniture -binpath=P:\bin P:\JP\furniture\kitchen D:\DayZ-Server_AI-20260907-MultiMap\japan_dev\spikes\B3a\_build\binarized\kitchen *.p3d

BINARIZE rev.163709
"C:\Program Files (x86)\Steam\steamapps\common\DayZ Tools\Bin\Binarize\binarize.exe" -always -addon=P:\JP\furniture -binpath=P:\bin P:\JP\furniture\kitchen D:\DayZ-Server_AI-20260907-MultiMap\japan_dev\spikes\B3a\_build\binarized\kitchen *.p3d
Binarize started
Note: 'HouseNoDestruct' is declared, but definition was not found. Creating empty class (source: P:\JP\furniture\config.cpp)
Distance 0.0 - min grid 3.125, Slowdown CPU factor 0.0 (max. 0.0), memory required 0.0 MB (max 8063.6 MB)
Distance 0.0 - min grid 3.125, Slowdown CPU factor 0.0 (max. 0.0), memory required 0.0 MB (max 8063.6 MB)
Warning: Terrain grid 0.5 will be too slow, should use 3.1
Convert model P:\JP\furniture\kitchen\jp_f_firewood_bundle.p3d -> D:\DayZ-Server_AI-20260907-MultiMap\japan_dev\spikes\B3a\_build\binarized\kitchen\jp_f_firewood_bundle.p3d
<model = "P:\JP\furniture\kitchen\jp_f_firewood_bundle.p3d">
</model>
Convert model P:\JP\furniture\kitchen\jp_f_firewood_bundle_loose.p3d -> D:\DayZ-Server_AI-20260907-MultiMap\japan_dev\spikes\B3a\_build\binarized\kitchen\jp_f_firewood_bundle_loose.p3d
<model = "P:\JP\furniture\kitchen\jp_f_firewood_bundle_loose.p3d">
</model>
Convert model P:\JP\furniture\kitchen\jp_f_firewood_low.p3d -> D:\DayZ-Server_AI-20260907-MultiMap\japan_dev\spikes\B3a\_build\binarized\kitchen\jp_f_firewood_low.p3d
<model = "P:\JP\furniture\kitchen\jp_f_firewood_low.p3d">
</model>
Convert model P:\JP\furniture\kitchen\jp_f_firewood_stack.p3d -> D:\DayZ-Server_AI-20260907-MultiMap\japan_dev\spikes\B3a\_build\binarized\kitchen\jp_f_firewood_stack.p3d
<model = "P:\JP\furniture\kitchen\jp_f_firewood_stack.p3d">
</model>
Convert model P:\JP\furniture\kitchen\jp_f_jar_l.p3d -> D:\DayZ-Server_AI-20260907-MultiMap\japan_dev\spikes\B3a\_build\binarized\kitchen\jp_f_jar_l.p3d
<model = "P:\JP\furniture\kitchen\jp_f_jar_l.p3d">
</model>
Convert model P:\JP\furniture\kitchen\jp_f_jar_l_open.p3d -> D:\DayZ-Server_AI-20260907-MultiMap\japan_dev\spikes\B3a\_build\binarized\kitchen\jp_f_jar_l_open.p3d
<model = "P:\JP\furniture\kitchen\jp_f_jar_l_open.p3d">
</model>
Convert model P:\JP\furniture\kitchen\jp_f_jar_m.p3d -> D:\DayZ-Server_AI-20260907-MultiMap\japan_dev\spikes\B3a\_build\binarized\kitchen\jp_f_jar_m.p3d
<model = "P:\JP\furniture\kitchen\jp_f_jar_m.p3d">
</model>
Convert model P:\JP\furniture\kitchen\jp_f_jar_m_broken.p3d -> D:\DayZ-Server_AI-20260907-MultiMap\japan_dev\spikes\B3a\_build\binarized\kitchen\jp_f_jar_m_broken.p3d
<model = "P:\JP\furniture\kitchen\jp_f_jar_m_broken.p3d">
</model>
Convert model P:\JP\furniture\kitchen\jp_f_jar_m_open.p3d -> D:\DayZ-Server_AI-20260907-MultiMap\japan_dev\spikes\B3a\_build\binarized\kitchen\jp_f_jar_m_open.p3d
<model = "P:\JP\furniture\kitchen\jp_f_jar_m_open.p3d">
</model>
Convert model P:\JP\furniture\kitchen\jp_f_jar_m_pale.p3d -> D:\DayZ-Server_AI-20260907-MultiMap\japan_dev\spikes\B3a\_build\binarized\kitchen\jp_f_jar_m_pale.p3d
<model = "P:\JP\furniture\kitchen\jp_f_jar_m_pale.p3d">
</model>
Convert model P:\JP\furniture\kitchen\jp_f_jar_s.p3d -> D:\DayZ-Server_AI-20260907-MultiMap\japan_dev\spikes\B3a\_build\binarized\kitchen\jp_f_jar_s.p3d
<model = "P:\JP\furniture\kitchen\jp_f_jar_s.p3d">
</model>
Convert model P:\JP\furniture\kitchen\jp_f_jar_s_open.p3d -> D:\DayZ-Server_AI-20260907-MultiMap\japan_dev\spikes\B3a\_build\binarized\kitchen\jp_f_jar_s_open.p3d
<model = "P:\JP\furniture\kitchen\jp_f_jar_s_open.p3d">
</model>
Convert model P:\JP\furniture\kitchen\jp_f_jar_s_pale.p3d -> D:\DayZ-Server_AI-20260907-MultiMap\japan_dev\spikes\B3a\_build\binarized\kitchen\jp_f_jar_s_pale.p3d
<model = "P:\JP\furniture\kitchen\jp_f_jar_s_pale.p3d">
</model>
Convert model P:\JP\furniture\kitchen\jp_f_jizai_kagi.p3d -> D:\DayZ-Server_AI-20260907-MultiMap\japan_dev\spikes\B3a\_build\binarized\kitchen\jp_f_jizai_kagi.p3d
<model = "P:\JP\furniture\kitchen\jp_f_jizai_kagi.p3d">
</model>
Convert model P:\JP\furniture\kitchen\jp_f_jizai_kagi_abandoned.p3d -> D:\DayZ-Server_AI-20260907-MultiMap\japan_dev\spikes\B3a\_build\binarized\kitchen\jp_f_jizai_kagi_abandoned.p3d
<model = "P:\JP\furniture\kitchen\jp_f_jizai_kagi_abandoned.p3d">
</model>
Convert model P:\JP\furniture\kitchen\jp_f_jizai_kagi_plain.p3d -> D:\DayZ-Server_AI-20260907-MultiMap\japan_dev\spikes\B3a\_build\binarized\kitchen\jp_f_jizai_kagi_plain.p3d
<model = "P:\JP\furniture\kitchen\jp_f_jizai_kagi_plain.p3d">
</model>
Convert model P:\JP\furniture\kitchen\jp_f_jizai_kagi_plain_abandoned.p3d -> D:\DayZ-Server_AI-20260907-MultiMap\japan_dev\spikes\B3a\_build\binarized\kitchen\jp_f_jizai_kagi_plain_abandoned.p3d
<model = "P:\JP\furniture\kitchen\jp_f_jizai_kagi_plain_abandoned.p3d">
</model>
Convert model P:\JP\furniture\kitchen\jp_f_kama.p3d -> D:\DayZ-Server_AI-20260907-MultiMap\japan_dev\spikes\B3a\_build\binarized\kitchen\jp_f_kama.p3d
<model = "P:\JP\furniture\kitchen\jp_f_kama.p3d">
</model>
Convert model P:\JP\furniture\kitchen\jp_f_kama_nabe.p3d -> D:\DayZ-Server_AI-20260907-MultiMap\japan_dev\spikes\B3a\_build\binarized\kitchen\jp_f_kama_nabe.p3d
<model = "P:\JP\furniture\kitchen\jp_f_kama_nabe.p3d">
</model>
Convert model P:\JP\furniture\kitchen\jp_f_kama_nabe_rusted.p3d -> D:\DayZ-Server_AI-20260907-MultiMap\japan_dev\spikes\B3a\_build\binarized\kitchen\jp_f_kama_nabe_rusted.p3d
<model = "P:\JP\furniture\kitchen\jp_f_kama_nabe_rusted.p3d">
</model>
Convert model P:\JP\furniture\kitchen\jp_f_kama_nolid.p3d -> D:\DayZ-Server_AI-20260907-MultiMap\japan_dev\spikes\B3a\_build\binarized\kitchen\jp_f_kama_nolid.p3d
<model = "P:\JP\furniture\kitchen\jp_f_kama_nolid.p3d">
</model>
Convert model P:\JP\furniture\kitchen\jp_f_mizugame.p3d -> D:\DayZ-Server_AI-20260907-MultiMap\japan_dev\spikes\B3a\_build\binarized\kitchen\jp_f_mizugame.p3d
<model = "P:\JP\furniture\kitchen\jp_f_mizugame.p3d">
</model>
Convert model P:\JP\furniture\kitchen\jp_f_mizugame_broken.p3d -> D:\DayZ-Server_AI-20260907-MultiMap\japan_dev\spikes\B3a\_build\binarized\kitchen\jp_f_mizugame_broken.p3d
<model = "P:\JP\furniture\kitchen\jp_f_mizugame_broken.p3d">
UV mapping too varied on jp\common\materials\ceramic\jp_m_ceramic_stoneware_dark_w2_co.paa, stage 0: texel size used 0.0019417, max 0.0069113, min 0.00186937
</model>
Convert model P:\JP\furniture\kitchen\jp_f_mizugame_open.p3d -> D:\DayZ-Server_AI-20260907-MultiMap\japan_dev\spikes\B3a\_build\binarized\kitchen\jp_f_mizugame_open.p3d
<model = "P:\JP\furniture\kitchen\jp_f_mizugame_open.p3d">
</model>
Convert model P:\JP\furniture\kitchen\jp_f_oke_bucket.p3d -> D:\DayZ-Server_AI-20260907-MultiMap\japan_dev\spikes\B3a\_build\binarized\kitchen\jp_f_oke_bucket.p3d
<model = "P:\JP\furniture\kitchen\jp_f_oke_bucket.p3d">
</model>
Convert model P:\JP\furniture\kitchen\jp_f_oke_pickle.p3d -> D:\DayZ-Server_AI-20260907-MultiMap\japan_dev\spikes\B3a\_build\binarized\kitchen\jp_f_oke_pickle.p3d
<model = "P:\JP\furniture\kitchen\jp_f_oke_pickle.p3d">
</model>
Convert model P:\JP\furniture\kitchen\jp_f_oke_pickle_open.p3d -> D:\DayZ-Server_AI-20260907-MultiMap\japan_dev\spikes\B3a\_build\binarized\kitchen\jp_f_oke_pickle_open.p3d
<model = "P:\JP\furniture\kitchen\jp_f_oke_pickle_open.p3d">
</model>
Convert model P:\JP\furniture\kitchen\jp_f_oke_tarai.p3d -> D:\DayZ-Server_AI-20260907-MultiMap\japan_dev\spikes\B3a\_build\binarized\kitchen\jp_f_oke_tarai.p3d
<model = "P:\JP\furniture\kitchen\jp_f_oke_tarai.p3d">
</model>
Convert model P:\JP\furniture\kitchen\jp_f_oke_tarai_dry.p3d -> D:\DayZ-Server_AI-20260907-MultiMap\japan_dev\spikes\B3a\_build\binarized\kitchen\jp_f_oke_tarai_dry.p3d
<model = "P:\JP\furniture\kitchen\jp_f_oke_tarai_dry.p3d">
</model>
Convert model P:\JP\furniture\kitchen\jp_f_oke_tipped.p3d -> D:\DayZ-Server_AI-20260907-MultiMap\japan_dev\spikes\B3a\_build\binarized\kitchen\jp_f_oke_tipped.p3d
<model = "P:\JP\furniture\kitchen\jp_f_oke_tipped.p3d">
</model>
Convert model P:\JP\furniture\kitchen\jp_f_tana_091_1.p3d -> D:\DayZ-Server_AI-20260907-MultiMap\japan_dev\spikes\B3a\_build\binarized\kitchen\jp_f_tana_091_1.p3d
<model = "P:\JP\furniture\kitchen\jp_f_tana_091_1.p3d">
</model>
Convert model P:\JP\furniture\kitchen\jp_f_tana_091_1_sag.p3d -> D:\DayZ-Server_AI-20260907-MultiMap\japan_dev\spikes\B3a\_build\binarized\kitchen\jp_f_tana_091_1_sag.p3d
<model = "P:\JP\furniture\kitchen\jp_f_tana_091_1_sag.p3d">
</model>
Convert model P:\JP\furniture\kitchen\jp_f_tana_091_3.p3d -> D:\DayZ-Server_AI-20260907-MultiMap\japan_dev\spikes\B3a\_build\binarized\kitchen\jp_f_tana_091_3.p3d
<model = "P:\JP\furniture\kitchen\jp_f_tana_091_3.p3d">
</model>
Convert model P:\JP\furniture\kitchen\jp_f_tana_091_3_sag.p3d -> D:\DayZ-Server_AI-20260907-MultiMap\japan_dev\spikes\B3a\_build\binarized\kitchen\jp_f_tana_091_3_sag.p3d
<model = "P:\JP\furniture\kitchen\jp_f_tana_091_3_sag.p3d">
</model>
Convert model P:\JP\furniture\kitchen\jp_f_tana_136_1.p3d -> D:\DayZ-Server_AI-20260907-MultiMap\japan_dev\spikes\B3a\_build\binarized\kitchen\jp_f_tana_136_1.p3d
<model = "P:\JP\furniture\kitchen\jp_f_tana_136_1.p3d">
</model>
Convert model P:\JP\furniture\kitchen\jp_f_tana_136_1_sag.p3d -> D:\DayZ-Server_AI-20260907-MultiMap\japan_dev\spikes\B3a\_build\binarized\kitchen\jp_f_tana_136_1_sag.p3d
<model = "P:\JP\furniture\kitchen\jp_f_tana_136_1_sag.p3d">
</model>
Convert model P:\JP\furniture\kitchen\jp_f_tana_136_3.p3d -> D:\DayZ-Server_AI-20260907-MultiMap\japan_dev\spikes\B3a\_build\binarized\kitchen\jp_f_tana_136_3.p3d
<model = "P:\JP\furniture\kitchen\jp_f_tana_136_3.p3d">
</model>
Convert model P:\JP\furniture\kitchen\jp_f_tana_136_3_sag.p3d -> D:\DayZ-Server_AI-20260907-MultiMap\japan_dev\spikes\B3a\_build\binarized\kitchen\jp_f_tana_136_3_sag.p3d
<model = "P:\JP\furniture\kitchen\jp_f_tana_136_3_sag.p3d">
</model>
Convert model P:\JP\furniture\kitchen\jp_f_tana_182_1.p3d -> D:\DayZ-Server_AI-20260907-MultiMap\japan_dev\spikes\B3a\_build\binarized\kitchen\jp_f_tana_182_1.p3d
<model = "P:\JP\furniture\kitchen\jp_f_tana_182_1.p3d">
</model>
Convert model P:\JP\furniture\kitchen\jp_f_tana_182_1_sag.p3d -> D:\DayZ-Server_AI-20260907-MultiMap\japan_dev\spikes\B3a\_build\binarized\kitchen\jp_f_tana_182_1_sag.p3d
<model = "P:\JP\furniture\kitchen\jp_f_tana_182_1_sag.p3d">
</model>
Convert model P:\JP\furniture\kitchen\jp_f_tana_182_3.p3d -> D:\DayZ-Server_AI-20260907-MultiMap\japan_dev\spikes\B3a\_build\binarized\kitchen\jp_f_tana_182_3.p3d
<model = "P:\JP\furniture\kitchen\jp_f_tana_182_3.p3d">
</model>
Convert model P:\JP\furniture\kitchen\jp_f_tana_182_3_sag.p3d -> D:\DayZ-Server_AI-20260907-MultiMap\japan_dev\spikes\B3a\_build\binarized\kitchen\jp_f_tana_182_3_sag.p3d
<model = "P:\JP\furniture\kitchen\jp_f_tana_182_3_sag.p3d">
</model>

FileServer MaxCacheSize = 23987 MB
No entry '.CfgAmmo'.
No entry '.CfgNonAIVehicles'.
No entry '.CfgWeapons'.
No entry '.CfgMagazines'.
Warning: CfgVehicles missing in PreloadConfig - may slow down vehicle creation
No entry '.CfgDefaultSettings'.
No entry '.defaultVisibility'.
Trying to access error value.
No entry '.CfgDefaultSettings'.
No entry '.defaultTerrainGrid'.
Trying to access error value.
No entry '.CfgDefaultSettings'.
No entry '.defaultObjectViewDistance'.
Trying to access error value.
No entry '.CfgDefaultSettings'.
No entry '.hazeDefaultDistance'.
Trying to access error value.
No entry '.CfgWorlds'.
No entry '.DefaultWorld'.
No entry '.skyTexture'.
Trying to access error value.
No entry '.CfgWorlds'.
No entry '.DefaultWorld'.
No entry '.skyTextureR'.
Trying to access error value.
DIAG-SERIALIZED BoundingCenter of p:\jp\furniture\kitchen\jp_f_firewood_bundle.p3d: 0.00,0.00
DIAG-SERIALIZED BoundingCenter of p:\jp\furniture\kitchen\jp_f_firewood_bundle_loose.p3d: 0.00,0.00
DIAG-SERIALIZED BoundingCenter of p:\jp\furniture\kitchen\jp_f_firewood_low.p3d: 0.00,0.00
DIAG-SERIALIZED BoundingCenter of p:\jp\furniture\kitchen\jp_f_firewood_stack.p3d: 0.00,0.00
DIAG-SERIALIZED BoundingCenter of p:\jp\furniture\kitchen\jp_f_jar_l.p3d: 0.00,0.00
DIAG-SERIALIZED BoundingCenter of p:\jp\furniture\kitchen\jp_f_jar_l_open.p3d: 0.00,0.00
DIAG-SERIALIZED BoundingCenter of p:\jp\furniture\kitchen\jp_f_jar_m.p3d: 0.00,0.00
DIAG-SERIALIZED BoundingCenter of p:\jp\furniture\kitchen\jp_f_jar_m_broken.p3d: 0.00,0.00
DIAG-SERIALIZED BoundingCenter of p:\jp\furniture\kitchen\jp_f_jar_m_open.p3d: 0.00,0.00
DIAG-SERIALIZED BoundingCenter of p:\jp\furniture\kitchen\jp_f_jar_m_pale.p3d: 0.00,0.00
DIAG-SERIALIZED BoundingCenter of p:\jp\furniture\kitchen\jp_f_jar_s.p3d: 0.00,0.00
DIAG-SERIALIZED BoundingCenter of p:\jp\furniture\kitchen\jp_f_jar_s_open.p3d: 0.00,0.00
DIAG-SERIALIZED BoundingCenter of p:\jp\furniture\kitchen\jp_f_jar_s_pale.p3d: 0.00,0.00
DIAG-SERIALIZED BoundingCenter of p:\jp\furniture\kitchen\jp_f_jizai_kagi.p3d: -0.02,0.02
DIAG-SERIALIZED BoundingCenter of p:\jp\furniture\kitchen\jp_f_jizai_kagi_abandoned.p3d: 0.00,0.00
DIAG-SERIALIZED BoundingCenter of p:\jp\furniture\kitchen\jp_f_jizai_kagi_plain.p3d: 0.00,0.01
DIAG-SERIALIZED BoundingCenter of p:\jp\furniture\kitchen\jp_f_jizai_kagi_plain_abandoned.p3d: 0.02,0.00
DIAG-SERIALIZED BoundingCenter of p:\jp\furniture\kitchen\jp_f_kama.p3d: 0.00,0.00
DIAG-SERIALIZED BoundingCenter of p:\jp\furniture\kitchen\jp_f_kama_nabe.p3d: 0.00,0.00
DIAG-SERIALIZED BoundingCenter of p:\jp\furniture\kitchen\jp_f_kama_nabe_rusted.p3d: 0.00,0.00
DIAG-SERIALIZED BoundingCenter of p:\jp\furniture\kitchen\jp_f_kama_nolid.p3d: 0.00,0.00
DIAG-SERIALIZED BoundingCenter of p:\jp\furniture\kitchen\jp_f_mizugame.p3d: 0.00,0.00
DIAG-SERIALIZED BoundingCenter of p:\jp\furniture\kitchen\jp_f_mizugame_broken.p3d: 0.00,0.00
DIAG-SERIALIZED BoundingCenter of p:\jp\furniture\kitchen\jp_f_mizugame_open.p3d: 0.00,0.00
DIAG-SERIALIZED BoundingCenter of p:\jp\furniture\kitchen\jp_f_oke_bucket.p3d: 0.00,0.00
DIAG-SERIALIZED BoundingCenter of p:\jp\furniture\kitchen\jp_f_oke_pickle.p3d: 0.00,0.00
DIAG-SERIALIZED BoundingCenter of p:\jp\furniture\kitchen\jp_f_oke_pickle_open.p3d: 0.00,0.00
DIAG-SERIALIZED BoundingCenter of p:\jp\furniture\kitchen\jp_f_oke_tarai.p3d: 0.00,0.00
DIAG-SERIALIZED BoundingCenter of p:\jp\furniture\kitchen\jp_f_oke_tarai_dry.p3d: 0.00,0.00
DIAG-SERIALIZED BoundingCenter of p:\jp\furniture\kitchen\jp_f_oke_tipped.p3d: 0.00,0.00
DIAG-SERIALIZED BoundingCenter of p:\jp\furniture\kitchen\jp_f_tana_091_1.p3d: 0.00,0.00
DIAG-SERIALIZED BoundingCenter of p:\jp\furniture\kitchen\jp_f_tana_091_1_sag.p3d: 0.00,0.00
DIAG-SERIALIZED BoundingCenter of p:\jp\furniture\kitchen\jp_f_tana_091_3.p3d: 0.00,0.00
DIAG-SERIALIZED BoundingCenter of p:\jp\furniture\kitchen\jp_f_tana_091_3_sag.p3d: 0.00,0.00
DIAG-SERIALIZED BoundingCenter of p:\jp\furniture\kitchen\jp_f_tana_136_1.p3d: 0.00,0.00
DIAG-SERIALIZED BoundingCenter of p:\jp\furniture\kitchen\jp_f_tana_136_1_sag.p3d: 0.00,0.00
DIAG-SERIALIZED BoundingCenter of p:\jp\furniture\kitchen\jp_f_tana_136_3.p3d: 0.00,0.00
DIAG-SERIALIZED BoundingCenter of p:\jp\furniture\kitchen\jp_f_tana_136_3_sag.p3d: 0.00,0.00
DIAG-SERIALIZED BoundingCenter of p:\jp\furniture\kitchen\jp_f_tana_182_1.p3d: 0.00,0.00
DIAG-SERIALIZED BoundingCenter of p:\jp\furniture\kitchen\jp_f_tana_182_1_sag.p3d: 0.00,0.00
DIAG-SERIALIZED BoundingCenter of p:\jp\furniture\kitchen\jp_f_tana_182_3.p3d: 0.00,0.00
DIAG-SERIALIZED BoundingCenter of p:\jp\furniture\kitchen\jp_f_tana_182_3_sag.p3d: 0.00,0.00

C:\Program Files (x86)\Steam\steamapps\common\DayZ Tools\Bin\Binarize\binarize.exe -always -addon=P:\JP\furniture -binpath=P:\bin P:\JP\furniture\storage D:\DayZ-Server_AI-20260907-MultiMap\japan_dev\spikes\B3a\_build\binarized\storage *.p3d

BINARIZE rev.163709
"C:\Program Files (x86)\Steam\steamapps\common\DayZ Tools\Bin\Binarize\binarize.exe" -always -addon=P:\JP\furniture -binpath=P:\bin P:\JP\furniture\storage D:\DayZ-Server_AI-20260907-MultiMap\japan_dev\spikes\B3a\_build\binarized\storage *.p3d
Binarize started
Note: 'HouseNoDestruct' is declared, but definition was not found. Creating empty class (source: P:\JP\furniture\config.cpp)
Distance 0.0 - min grid 3.125, Slowdown CPU factor 0.0 (max. 0.0), memory required 0.0 MB (max 8063.6 MB)
Distance 0.0 - min grid 3.125, Slowdown CPU factor 0.0 (max. 0.0), memory required 0.0 MB (max 8063.6 MB)
Warning: Terrain grid 0.5 will be too slow, should use 3.1
Convert model P:\JP\furniture\storage\jp_f_tansu.p3d -> D:\DayZ-Server_AI-20260907-MultiMap\japan_dev\spikes\B3a\_build\binarized\storage\jp_f_tansu.p3d
<model = "P:\JP\furniture\storage\jp_f_tansu.p3d">
</model>
Convert model P:\JP\furniture\storage\jp_f_tansu_ransacked.p3d -> D:\DayZ-Server_AI-20260907-MultiMap\japan_dev\spikes\B3a\_build\binarized\storage\jp_f_tansu_ransacked.p3d
<model = "P:\JP\furniture\storage\jp_f_tansu_ransacked.p3d">
</model>
Convert model P:\JP\furniture\storage\jp_f_tansu_single.p3d -> D:\DayZ-Server_AI-20260907-MultiMap\japan_dev\spikes\B3a\_build\binarized\storage\jp_f_tansu_single.p3d
<model = "P:\JP\furniture\storage\jp_f_tansu_single.p3d">
</model>
Convert model P:\JP\furniture\storage\jp_f_tansu_single_ransacked.p3d -> D:\DayZ-Server_AI-20260907-MultiMap\japan_dev\spikes\B3a\_build\binarized\storage\jp_f_tansu_single_ransacked.p3d
<model = "P:\JP\furniture\storage\jp_f_tansu_single_ransacked.p3d">
</model>

FileServer MaxCacheSize = 23987 MB
No entry '.CfgAmmo'.
No entry '.CfgNonAIVehicles'.
No entry '.CfgWeapons'.
No entry '.CfgMagazines'.
Warning: CfgVehicles missing in PreloadConfig - may slow down vehicle creation
No entry '.CfgDefaultSettings'.
No entry '.defaultVisibility'.
Trying to access error value.
No entry '.CfgDefaultSettings'.
No entry '.defaultTerrainGrid'.
Trying to access error value.
No entry '.CfgDefaultSettings'.
No entry '.defaultObjectViewDistance'.
Trying to access error value.
No entry '.CfgDefaultSettings'.
No entry '.hazeDefaultDistance'.
Trying to access error value.
No entry '.CfgWorlds'.
No entry '.DefaultWorld'.
No entry '.skyTexture'.
Trying to access error value.
No entry '.CfgWorlds'.
No entry '.DefaultWorld'.
No entry '.skyTextureR'.
Trying to access error value.
DIAG-SERIALIZED BoundingCenter of p:\jp\furniture\storage\jp_f_tansu.p3d: 0.00,0.00
DIAG-SERIALIZED BoundingCenter of p:\jp\furniture\storage\jp_f_tansu_ransacked.p3d: 0.00,0.00
DIAG-SERIALIZED BoundingCenter of p:\jp\furniture\storage\jp_f_tansu_single.p3d: 0.00,0.00
DIAG-SERIALIZED BoundingCenter of p:\jp\furniture\storage\jp_f_tansu_single_ransacked.p3d: 0.00,0.00

