OK   {'frontage': 2, 'region': 'kamigata', 'tori': 'left', 'position': 'end', 'free': 'left'} [5965, 2317, 922]
OK   {'frontage': 2, 'region': 'kamigata', 'tori': 'right', 'position': 'end', 'free': 'left'} [5679, 2327, 993]
OK   {'frontage': 2, 'region': 'kamigata', 'tori': 'left', 'position': 'end', 'free': 'right'} [5508, 2173, 874]
OK   {'frontage': 2, 'region': 'kamigata', 'tori': 'right', 'position': 'end', 'free': 'right'} [5788, 2163, 803]
OK   {'frontage': 2, 'region': 'kamigata', 'tori': 'left', 'position': 'middle'}      [4524, 1870, 664]
OK   {'frontage': 2, 'region': 'kamigata', 'tori': 'right', 'position': 'middle'}     [4518, 1870, 664]
OK   {'frontage': 2, 'region': 'kamigata', 'tori': 'left', 'position': 'corner', 'free': 'left'} [6330, 2413, 944]
OK   {'frontage': 2, 'region': 'kamigata', 'tori': 'right', 'position': 'corner', 'free': 'left'} [6464, 2555, 1046]
OK   {'frontage': 2, 'region': 'kamigata', 'tori': 'left', 'position': 'corner', 'free': 'right'} [6293, 2401, 927]
OK   {'frontage': 2, 'region': 'kamigata', 'tori': 'right', 'position': 'corner', 'free': 'right'} [6153, 2259, 825]
OK   {'frontage': 2, 'region': 'edo', 'tori': 'left', 'position': 'end', 'free': 'left'} [4793, 1829, 808]
OK   {'frontage': 2, 'region': 'edo', 'tori': 'right', 'position': 'end', 'free': 'left'} [4716, 1899, 886]
OK   {'frontage': 2, 'region': 'edo', 'tori': 'left', 'position': 'end', 'free': 'right'} [4577, 1788, 805]
OK   {'frontage': 2, 'region': 'edo', 'tori': 'right', 'position': 'end', 'free': 'right'} [4654, 1718, 727]
OK   {'frontage': 2, 'region': 'edo', 'tori': 'left', 'position': 'middle'}           [3622, 1507, 582]
OK   {'frontage': 2, 'region': 'edo', 'tori': 'right', 'position': 'middle'}          [3622, 1507, 582]
OK   {'frontage': 2, 'region': 'edo', 'tori': 'left', 'position': 'corner', 'free': 'left'} [4895, 1907, 838]
OK   {'frontage': 2, 'region': 'edo', 'tori': 'right', 'position': 'corner', 'free': 'left'} [5042, 2049, 940]
OK   {'frontage': 2, 'region': 'edo', 'tori': 'left', 'position': 'corner', 'free': 'right'} [4903, 1938, 859]
OK   {'frontage': 2, 'region': 'edo', 'tori': 'right', 'position': 'corner', 'free': 'right'} [4756, 1796, 757]
OK   {'frontage': 3, 'region': 'kamigata', 'tori': 'left', 'position': 'end', 'free': 'left'} [8087, 2925, 1072]
OK   {'frontage': 3, 'region': 'kamigata', 'tori': 'right', 'position': 'end', 'free': 'left'} [7801, 2935, 1143]
OK   {'frontage': 3, 'region': 'kamigata', 'tori': 'left', 'position': 'end', 'free': 'right'} [7630, 2781, 1024]
OK   {'frontage': 3, 'region': 'kamigata', 'tori': 'right', 'position': 'end', 'free': 'right'} [7910, 2771, 953]
OK   {'frontage': 3, 'region': 'kamigata', 'tori': 'left', 'position': 'middle'}      [6646, 2478, 814]
OK   {'frontage': 3, 'region': 'kamigata', 'tori': 'right', 'position': 'middle'}     [6640, 2478, 814]
OK   {'frontage': 3, 'region': 'kamigata', 'tori': 'left', 'position': 'corner', 'free': 'left'} [8452, 3021, 1094]
OK   {'frontage': 3, 'region': 'kamigata', 'tori': 'right', 'position': 'corner', 'free': 'left'} [8586, 3163, 1196]
OK   {'frontage': 3, 'region': 'kamigata', 'tori': 'left', 'position': 'corner', 'free': 'right'} [8415, 3009, 1077]
OK   {'frontage': 3, 'region': 'kamigata', 'tori': 'right', 'position': 'corner', 'free': 'right'} [8275, 2867, 975]
OK   {'frontage': 3, 'region': 'edo', 'tori': 'left', 'position': 'end', 'free': 'left'} [6409, 2185, 928]
OK   {'frontage': 3, 'region': 'edo', 'tori': 'right', 'position': 'end', 'free': 'left'} [6327, 2255, 1006]
OK   {'frontage': 3, 'region': 'edo', 'tori': 'left', 'position': 'end', 'free': 'right'} [6188, 2144, 925]
OK   {'frontage': 3, 'region': 'edo', 'tori': 'right', 'position': 'end', 'free': 'right'} [6270, 2074, 847]
OK   {'frontage': 3, 'region': 'edo', 'tori': 'left', 'position': 'middle'}           [5238, 1863, 702]
OK   {'frontage': 3, 'region': 'edo', 'tori': 'right', 'position': 'middle'}          [5238, 1863, 702]
OK   {'frontage': 3, 'region': 'edo', 'tori': 'left', 'position': 'corner', 'free': 'left'} [6511, 2263, 958]
OK   {'frontage': 3, 'region': 'edo', 'tori': 'right', 'position': 'corner', 'free': 'left'} [6653, 2405, 1060]
OK   {'frontage': 3, 'region': 'edo', 'tori': 'left', 'position': 'corner', 'free': 'right'} [6514, 2294, 979]
OK   {'frontage': 3, 'region': 'edo', 'tori': 'right', 'position': 'corner', 'free': 'right'} [6372, 2152, 877]
OK   {'frontage': 4, 'region': 'kamigata', 'tori': 'left', 'position': 'end', 'free': 'left'} [9963, 3455, 1222]
OK   {'frontage': 4, 'region': 'kamigata', 'tori': 'right', 'position': 'end', 'free': 'left'} [9677, 3465, 1293]
OK   {'frontage': 4, 'region': 'kamigata', 'tori': 'left', 'position': 'end', 'free': 'right'} [9506, 3311, 1174]
OK   {'frontage': 4, 'region': 'kamigata', 'tori': 'right', 'position': 'end', 'free': 'right'} [9786, 3301, 1103]
OK   {'frontage': 4, 'region': 'kamigata', 'tori': 'left', 'position': 'middle'}      [8522, 3008, 964]
OK   {'frontage': 4, 'region': 'kamigata', 'tori': 'right', 'position': 'middle'}     [8516, 3008, 964]
OK   {'frontage': 4, 'region': 'kamigata', 'tori': 'left', 'position': 'corner', 'free': 'left'} [10328, 3551, 1244]
OK   {'frontage': 4, 'region': 'kamigata', 'tori': 'right', 'position': 'corner', 'free': 'left'} [10462, 3693, 1346]
OK   {'frontage': 4, 'region': 'kamigata', 'tori': 'left', 'position': 'corner', 'free': 'right'} [10291, 3539, 1227]
OK   {'frontage': 4, 'region': 'kamigata', 'tori': 'right', 'position': 'corner', 'free': 'right'} [10151, 3397, 1125]
OK   {'frontage': 4, 'region': 'edo', 'tori': 'left', 'position': 'end', 'free': 'left'} [7774, 2463, 1048]
OK   {'frontage': 4, 'region': 'edo', 'tori': 'right', 'position': 'end', 'free': 'left'} [7692, 2533, 1126]
OK   {'frontage': 4, 'region': 'edo', 'tori': 'left', 'position': 'end', 'free': 'right'} [7553, 2422, 1045]
OK   {'frontage': 4, 'region': 'edo', 'tori': 'right', 'position': 'end', 'free': 'right'} [7635, 2352, 967]
OK   {'frontage': 4, 'region': 'edo', 'tori': 'left', 'position': 'middle'}           [6598, 2141, 822]
OK   {'frontage': 4, 'region': 'edo', 'tori': 'right', 'position': 'middle'}          [6598, 2141, 822]
OK   {'frontage': 4, 'region': 'edo', 'tori': 'left', 'position': 'corner', 'free': 'left'} [7876, 2541, 1078]
OK   {'frontage': 4, 'region': 'edo', 'tori': 'right', 'position': 'corner', 'free': 'left'} [8018, 2683, 1180]
OK   {'frontage': 4, 'region': 'edo', 'tori': 'left', 'position': 'corner', 'free': 'right'} [7879, 2572, 1099]
OK   {'frontage': 4, 'region': 'edo', 'tori': 'right', 'position': 'corner', 'free': 'right'} [7737, 2430, 997]
60 combos, 0 with problems, 0 over their budget class; worst [10462, 3693, 1346] {'frontage': 4, 'region': 'kamigata', 'tori': 'right', 'position': 'corner', 'free': 'left'} (13 s)
