[machiya_t3_01] zfight.resolve pass: 1072 visible pairs, 320 solids moved; zfight.resolve pass: 53 visible pairs, 24 solids moved; zfight.resolve pass: 15 visible pairs, 7 solids moved; zfight.resolve pass: 8 visible pairs, 4 solids moved
[machiya_t3_01] MLOD D:\DayZ-Server_AI-20260907-MultiMap\japan_dev\buildings\machiya_t3_01\out\jp_machiya_t3_01.p3d: {'Resolution 1': 11915, 'Resolution 2': 4267, 'Resolution 3': 1570, 'Geometry': 1674, 'Memory': 0, 'Roadway': 21, 'View Geometry': 1670, 'Fire Geometry': 1652}
[machiya_t3_01_shop] zfight.resolve pass: 1072 visible pairs, 320 solids moved; zfight.resolve pass: 53 visible pairs, 24 solids moved; zfight.resolve pass: 15 visible pairs, 7 solids moved; zfight.resolve pass: 8 visible pairs, 4 solids moved
[machiya_t3_01_shop] MLOD D:\DayZ-Server_AI-20260907-MultiMap\japan_dev\buildings\machiya_t3_01_shop\out\jp_machiya_t3_01_shop.p3d: {'Resolution 1': 11915, 'Resolution 2': 4267, 'Resolution 3': 1570, 'Geometry': 1674, 'Memory': 0, 'Roadway': 21, 'View Geometry': 1670, 'Fire Geometry': 1652}; proxies {'Resolution 1': 38, 'Geometry': 29, 'View Geometry': 29, 'Fire Geometry': 29}
[toilet_t1_01] zfight.resolve pass: 265 visible pairs, 62 solids moved; zfight.resolve pass: 40 visible pairs, 14 solids moved; zfight.resolve pass: 16 visible pairs, 8 solids moved
[toilet_t1_01] MLOD D:\DayZ-Server_AI-20260907-MultiMap\japan_dev\buildings\toilet_t1_01\out\jp_toilet_t1_01.p3d: {'Resolution 1': 1325, 'Resolution 2': 779, 'Resolution 3': 333, 'Geometry': 323, 'Memory': 0, 'Roadway': 6, 'View Geometry': 323, 'Fire Geometry': 323}
[th_kamigata_2k_endl_toril] zfight.resolve pass: 740 visible pairs, 208 solids moved; zfight.resolve pass: 40 visible pairs, 23 solids moved; zfight.resolve pass: 9 visible pairs, 4 solids moved; zfight.resolve pass: 4 visible pairs, 2 solids moved
[th_kamigata_2k_endl_toril] MLOD D:\DayZ-Server_AI-20260907-MultiMap\japan_dev\buildings\townhouse\out\jp_townhouse_kamigata_2ken_endl_toril.p3d: {'Resolution 1': 5965, 'Resolution 2': 2317, 'Resolution 3': 922, 'Geometry': 987, 'Memory': 0, 'Roadway': 16, 'View Geometry': 971, 'Fire Geometry': 977}
[th_kamigata_2k_endl_torir] zfight.resolve pass: 721 visible pairs, 226 solids moved; zfight.resolve pass: 37 visible pairs, 20 solids moved; zfight.resolve pass: 18 visible pairs, 8 solids moved; zfight.resolve pass: 8 visible pairs, 4 solids moved
[th_kamigata_2k_endl_torir] MLOD D:\DayZ-Server_AI-20260907-MultiMap\japan_dev\buildings\townhouse\out\jp_townhouse_kamigata_2ken_endl_torir.p3d: {'Resolution 1': 5679, 'Resolution 2': 2327, 'Resolution 3': 993, 'Geometry': 1005, 'Memory': 0, 'Roadway': 15, 'View Geometry': 989, 'Fire Geometry': 995}
[th_kamigata_2k_endr_toril] zfight.resolve pass: 735 visible pairs, 228 solids moved; zfight.resolve pass: 37 visible pairs, 20 solids moved; zfight.resolve pass: 18 visible pairs, 8 solids moved; zfight.resolve pass: 8 visible pairs, 4 solids moved
[th_kamigata_2k_endr_toril] MLOD D:\DayZ-Server_AI-20260907-MultiMap\japan_dev\buildings\townhouse\out\jp_townhouse_kamigata_2ken_endr_toril.p3d: {'Resolution 1': 5508, 'Resolution 2': 2173, 'Resolution 3': 874, 'Geometry': 1005, 'Memory': 0, 'Roadway': 15, 'View Geometry': 989, 'Fire Geometry': 995}
[th_kamigata_2k_endr_torir] zfight.resolve pass: 750 visible pairs, 209 solids moved; zfight.resolve pass: 40 visible pairs, 23 solids moved; zfight.resolve pass: 9 visible pairs, 4 solids moved; zfight.resolve pass: 4 visible pairs, 2 solids moved
[th_kamigata_2k_endr_torir] MLOD D:\DayZ-Server_AI-20260907-MultiMap\japan_dev\buildings\townhouse\out\jp_townhouse_kamigata_2ken_endr_torir.p3d: {'Resolution 1': 5788, 'Resolution 2': 2163, 'Resolution 3': 803, 'Geometry': 987, 'Memory': 0, 'Roadway': 16, 'View Geometry': 971, 'Fire Geometry': 977}
[th_kamigata_2k_middle_toril] zfight.resolve pass: 736 visible pairs, 215 solids moved; zfight.resolve pass: 27 visible pairs, 15 solids moved; zfight.resolve pass: 12 visible pairs, 5 solids moved; zfight.resolve pass: 4 visible pairs, 2 solids moved
[th_kamigata_2k_middle_toril] MLOD D:\DayZ-Server_AI-20260907-MultiMap\japan_dev\buildings\townhouse\out\jp_townhouse_kamigata_2ken_middle_toril.p3d: {'Resolution 1': 4524, 'Resolution 2': 1870, 'Resolution 3': 664, 'Geometry': 924, 'Memory': 0, 'Roadway': 15, 'View Geometry': 908, 'Fire Geometry': 914}
[th_kamigata_2k_middle_torir] zfight.resolve pass: 732 visible pairs, 214 solids moved; zfight.resolve pass: 27 visible pairs, 15 solids moved; zfight.resolve pass: 12 visible pairs, 5 solids moved; zfight.resolve pass: 4 visible pairs, 2 solids moved
[th_kamigata_2k_middle_torir] MLOD D:\DayZ-Server_AI-20260907-MultiMap\japan_dev\buildings\townhouse\out\jp_townhouse_kamigata_2ken_middle_torir.p3d: {'Resolution 1': 4518, 'Resolution 2': 1870, 'Resolution 3': 664, 'Geometry': 924, 'Memory': 0, 'Roadway': 15, 'View Geometry': 908, 'Fire Geometry': 914}
[th_kamigata_2k_cornerl_toril] zfight.resolve pass: 747 visible pairs, 210 solids moved; zfight.resolve pass: 40 visible pairs, 23 solids moved; zfight.resolve pass: 9 visible pairs, 4 solids moved; zfight.resolve pass: 4 visible pairs, 2 solids moved
[th_kamigata_2k_cornerl_toril] MLOD D:\DayZ-Server_AI-20260907-MultiMap\japan_dev\buildings\townhouse\out\jp_townhouse_kamigata_2ken_cornerl_toril.p3d: {'Resolution 1': 6330, 'Resolution 2': 2413, 'Resolution 3': 944, 'Geometry': 1017, 'Memory': 0, 'Roadway': 18, 'View Geometry': 1001, 'Fire Geometry': 1007}
[th_kamigata_2k_cornerl_torir] zfight.resolve pass: 733 visible pairs, 230 solids moved; zfight.resolve pass: 41 visible pairs, 22 solids moved; zfight.resolve pass: 18 visible pairs, 8 solids moved; zfight.resolve pass: 8 visible pairs, 4 solids moved
[th_kamigata_2k_cornerl_torir] MLOD D:\DayZ-Server_AI-20260907-MultiMap\japan_dev\buildings\townhouse\out\jp_townhouse_kamigata_2ken_cornerl_torir.p3d: {'Resolution 1': 6464, 'Resolution 2': 2555, 'Resolution 3': 1046, 'Geometry': 1089, 'Memory': 0, 'Roadway': 18, 'View Geometry': 1073, 'Fire Geometry': 1079}
[th_kamigata_2k_cornerr_toril] zfight.resolve pass: 747 visible pairs, 232 solids moved; zfight.resolve pass: 41 visible pairs, 22 solids moved; zfight.resolve pass: 18 visible pairs, 8 solids moved; zfight.resolve pass: 8 visible pairs, 4 solids moved
[th_kamigata_2k_cornerr_toril] MLOD D:\DayZ-Server_AI-20260907-MultiMap\japan_dev\buildings\townhouse\out\jp_townhouse_kamigata_2ken_cornerr_toril.p3d: {'Resolution 1': 6293, 'Resolution 2': 2401, 'Resolution 3': 927, 'Geometry': 1089, 'Memory': 0, 'Roadway': 18, 'View Geometry': 1073, 'Fire Geometry': 1079}
[th_kamigata_2k_cornerr_torir] zfight.resolve pass: 757 visible pairs, 211 solids moved; zfight.resolve pass: 40 visible pairs, 23 solids moved; zfight.resolve pass: 9 visible pairs, 4 solids moved; zfight.resolve pass: 4 visible pairs, 2 solids moved
[th_kamigata_2k_cornerr_torir] MLOD D:\DayZ-Server_AI-20260907-MultiMap\japan_dev\buildings\townhouse\out\jp_townhouse_kamigata_2ken_cornerr_torir.p3d: {'Resolution 1': 6153, 'Resolution 2': 2259, 'Resolution 3': 825, 'Geometry': 1017, 'Memory': 0, 'Roadway': 18, 'View Geometry': 1001, 'Fire Geometry': 1007}
[th_edo_2k_endl_toril] zfight.resolve pass: 763 visible pairs, 216 solids moved; zfight.resolve pass: 40 visible pairs, 23 solids moved; zfight.resolve pass: 9 visible pairs, 4 solids moved; zfight.resolve pass: 4 visible pairs, 2 solids moved
[th_edo_2k_endl_toril] MLOD D:\DayZ-Server_AI-20260907-MultiMap\japan_dev\buildings\townhouse\out\jp_townhouse_edo_2ken_endl_toril.p3d: {'Resolution 1': 4793, 'Resolution 2': 1829, 'Resolution 3': 808, 'Geometry': 981, 'Memory': 0, 'Roadway': 16, 'View Geometry': 947, 'Fire Geometry': 971}
[th_edo_2k_endl_torir] zfight.resolve pass: 744 visible pairs, 232 solids moved; zfight.resolve pass: 39 visible pairs, 21 solids moved; zfight.resolve pass: 18 visible pairs, 8 solids moved; zfight.resolve pass: 8 visible pairs, 4 solids moved
[th_edo_2k_endl_torir] MLOD D:\DayZ-Server_AI-20260907-MultiMap\japan_dev\buildings\townhouse\out\jp_townhouse_edo_2ken_endl_torir.p3d: {'Resolution 1': 4716, 'Resolution 2': 1899, 'Resolution 3': 886, 'Geometry': 999, 'Memory': 0, 'Roadway': 15, 'View Geometry': 965, 'Fire Geometry': 989}
[th_edo_2k_endr_toril] zfight.resolve pass: 740 visible pairs, 231 solids moved; zfight.resolve pass: 39 visible pairs, 21 solids moved; zfight.resolve pass: 18 visible pairs, 8 solids moved; zfight.resolve pass: 8 visible pairs, 4 solids moved
[th_edo_2k_endr_toril] MLOD D:\DayZ-Server_AI-20260907-MultiMap\japan_dev\buildings\townhouse\out\jp_townhouse_edo_2ken_endr_toril.p3d: {'Resolution 1': 4577, 'Resolution 2': 1788, 'Resolution 3': 805, 'Geometry': 999, 'Memory': 0, 'Roadway': 15, 'View Geometry': 965, 'Fire Geometry': 989}
[th_edo_2k_endr_torir] zfight.resolve pass: 759 visible pairs, 215 solids moved; zfight.resolve pass: 40 visible pairs, 23 solids moved; zfight.resolve pass: 9 visible pairs, 4 solids moved; zfight.resolve pass: 4 visible pairs, 2 solids moved
[th_edo_2k_endr_torir] MLOD D:\DayZ-Server_AI-20260907-MultiMap\japan_dev\buildings\townhouse\out\jp_townhouse_edo_2ken_endr_torir.p3d: {'Resolution 1': 4654, 'Resolution 2': 1718, 'Resolution 3': 727, 'Geometry': 981, 'Memory': 0, 'Roadway': 16, 'View Geometry': 947, 'Fire Geometry': 971}
[th_edo_2k_middle_toril] zfight.resolve pass: 735 visible pairs, 217 solids moved; zfight.resolve pass: 27 visible pairs, 15 solids moved; zfight.resolve pass: 12 visible pairs, 5 solids moved; zfight.resolve pass: 4 visible pairs, 2 solids moved
[th_edo_2k_middle_toril] MLOD D:\DayZ-Server_AI-20260907-MultiMap\japan_dev\buildings\townhouse\out\jp_townhouse_edo_2ken_middle_toril.p3d: {'Resolution 1': 3622, 'Resolution 2': 1507, 'Resolution 3': 582, 'Geometry': 918, 'Memory': 0, 'Roadway': 15, 'View Geometry': 884, 'Fire Geometry': 908}
[th_edo_2k_middle_torir] zfight.resolve pass: 735 visible pairs, 217 solids moved; zfight.resolve pass: 27 visible pairs, 15 solids moved; zfight.resolve pass: 12 visible pairs, 5 solids moved; zfight.resolve pass: 4 visible pairs, 2 solids moved
[th_edo_2k_middle_torir] MLOD D:\DayZ-Server_AI-20260907-MultiMap\japan_dev\buildings\townhouse\out\jp_townhouse_edo_2ken_middle_torir.p3d: {'Resolution 1': 3622, 'Resolution 2': 1507, 'Resolution 3': 582, 'Geometry': 918, 'Memory': 0, 'Roadway': 15, 'View Geometry': 884, 'Fire Geometry': 908}
[th_edo_2k_cornerl_toril] zfight.resolve pass: 750 visible pairs, 213 solids moved; zfight.resolve pass: 40 visible pairs, 23 solids moved; zfight.resolve pass: 9 visible pairs, 4 solids moved; zfight.resolve pass: 4 visible pairs, 2 solids moved
[th_edo_2k_cornerl_toril] MLOD D:\DayZ-Server_AI-20260907-MultiMap\japan_dev\buildings\townhouse\out\jp_townhouse_edo_2ken_cornerl_toril.p3d: {'Resolution 1': 4895, 'Resolution 2': 1907, 'Resolution 3': 838, 'Geometry': 1011, 'Memory': 0, 'Roadway': 18, 'View Geometry': 977, 'Fire Geometry': 1001}
[th_edo_2k_cornerl_torir] zfight.resolve pass: 739 visible pairs, 233 solids moved; zfight.resolve pass: 41 visible pairs, 22 solids moved; zfight.resolve pass: 18 visible pairs, 8 solids moved; zfight.resolve pass: 8 visible pairs, 4 solids moved
[th_edo_2k_cornerl_torir] MLOD D:\DayZ-Server_AI-20260907-MultiMap\japan_dev\buildings\townhouse\out\jp_townhouse_edo_2ken_cornerl_torir.p3d: {'Resolution 1': 5042, 'Resolution 2': 2049, 'Resolution 3': 940, 'Geometry': 1083, 'Memory': 0, 'Roadway': 18, 'View Geometry': 1049, 'Fire Geometry': 1073}
[th_edo_2k_cornerr_toril] zfight.resolve pass: 735 visible pairs, 232 solids moved; zfight.resolve pass: 41 visible pairs, 22 solids moved; zfight.resolve pass: 18 visible pairs, 8 solids moved; zfight.resolve pass: 8 visible pairs, 4 solids moved
[th_edo_2k_cornerr_toril] MLOD D:\DayZ-Server_AI-20260907-MultiMap\japan_dev\buildings\townhouse\out\jp_townhouse_edo_2ken_cornerr_toril.p3d: {'Resolution 1': 4903, 'Resolution 2': 1938, 'Resolution 3': 859, 'Geometry': 1083, 'Memory': 0, 'Roadway': 18, 'View Geometry': 1049, 'Fire Geometry': 1073}
[th_edo_2k_cornerr_torir] zfight.resolve pass: 746 visible pairs, 212 solids moved; zfight.resolve pass: 40 visible pairs, 23 solids moved; zfight.resolve pass: 9 visible pairs, 4 solids moved; zfight.resolve pass: 4 visible pairs, 2 solids moved
[th_edo_2k_cornerr_torir] MLOD D:\DayZ-Server_AI-20260907-MultiMap\japan_dev\buildings\townhouse\out\jp_townhouse_edo_2ken_cornerr_torir.p3d: {'Resolution 1': 4756, 'Resolution 2': 1796, 'Resolution 3': 757, 'Geometry': 1011, 'Memory': 0, 'Roadway': 18, 'View Geometry': 977, 'Fire Geometry': 1001}
[th_kamigata_3k_endl_toril] zfight.resolve pass: 997 visible pairs, 281 solids moved; zfight.resolve pass: 36 visible pairs, 17 solids moved; zfight.resolve pass: 11 visible pairs, 5 solids moved; zfight.resolve pass: 2 visible pairs, 1 solids moved
[th_kamigata_3k_endl_toril] MLOD D:\DayZ-Server_AI-20260907-MultiMap\japan_dev\buildings\townhouse\out\jp_townhouse_kamigata_3ken_endl_toril.p3d: {'Resolution 1': 8087, 'Resolution 2': 2925, 'Resolution 3': 1072, 'Geometry': 1179, 'Memory': 0, 'Roadway': 17, 'View Geometry': 1175, 'Fire Geometry': 1169}
[th_kamigata_3k_endl_torir] zfight.resolve pass: 978 visible pairs, 298 solids moved; zfight.resolve pass: 41 visible pairs, 19 solids moved; zfight.resolve pass: 20 visible pairs, 9 solids moved; zfight.resolve pass: 6 visible pairs, 3 solids moved
[th_kamigata_3k_endl_torir] MLOD D:\DayZ-Server_AI-20260907-MultiMap\japan_dev\buildings\townhouse\out\jp_townhouse_kamigata_3ken_endl_torir.p3d: {'Resolution 1': 7801, 'Resolution 2': 2935, 'Resolution 3': 1143, 'Geometry': 1197, 'Memory': 0, 'Roadway': 16, 'View Geometry': 1193, 'Fire Geometry': 1187}
[th_kamigata_3k_endr_toril] zfight.resolve pass: 992 visible pairs, 300 solids moved; zfight.resolve pass: 45 visible pairs, 21 solids moved; zfight.resolve pass: 20 visible pairs, 9 solids moved; zfight.resolve pass: 6 visible pairs, 3 solids moved
[th_kamigata_3k_endr_toril] MLOD D:\DayZ-Server_AI-20260907-MultiMap\japan_dev\buildings\townhouse\out\jp_townhouse_kamigata_3ken_endr_toril.p3d: {'Resolution 1': 7630, 'Resolution 2': 2781, 'Resolution 3': 1024, 'Geometry': 1197, 'Memory': 0, 'Roadway': 16, 'View Geometry': 1193, 'Fire Geometry': 1187}
[th_kamigata_3k_endr_torir] zfight.resolve pass: 1007 visible pairs, 281 solids moved; zfight.resolve pass: 48 visible pairs, 24 solids moved; zfight.resolve pass: 11 visible pairs, 5 solids moved; zfight.resolve pass: 2 visible pairs, 1 solids moved
[th_kamigata_3k_endr_torir] MLOD D:\DayZ-Server_AI-20260907-MultiMap\japan_dev\buildings\townhouse\out\jp_townhouse_kamigata_3ken_endr_torir.p3d: {'Resolution 1': 7910, 'Resolution 2': 2771, 'Resolution 3': 953, 'Geometry': 1179, 'Memory': 0, 'Roadway': 17, 'View Geometry': 1175, 'Fire Geometry': 1169}
[th_kamigata_3k_middle_toril] zfight.resolve pass: 993 visible pairs, 287 solids moved; zfight.resolve pass: 35 visible pairs, 16 solids moved; zfight.resolve pass: 14 visible pairs, 6 solids moved; zfight.resolve pass: 2 visible pairs, 1 solids moved
[th_kamigata_3k_middle_toril] MLOD D:\DayZ-Server_AI-20260907-MultiMap\japan_dev\buildings\townhouse\out\jp_townhouse_kamigata_3ken_middle_toril.p3d: {'Resolution 1': 6646, 'Resolution 2': 2478, 'Resolution 3': 814, 'Geometry': 1116, 'Memory': 0, 'Roadway': 16, 'View Geometry': 1112, 'Fire Geometry': 1106}
[th_kamigata_3k_middle_torir] zfight.resolve pass: 989 visible pairs, 286 solids moved; zfight.resolve pass: 35 visible pairs, 16 solids moved; zfight.resolve pass: 14 visible pairs, 6 solids moved; zfight.resolve pass: 2 visible pairs, 1 solids moved
[th_kamigata_3k_middle_torir] MLOD D:\DayZ-Server_AI-20260907-MultiMap\japan_dev\buildings\townhouse\out\jp_townhouse_kamigata_3ken_middle_torir.p3d: {'Resolution 1': 6640, 'Resolution 2': 2478, 'Resolution 3': 814, 'Geometry': 1116, 'Memory': 0, 'Roadway': 16, 'View Geometry': 1112, 'Fire Geometry': 1106}
[th_kamigata_3k_cornerl_toril] zfight.resolve pass: 1004 visible pairs, 283 solids moved; zfight.resolve pass: 36 visible pairs, 17 solids moved; zfight.resolve pass: 11 visible pairs, 5 solids moved; zfight.resolve pass: 2 visible pairs, 1 solids moved
[th_kamigata_3k_cornerl_toril] MLOD D:\DayZ-Server_AI-20260907-MultiMap\japan_dev\buildings\townhouse\out\jp_townhouse_kamigata_3ken_cornerl_toril.p3d: {'Resolution 1': 8452, 'Resolution 2': 3021, 'Resolution 3': 1094, 'Geometry': 1209, 'Memory': 0, 'Roadway': 19, 'View Geometry': 1205, 'Fire Geometry': 1199}
[th_kamigata_3k_cornerl_torir] zfight.resolve pass: 990 visible pairs, 302 solids moved; zfight.resolve pass: 45 visible pairs, 21 solids moved; zfight.resolve pass: 20 visible pairs, 9 solids moved; zfight.resolve pass: 6 visible pairs, 3 solids moved
[th_kamigata_3k_cornerl_torir] MLOD D:\DayZ-Server_AI-20260907-MultiMap\japan_dev\buildings\townhouse\out\jp_townhouse_kamigata_3ken_cornerl_torir.p3d: {'Resolution 1': 8586, 'Resolution 2': 3163, 'Resolution 3': 1196, 'Geometry': 1281, 'Memory': 0, 'Roadway': 19, 'View Geometry': 1277, 'Fire Geometry': 1271}
[th_kamigata_3k_cornerr_toril] zfight.resolve pass: 1004 visible pairs, 304 solids moved; zfight.resolve pass: 49 visible pairs, 23 solids moved; zfight.resolve pass: 20 visible pairs, 9 solids moved; zfight.resolve pass: 6 visible pairs, 3 solids moved
[th_kamigata_3k_cornerr_toril] MLOD D:\DayZ-Server_AI-20260907-MultiMap\japan_dev\buildings\townhouse\out\jp_townhouse_kamigata_3ken_cornerr_toril.p3d: {'Resolution 1': 8415, 'Resolution 2': 3009, 'Resolution 3': 1077, 'Geometry': 1281, 'Memory': 0, 'Roadway': 19, 'View Geometry': 1277, 'Fire Geometry': 1271}
[th_kamigata_3k_cornerr_torir] zfight.resolve pass: 1014 visible pairs, 283 solids moved; zfight.resolve pass: 48 visible pairs, 24 solids moved; zfight.resolve pass: 11 visible pairs, 5 solids moved; zfight.resolve pass: 2 visible pairs, 1 solids moved
[th_kamigata_3k_cornerr_torir] MLOD D:\DayZ-Server_AI-20260907-MultiMap\japan_dev\buildings\townhouse\out\jp_townhouse_kamigata_3ken_cornerr_torir.p3d: {'Resolution 1': 8275, 'Resolution 2': 2867, 'Resolution 3': 975, 'Geometry': 1209, 'Memory': 0, 'Roadway': 19, 'View Geometry': 1205, 'Fire Geometry': 1199}
[th_edo_3k_endl_toril] zfight.resolve pass: 1020 visible pairs, 289 solids moved; zfight.resolve pass: 36 visible pairs, 17 solids moved; zfight.resolve pass: 11 visible pairs, 5 solids moved; zfight.resolve pass: 2 visible pairs, 1 solids moved
[th_edo_3k_endl_toril] MLOD D:\DayZ-Server_AI-20260907-MultiMap\japan_dev\buildings\townhouse\out\jp_townhouse_edo_3ken_endl_toril.p3d: {'Resolution 1': 6409, 'Resolution 2': 2185, 'Resolution 3': 928, 'Geometry': 1167, 'Memory': 0, 'Roadway': 17, 'View Geometry': 1127, 'Fire Geometry': 1157}
[th_edo_3k_endl_torir] zfight.resolve pass: 1001 visible pairs, 304 solids moved; zfight.resolve pass: 43 visible pairs, 20 solids moved; zfight.resolve pass: 20 visible pairs, 9 solids moved; zfight.resolve pass: 6 visible pairs, 3 solids moved
[th_edo_3k_endl_torir] MLOD D:\DayZ-Server_AI-20260907-MultiMap\japan_dev\buildings\townhouse\out\jp_townhouse_edo_3ken_endl_torir.p3d: {'Resolution 1': 6327, 'Resolution 2': 2255, 'Resolution 3': 1006, 'Geometry': 1185, 'Memory': 0, 'Roadway': 16, 'View Geometry': 1145, 'Fire Geometry': 1175}
[th_edo_3k_endr_toril] zfight.resolve pass: 997 visible pairs, 303 solids moved; zfight.resolve pass: 47 visible pairs, 22 solids moved; zfight.resolve pass: 20 visible pairs, 9 solids moved; zfight.resolve pass: 6 visible pairs, 3 solids moved
[th_edo_3k_endr_toril] MLOD D:\DayZ-Server_AI-20260907-MultiMap\japan_dev\buildings\townhouse\out\jp_townhouse_edo_3ken_endr_toril.p3d: {'Resolution 1': 6188, 'Resolution 2': 2144, 'Resolution 3': 925, 'Geometry': 1185, 'Memory': 0, 'Roadway': 16, 'View Geometry': 1145, 'Fire Geometry': 1175}
[th_edo_3k_endr_torir] zfight.resolve pass: 1016 visible pairs, 287 solids moved; zfight.resolve pass: 48 visible pairs, 24 solids moved; zfight.resolve pass: 11 visible pairs, 5 solids moved; zfight.resolve pass: 2 visible pairs, 1 solids moved
[th_edo_3k_endr_torir] MLOD D:\DayZ-Server_AI-20260907-MultiMap\japan_dev\buildings\townhouse\out\jp_townhouse_edo_3ken_endr_torir.p3d: {'Resolution 1': 6270, 'Resolution 2': 2074, 'Resolution 3': 847, 'Geometry': 1167, 'Memory': 0, 'Roadway': 17, 'View Geometry': 1127, 'Fire Geometry': 1157}
[th_edo_3k_middle_toril] zfight.resolve pass: 992 visible pairs, 289 solids moved; zfight.resolve pass: 35 visible pairs, 16 solids moved; zfight.resolve pass: 14 visible pairs, 6 solids moved; zfight.resolve pass: 2 visible pairs, 1 solids moved
[th_edo_3k_middle_toril] MLOD D:\DayZ-Server_AI-20260907-MultiMap\japan_dev\buildings\townhouse\out\jp_townhouse_edo_3ken_middle_toril.p3d: {'Resolution 1': 5238, 'Resolution 2': 1863, 'Resolution 3': 702, 'Geometry': 1104, 'Memory': 0, 'Roadway': 16, 'View Geometry': 1064, 'Fire Geometry': 1094}
[th_edo_3k_middle_torir] zfight.resolve pass: 992 visible pairs, 289 solids moved; zfight.resolve pass: 35 visible pairs, 16 solids moved; zfight.resolve pass: 14 visible pairs, 6 solids moved; zfight.resolve pass: 2 visible pairs, 1 solids moved
[th_edo_3k_middle_torir] MLOD D:\DayZ-Server_AI-20260907-MultiMap\japan_dev\buildings\townhouse\out\jp_townhouse_edo_3ken_middle_torir.p3d: {'Resolution 1': 5238, 'Resolution 2': 1863, 'Resolution 3': 702, 'Geometry': 1104, 'Memory': 0, 'Roadway': 16, 'View Geometry': 1064, 'Fire Geometry': 1094}
[th_edo_3k_cornerl_toril] zfight.resolve pass: 1007 visible pairs, 286 solids moved; zfight.resolve pass: 36 visible pairs, 17 solids moved; zfight.resolve pass: 11 visible pairs, 5 solids moved; zfight.resolve pass: 2 visible pairs, 1 solids moved
[th_edo_3k_cornerl_toril] MLOD D:\DayZ-Server_AI-20260907-MultiMap\japan_dev\buildings\townhouse\out\jp_townhouse_edo_3ken_cornerl_toril.p3d: {'Resolution 1': 6511, 'Resolution 2': 2263, 'Resolution 3': 958, 'Geometry': 1197, 'Memory': 0, 'Roadway': 19, 'View Geometry': 1157, 'Fire Geometry': 1187}
[th_edo_3k_cornerl_torir] zfight.resolve pass: 996 visible pairs, 305 solids moved; zfight.resolve pass: 45 visible pairs, 21 solids moved; zfight.resolve pass: 20 visible pairs, 9 solids moved; zfight.resolve pass: 6 visible pairs, 3 solids moved
[th_edo_3k_cornerl_torir] MLOD D:\DayZ-Server_AI-20260907-MultiMap\japan_dev\buildings\townhouse\out\jp_townhouse_edo_3ken_cornerl_torir.p3d: {'Resolution 1': 6653, 'Resolution 2': 2405, 'Resolution 3': 1060, 'Geometry': 1269, 'Memory': 0, 'Roadway': 19, 'View Geometry': 1229, 'Fire Geometry': 1259}
[th_edo_3k_cornerr_toril] zfight.resolve pass: 992 visible pairs, 304 solids moved; zfight.resolve pass: 49 visible pairs, 23 solids moved; zfight.resolve pass: 20 visible pairs, 9 solids moved; zfight.resolve pass: 6 visible pairs, 3 solids moved
[th_edo_3k_cornerr_toril] MLOD D:\DayZ-Server_AI-20260907-MultiMap\japan_dev\buildings\townhouse\out\jp_townhouse_edo_3ken_cornerr_toril.p3d: {'Resolution 1': 6514, 'Resolution 2': 2294, 'Resolution 3': 979, 'Geometry': 1269, 'Memory': 0, 'Roadway': 19, 'View Geometry': 1229, 'Fire Geometry': 1259}
[th_edo_3k_cornerr_torir] zfight.resolve pass: 1003 visible pairs, 284 solids moved; zfight.resolve pass: 48 visible pairs, 24 solids moved; zfight.resolve pass: 11 visible pairs, 5 solids moved; zfight.resolve pass: 2 visible pairs, 1 solids moved
[th_edo_3k_cornerr_torir] MLOD D:\DayZ-Server_AI-20260907-MultiMap\japan_dev\buildings\townhouse\out\jp_townhouse_edo_3ken_cornerr_torir.p3d: {'Resolution 1': 6372, 'Resolution 2': 2152, 'Resolution 3': 877, 'Geometry': 1197, 'Memory': 0, 'Roadway': 19, 'View Geometry': 1157, 'Fire Geometry': 1187}
[th_kamigata_4k_endl_toril] zfight.resolve pass: 1025 visible pairs, 289 solids moved; zfight.resolve pass: 44 visible pairs, 21 solids moved; zfight.resolve pass: 9 visible pairs, 4 solids moved; zfight.resolve pass: 4 visible pairs, 2 solids moved
[th_kamigata_4k_endl_toril] MLOD D:\DayZ-Server_AI-20260907-MultiMap\japan_dev\buildings\townhouse\out\jp_townhouse_kamigata_4ken_endl_toril.p3d: {'Resolution 1': 9963, 'Resolution 2': 3455, 'Resolution 3': 1222, 'Geometry': 1311, 'Memory': 0, 'Roadway': 17, 'View Geometry': 1325, 'Fire Geometry': 1301}
[th_kamigata_4k_endl_torir] zfight.resolve pass: 1009 visible pairs, 305 solids moved; zfight.resolve pass: 49 visible pairs, 23 solids moved; zfight.resolve pass: 18 visible pairs, 8 solids moved; zfight.resolve pass: 8 visible pairs, 4 solids moved
[th_kamigata_4k_endl_torir] MLOD D:\DayZ-Server_AI-20260907-MultiMap\japan_dev\buildings\townhouse\out\jp_townhouse_kamigata_4ken_endl_torir.p3d: {'Resolution 1': 9677, 'Resolution 2': 3465, 'Resolution 3': 1293, 'Geometry': 1329, 'Memory': 0, 'Roadway': 16, 'View Geometry': 1343, 'Fire Geometry': 1319}
[th_kamigata_4k_endr_toril] zfight.resolve pass: 1023 visible pairs, 307 solids moved; zfight.resolve pass: 49 visible pairs, 23 solids moved; zfight.resolve pass: 18 visible pairs, 8 solids moved; zfight.resolve pass: 8 visible pairs, 4 solids moved
[th_kamigata_4k_endr_toril] MLOD D:\DayZ-Server_AI-20260907-MultiMap\japan_dev\buildings\townhouse\out\jp_townhouse_kamigata_4ken_endr_toril.p3d: {'Resolution 1': 9506, 'Resolution 2': 3311, 'Resolution 3': 1174, 'Geometry': 1329, 'Memory': 0, 'Roadway': 16, 'View Geometry': 1343, 'Fire Geometry': 1319}
[th_kamigata_4k_endr_torir] zfight.resolve pass: 1035 visible pairs, 290 solids moved; zfight.resolve pass: 44 visible pairs, 21 solids moved; zfight.resolve pass: 9 visible pairs, 4 solids moved; zfight.resolve pass: 4 visible pairs, 2 solids moved
[th_kamigata_4k_endr_torir] MLOD D:\DayZ-Server_AI-20260907-MultiMap\japan_dev\buildings\townhouse\out\jp_townhouse_kamigata_4ken_endr_torir.p3d: {'Resolution 1': 9786, 'Resolution 2': 3301, 'Resolution 3': 1103, 'Geometry': 1311, 'Memory': 0, 'Roadway': 17, 'View Geometry': 1325, 'Fire Geometry': 1301}
[th_kamigata_4k_middle_toril] zfight.resolve pass: 1021 visible pairs, 295 solids moved; zfight.resolve pass: 43 visible pairs, 20 solids moved; zfight.resolve pass: 12 visible pairs, 5 solids moved; zfight.resolve pass: 4 visible pairs, 2 solids moved
[th_kamigata_4k_middle_toril] MLOD D:\DayZ-Server_AI-20260907-MultiMap\japan_dev\buildings\townhouse\out\jp_townhouse_kamigata_4ken_middle_toril.p3d: {'Resolution 1': 8522, 'Resolution 2': 3008, 'Resolution 3': 964, 'Geometry': 1248, 'Memory': 0, 'Roadway': 16, 'View Geometry': 1262, 'Fire Geometry': 1238}
[th_kamigata_4k_middle_torir] zfight.resolve pass: 1017 visible pairs, 294 solids moved; zfight.resolve pass: 43 visible pairs, 20 solids moved; zfight.resolve pass: 12 visible pairs, 5 solids moved; zfight.resolve pass: 4 visible pairs, 2 solids moved
[th_kamigata_4k_middle_torir] MLOD D:\DayZ-Server_AI-20260907-MultiMap\japan_dev\buildings\townhouse\out\jp_townhouse_kamigata_4ken_middle_torir.p3d: {'Resolution 1': 8516, 'Resolution 2': 3008, 'Resolution 3': 964, 'Geometry': 1248, 'Memory': 0, 'Roadway': 16, 'View Geometry': 1262, 'Fire Geometry': 1238}
[th_kamigata_4k_cornerl_toril] zfight.resolve pass: 1032 visible pairs, 291 solids moved; zfight.resolve pass: 44 visible pairs, 21 solids moved; zfight.resolve pass: 9 visible pairs, 4 solids moved; zfight.resolve pass: 4 visible pairs, 2 solids moved
[th_kamigata_4k_cornerl_toril] MLOD D:\DayZ-Server_AI-20260907-MultiMap\japan_dev\buildings\townhouse\out\jp_townhouse_kamigata_4ken_cornerl_toril.p3d: {'Resolution 1': 10328, 'Resolution 2': 3551, 'Resolution 3': 1244, 'Geometry': 1341, 'Memory': 0, 'Roadway': 19, 'View Geometry': 1355, 'Fire Geometry': 1331}
[th_kamigata_4k_cornerl_torir] zfight.resolve pass: 1021 visible pairs, 309 solids moved; zfight.resolve pass: 53 visible pairs, 25 solids moved; zfight.resolve pass: 18 visible pairs, 8 solids moved; zfight.resolve pass: 8 visible pairs, 4 solids moved
[th_kamigata_4k_cornerl_torir] MLOD D:\DayZ-Server_AI-20260907-MultiMap\japan_dev\buildings\townhouse\out\jp_townhouse_kamigata_4ken_cornerl_torir.p3d: {'Resolution 1': 10462, 'Resolution 2': 3693, 'Resolution 3': 1346, 'Geometry': 1413, 'Memory': 0, 'Roadway': 19, 'View Geometry': 1427, 'Fire Geometry': 1403}
[th_kamigata_4k_cornerr_toril] zfight.resolve pass: 1035 visible pairs, 311 solids moved; zfight.resolve pass: 53 visible pairs, 25 solids moved; zfight.resolve pass: 18 visible pairs, 8 solids moved; zfight.resolve pass: 8 visible pairs, 4 solids moved
[th_kamigata_4k_cornerr_toril] MLOD D:\DayZ-Server_AI-20260907-MultiMap\japan_dev\buildings\townhouse\out\jp_townhouse_kamigata_4ken_cornerr_toril.p3d: {'Resolution 1': 10291, 'Resolution 2': 3539, 'Resolution 3': 1227, 'Geometry': 1413, 'Memory': 0, 'Roadway': 19, 'View Geometry': 1427, 'Fire Geometry': 1403}
[th_kamigata_4k_cornerr_torir] zfight.resolve pass: 1042 visible pairs, 292 solids moved; zfight.resolve pass: 44 visible pairs, 21 solids moved; zfight.resolve pass: 9 visible pairs, 4 solids moved; zfight.resolve pass: 4 visible pairs, 2 solids moved
[th_kamigata_4k_cornerr_torir] MLOD D:\DayZ-Server_AI-20260907-MultiMap\japan_dev\buildings\townhouse\out\jp_townhouse_kamigata_4ken_cornerr_torir.p3d: {'Resolution 1': 10151, 'Resolution 2': 3397, 'Resolution 3': 1125, 'Geometry': 1341, 'Memory': 0, 'Roadway': 19, 'View Geometry': 1355, 'Fire Geometry': 1331}
[th_edo_4k_endl_toril] zfight.resolve pass: 1048 visible pairs, 297 solids moved; zfight.resolve pass: 44 visible pairs, 21 solids moved; zfight.resolve pass: 9 visible pairs, 4 solids moved; zfight.resolve pass: 4 visible pairs, 2 solids moved
[th_edo_4k_endl_toril] MLOD D:\DayZ-Server_AI-20260907-MultiMap\japan_dev\buildings\townhouse\out\jp_townhouse_edo_4ken_endl_toril.p3d: {'Resolution 1': 7774, 'Resolution 2': 2463, 'Resolution 3': 1048, 'Geometry': 1293, 'Memory': 0, 'Roadway': 17, 'View Geometry': 1253, 'Fire Geometry': 1283}
[th_edo_4k_endl_torir] zfight.resolve pass: 1032 visible pairs, 311 solids moved; zfight.resolve pass: 51 visible pairs, 24 solids moved; zfight.resolve pass: 18 visible pairs, 8 solids moved; zfight.resolve pass: 8 visible pairs, 4 solids moved
[th_edo_4k_endl_torir] MLOD D:\DayZ-Server_AI-20260907-MultiMap\japan_dev\buildings\townhouse\out\jp_townhouse_edo_4ken_endl_torir.p3d: {'Resolution 1': 7692, 'Resolution 2': 2533, 'Resolution 3': 1126, 'Geometry': 1311, 'Memory': 0, 'Roadway': 16, 'View Geometry': 1271, 'Fire Geometry': 1301}
[th_edo_4k_endr_toril] zfight.resolve pass: 1028 visible pairs, 310 solids moved; zfight.resolve pass: 51 visible pairs, 24 solids moved; zfight.resolve pass: 18 visible pairs, 8 solids moved; zfight.resolve pass: 8 visible pairs, 4 solids moved
[th_edo_4k_endr_toril] MLOD D:\DayZ-Server_AI-20260907-MultiMap\japan_dev\buildings\townhouse\out\jp_townhouse_edo_4ken_endr_toril.p3d: {'Resolution 1': 7553, 'Resolution 2': 2422, 'Resolution 3': 1045, 'Geometry': 1311, 'Memory': 0, 'Roadway': 16, 'View Geometry': 1271, 'Fire Geometry': 1301}
[th_edo_4k_endr_torir] zfight.resolve pass: 1044 visible pairs, 296 solids moved; zfight.resolve pass: 44 visible pairs, 21 solids moved; zfight.resolve pass: 9 visible pairs, 4 solids moved; zfight.resolve pass: 4 visible pairs, 2 solids moved
[th_edo_4k_endr_torir] MLOD D:\DayZ-Server_AI-20260907-MultiMap\japan_dev\buildings\townhouse\out\jp_townhouse_edo_4ken_endr_torir.p3d: {'Resolution 1': 7635, 'Resolution 2': 2352, 'Resolution 3': 967, 'Geometry': 1293, 'Memory': 0, 'Roadway': 17, 'View Geometry': 1253, 'Fire Geometry': 1283}
[th_edo_4k_middle_toril] zfight.resolve pass: 1020 visible pairs, 297 solids moved; zfight.resolve pass: 43 visible pairs, 20 solids moved; zfight.resolve pass: 12 visible pairs, 5 solids moved; zfight.resolve pass: 4 visible pairs, 2 solids moved
[th_edo_4k_middle_toril] MLOD D:\DayZ-Server_AI-20260907-MultiMap\japan_dev\buildings\townhouse\out\jp_townhouse_edo_4ken_middle_toril.p3d: {'Resolution 1': 6598, 'Resolution 2': 2141, 'Resolution 3': 822, 'Geometry': 1230, 'Memory': 0, 'Roadway': 16, 'View Geometry': 1190, 'Fire Geometry': 1220}
[th_edo_4k_middle_torir] zfight.resolve pass: 1020 visible pairs, 297 solids moved; zfight.resolve pass: 43 visible pairs, 20 solids moved; zfight.resolve pass: 12 visible pairs, 5 solids moved; zfight.resolve pass: 4 visible pairs, 2 solids moved
[th_edo_4k_middle_torir] MLOD D:\DayZ-Server_AI-20260907-MultiMap\japan_dev\buildings\townhouse\out\jp_townhouse_edo_4ken_middle_torir.p3d: {'Resolution 1': 6598, 'Resolution 2': 2141, 'Resolution 3': 822, 'Geometry': 1230, 'Memory': 0, 'Roadway': 16, 'View Geometry': 1190, 'Fire Geometry': 1220}
[th_edo_4k_cornerl_toril] zfight.resolve pass: 1035 visible pairs, 294 solids moved; zfight.resolve pass: 44 visible pairs, 21 solids moved; zfight.resolve pass: 9 visible pairs, 4 solids moved; zfight.resolve pass: 4 visible pairs, 2 solids moved
[th_edo_4k_cornerl_toril] MLOD D:\DayZ-Server_AI-20260907-MultiMap\japan_dev\buildings\townhouse\out\jp_townhouse_edo_4ken_cornerl_toril.p3d: {'Resolution 1': 7876, 'Resolution 2': 2541, 'Resolution 3': 1078, 'Geometry': 1323, 'Memory': 0, 'Roadway': 19, 'View Geometry': 1283, 'Fire Geometry': 1313}
[th_edo_4k_cornerl_torir] zfight.resolve pass: 1027 visible pairs, 312 solids moved; zfight.resolve pass: 53 visible pairs, 25 solids moved; zfight.resolve pass: 18 visible pairs, 8 solids moved; zfight.resolve pass: 8 visible pairs, 4 solids moved
[th_edo_4k_cornerl_torir] MLOD D:\DayZ-Server_AI-20260907-MultiMap\japan_dev\buildings\townhouse\out\jp_townhouse_edo_4ken_cornerl_torir.p3d: {'Resolution 1': 8018, 'Resolution 2': 2683, 'Resolution 3': 1180, 'Geometry': 1395, 'Memory': 0, 'Roadway': 19, 'View Geometry': 1355, 'Fire Geometry': 1385}
[th_edo_4k_cornerr_toril] zfight.resolve pass: 1023 visible pairs, 311 solids moved; zfight.resolve pass: 53 visible pairs, 25 solids moved; zfight.resolve pass: 18 visible pairs, 8 solids moved; zfight.resolve pass: 8 visible pairs, 4 solids moved
[th_edo_4k_cornerr_toril] MLOD D:\DayZ-Server_AI-20260907-MultiMap\japan_dev\buildings\townhouse\out\jp_townhouse_edo_4ken_cornerr_toril.p3d: {'Resolution 1': 7879, 'Resolution 2': 2572, 'Resolution 3': 1099, 'Geometry': 1395, 'Memory': 0, 'Roadway': 19, 'View Geometry': 1355, 'Fire Geometry': 1385}
[th_edo_4k_cornerr_torir] zfight.resolve pass: 1031 visible pairs, 293 solids moved; zfight.resolve pass: 44 visible pairs, 21 solids moved; zfight.resolve pass: 9 visible pairs, 4 solids moved; zfight.resolve pass: 4 visible pairs, 2 solids moved
[th_edo_4k_cornerr_torir] MLOD D:\DayZ-Server_AI-20260907-MultiMap\japan_dev\buildings\townhouse\out\jp_townhouse_edo_4ken_cornerr_torir.p3d: {'Resolution 1': 7737, 'Resolution 2': 2430, 'Resolution 3': 997, 'Geometry': 1323, 'Memory': 0, 'Roadway': 19, 'View Geometry': 1283, 'Fire Geometry': 1313}
[th_edo_2k_middle_toril_board] zfight.resolve pass: 788 visible pairs, 218 solids moved; zfight.resolve pass: 27 visible pairs, 15 solids moved; zfight.resolve pass: 12 visible pairs, 5 solids moved; zfight.resolve pass: 4 visible pairs, 2 solids moved
[th_edo_2k_middle_toril_board] MLOD D:\DayZ-Server_AI-20260907-MultiMap\japan_dev\buildings\townhouse\out\jp_townhouse_edo_2ken_middle_toril_board.p3d: {'Resolution 1': 2625, 'Resolution 2': 1328, 'Resolution 3': 501, 'Geometry': 927, 'Memory': 0, 'Roadway': 15, 'View Geometry': 893, 'Fire Geometry': 917}
[th_edo_2k_middle_torir_board] zfight.resolve pass: 788 visible pairs, 218 solids moved; zfight.resolve pass: 27 visible pairs, 15 solids moved; zfight.resolve pass: 12 visible pairs, 5 solids moved; zfight.resolve pass: 4 visible pairs, 2 solids moved
[th_edo_2k_middle_torir_board] MLOD D:\DayZ-Server_AI-20260907-MultiMap\japan_dev\buildings\townhouse\out\jp_townhouse_edo_2ken_middle_torir_board.p3d: {'Resolution 1': 2625, 'Resolution 2': 1328, 'Resolution 3': 501, 'Geometry': 927, 'Memory': 0, 'Roadway': 15, 'View Geometry': 893, 'Fire Geometry': 917}
[th_edo_3k_middle_toril_board] zfight.resolve pass: 1045 visible pairs, 290 solids moved; zfight.resolve pass: 35 visible pairs, 16 solids moved; zfight.resolve pass: 14 visible pairs, 6 solids moved; zfight.resolve pass: 2 visible pairs, 1 solids moved
[th_edo_3k_middle_toril_board] MLOD D:\DayZ-Server_AI-20260907-MultiMap\japan_dev\buildings\townhouse\out\jp_townhouse_edo_3ken_middle_toril_board.p3d: {'Resolution 1': 3823, 'Resolution 2': 1656, 'Resolution 3': 621, 'Geometry': 1113, 'Memory': 0, 'Roadway': 16, 'View Geometry': 1073, 'Fire Geometry': 1103}
[th_edo_3k_middle_torir_board] zfight.resolve pass: 1045 visible pairs, 290 solids moved; zfight.resolve pass: 35 visible pairs, 16 solids moved; zfight.resolve pass: 14 visible pairs, 6 solids moved; zfight.resolve pass: 2 visible pairs, 1 solids moved
[th_edo_3k_middle_torir_board] MLOD D:\DayZ-Server_AI-20260907-MultiMap\japan_dev\buildings\townhouse\out\jp_townhouse_edo_3ken_middle_torir_board.p3d: {'Resolution 1': 3823, 'Resolution 2': 1656, 'Resolution 3': 621, 'Geometry': 1113, 'Memory': 0, 'Roadway': 16, 'View Geometry': 1073, 'Fire Geometry': 1103}
[th_edo_4k_middle_toril_board] zfight.resolve pass: 1073 visible pairs, 298 solids moved; zfight.resolve pass: 43 visible pairs, 20 solids moved; zfight.resolve pass: 12 visible pairs, 5 solids moved; zfight.resolve pass: 4 visible pairs, 2 solids moved
[th_edo_4k_middle_toril_board] MLOD D:\DayZ-Server_AI-20260907-MultiMap\japan_dev\buildings\townhouse\out\jp_townhouse_edo_4ken_middle_toril_board.p3d: {'Resolution 1': 4747, 'Resolution 2': 1906, 'Resolution 3': 741, 'Geometry': 1239, 'Memory': 0, 'Roadway': 16, 'View Geometry': 1199, 'Fire Geometry': 1229}
[th_edo_4k_middle_torir_board] zfight.resolve pass: 1073 visible pairs, 298 solids moved; zfight.resolve pass: 43 visible pairs, 20 solids moved; zfight.resolve pass: 12 visible pairs, 5 solids moved; zfight.resolve pass: 4 visible pairs, 2 solids moved
[th_edo_4k_middle_torir_board] MLOD D:\DayZ-Server_AI-20260907-MultiMap\japan_dev\buildings\townhouse\out\jp_townhouse_edo_4ken_middle_torir_board.p3d: {'Resolution 1': 4747, 'Resolution 2': 1906, 'Resolution 3': 741, 'Geometry': 1239, 'Memory': 0, 'Roadway': 16, 'View Geometry': 1199, 'Fire Geometry': 1229}
[th_edo_3k_middle_toril_kakigara] zfight.resolve pass: 1045 visible pairs, 290 solids moved; zfight.resolve pass: 35 visible pairs, 16 solids moved; zfight.resolve pass: 14 visible pairs, 6 solids moved; zfight.resolve pass: 2 visible pairs, 1 solids moved
[th_edo_3k_middle_toril_kakigara] MLOD D:\DayZ-Server_AI-20260907-MultiMap\japan_dev\buildings\townhouse\out\jp_townhouse_edo_3ken_middle_toril_kakigara.p3d: {'Resolution 1': 3823, 'Resolution 2': 1656, 'Resolution 3': 621, 'Geometry': 1113, 'Memory': 0, 'Roadway': 16, 'View Geometry': 1073, 'Fire Geometry': 1103}
[th_kamigata_3k_middle_toril_kyo] zfight.resolve pass: 976 visible pairs, 284 solids moved; zfight.resolve pass: 29 visible pairs, 15 solids moved; zfight.resolve pass: 14 visible pairs, 6 solids moved; zfight.resolve pass: 2 visible pairs, 1 solids moved
[th_kamigata_3k_middle_toril_kyo] MLOD D:\DayZ-Server_AI-20260907-MultiMap\japan_dev\buildings\townhouse\out\jp_townhouse_kamigata_3ken_middle_toril_kyo.p3d: {'Resolution 1': 6562, 'Resolution 2': 2454, 'Resolution 3': 790, 'Geometry': 1092, 'Memory': 0, 'Roadway': 16, 'View Geometry': 1088, 'Fire Geometry': 1082}
[th_kamigata_3k_middle_torir_komeya] zfight.resolve pass: 972 visible pairs, 283 solids moved; zfight.resolve pass: 29 visible pairs, 15 solids moved; zfight.resolve pass: 14 visible pairs, 6 solids moved; zfight.resolve pass: 2 visible pairs, 1 solids moved
[th_kamigata_3k_middle_torir_komeya] MLOD D:\DayZ-Server_AI-20260907-MultiMap\japan_dev\buildings\townhouse\out\jp_townhouse_kamigata_3ken_middle_torir_komeya.p3d: {'Resolution 1': 6466, 'Resolution 2': 2412, 'Resolution 3': 790, 'Geometry': 1092, 'Memory': 0, 'Roadway': 16, 'View Geometry': 1088, 'Fire Geometry': 1082}
[pt_det_tile_nuriya] zfight.resolve pass: 1008 visible pairs, 299 solids moved; zfight.resolve pass: 42 visible pairs, 22 solids moved; zfight.resolve pass: 17 visible pairs, 8 solids moved; zfight.resolve pass: 6 visible pairs, 3 solids moved
[pt_det_tile_nuriya] MLOD D:\DayZ-Server_AI-20260907-MultiMap\japan_dev\buildings\posttown\out\jp_posttownhouse_det_tilenuriya.p3d: {'Resolution 1': 7185, 'Resolution 2': 2400, 'Resolution 3': 1127, 'Geometry': 1224, 'Memory': 0, 'Roadway': 17, 'View Geometry': 1184, 'Fire Geometry': 1214}
[pt_det_tile_board] zfight.resolve pass: 1107 visible pairs, 363 solids moved; zfight.resolve pass: 63 visible pairs, 31 solids moved; zfight.resolve pass: 30 visible pairs, 21 solids moved; zfight.resolve pass: 6 visible pairs, 3 solids moved
[pt_det_tile_board] MLOD D:\DayZ-Server_AI-20260907-MultiMap\japan_dev\buildings\posttown\out\jp_posttownhouse_det_tileboard.p3d: {'Resolution 1': 7533, 'Resolution 2': 2472, 'Resolution 3': 1157, 'Geometry': 1254, 'Memory': 0, 'Roadway': 17, 'View Geometry': 1214, 'Fire Geometry': 1244}
[pt_det_board_nuriya] zfight.resolve pass: 1064 visible pairs, 315 solids moved; zfight.resolve pass: 42 visible pairs, 22 solids moved; zfight.resolve pass: 17 visible pairs, 8 solids moved; zfight.resolve pass: 6 visible pairs, 3 solids moved
[pt_det_board_nuriya] MLOD D:\DayZ-Server_AI-20260907-MultiMap\japan_dev\buildings\posttown\out\jp_posttownhouse_det_boardnuriya.p3d: {'Resolution 1': 5703, 'Resolution 2': 1980, 'Resolution 3': 1065, 'Geometry': 1281, 'Memory': 0, 'Roadway': 17, 'View Geometry': 1241, 'Fire Geometry': 1271}
[pt_det_board_board] zfight.resolve pass: 1163 visible pairs, 379 solids moved; zfight.resolve pass: 63 visible pairs, 31 solids moved; zfight.resolve pass: 30 visible pairs, 21 solids moved; zfight.resolve pass: 6 visible pairs, 3 solids moved
[pt_det_board_board] MLOD D:\DayZ-Server_AI-20260907-MultiMap\japan_dev\buildings\posttown\out\jp_posttownhouse_det_boardboard.p3d: {'Resolution 1': 5877, 'Resolution 2': 1968, 'Resolution 3': 1095, 'Geometry': 1311, 'Memory': 0, 'Roadway': 17, 'View Geometry': 1271, 'Fire Geometry': 1301}
[pt_det_stable_tile] zfight.resolve pass: 1029 visible pairs, 308 solids moved; zfight.resolve pass: 42 visible pairs, 22 solids moved; zfight.resolve pass: 17 visible pairs, 8 solids moved; zfight.resolve pass: 6 visible pairs, 3 solids moved
[pt_det_stable_tile] MLOD D:\DayZ-Server_AI-20260907-MultiMap\japan_dev\buildings\posttown\out\jp_posttownhouse_det_stable_tile.p3d: {'Resolution 1': 7767, 'Resolution 2': 2604, 'Resolution 3': 1187, 'Geometry': 1302, 'Memory': 0, 'Roadway': 17, 'View Geometry': 1262, 'Fire Geometry': 1292}
[pt_det_stable_board] zfight.resolve pass: 1184 visible pairs, 388 solids moved; zfight.resolve pass: 63 visible pairs, 31 solids moved; zfight.resolve pass: 30 visible pairs, 21 solids moved; zfight.resolve pass: 6 visible pairs, 3 solids moved
[pt_det_stable_board] MLOD D:\DayZ-Server_AI-20260907-MultiMap\japan_dev\buildings\posttown\out\jp_posttownhouse_det_stable_board.p3d: {'Resolution 1': 6459, 'Resolution 2': 2172, 'Resolution 3': 1155, 'Geometry': 1389, 'Memory': 0, 'Roadway': 17, 'View Geometry': 1349, 'Fire Geometry': 1379}
[pt_row_endl] zfight.resolve pass: 1003 visible pairs, 286 solids moved; zfight.resolve pass: 30 visible pairs, 16 solids moved; zfight.resolve pass: 11 visible pairs, 5 solids moved; zfight.resolve pass: 2 visible pairs, 1 solids moved
[pt_row_endl] MLOD D:\DayZ-Server_AI-20260907-MultiMap\japan_dev\buildings\posttown\out\jp_posttownhouse_row_endl.p3d: {'Resolution 1': 6235, 'Resolution 2': 2119, 'Resolution 3': 904, 'Geometry': 1143, 'Memory': 0, 'Roadway': 17, 'View Geometry': 1103, 'Fire Geometry': 1133}
[pt_row_middle] zfight.resolve pass: 1131 visible pairs, 352 solids moved; zfight.resolve pass: 39 visible pairs, 18 solids moved; zfight.resolve pass: 27 visible pairs, 19 solids moved; zfight.resolve pass: 2 visible pairs, 1 solids moved
[pt_row_middle] MLOD D:\DayZ-Server_AI-20260907-MultiMap\japan_dev\buildings\posttown\out\jp_posttownhouse_row_middle.p3d: {'Resolution 1': 3997, 'Resolution 2': 1662, 'Resolution 3': 627, 'Geometry': 1119, 'Memory': 0, 'Roadway': 16, 'View Geometry': 1079, 'Fire Geometry': 1109}
[inn_std_tile] zfight.resolve pass: 1191 visible pairs, 381 solids moved; zfight.resolve pass: 53 visible pairs, 30 solids moved; zfight.resolve pass: 27 visible pairs, 10 solids moved; zfight.resolve pass: 10 visible pairs, 5 solids moved
[inn_std_tile] MLOD D:\DayZ-Server_AI-20260907-MultiMap\japan_dev\buildings\hatago\out\jp_hatago_std_tile.p3d: {'Resolution 1': 10426, 'Resolution 2': 3170, 'Resolution 3': 1379, 'Geometry': 1596, 'Memory': 0, 'Roadway': 19, 'View Geometry': 1550, 'Fire Geometry': 1586}
[inn_std_board] zfight.resolve pass: 1410 visible pairs, 504 solids moved; zfight.resolve pass: 88 visible pairs, 43 solids moved; zfight.resolve pass: 109 visible pairs, 56 solids moved; zfight.resolve pass: 10 visible pairs, 5 solids moved
[inn_std_board] MLOD D:\DayZ-Server_AI-20260907-MultiMap\japan_dev\buildings\hatago\out\jp_hatago_std_board.p3d: {'Resolution 1': 8426, 'Resolution 2': 2706, 'Resolution 3': 1371, 'Geometry': 1707, 'Memory': 0, 'Roadway': 19, 'View Geometry': 1661, 'Fire Geometry': 1697}
[inn_std_mushiko] zfight.resolve pass: 1195 visible pairs, 379 solids moved; zfight.resolve pass: 57 visible pairs, 32 solids moved; zfight.resolve pass: 27 visible pairs, 10 solids moved; zfight.resolve pass: 10 visible pairs, 5 solids moved
[inn_std_mushiko] MLOD D:\DayZ-Server_AI-20260907-MultiMap\japan_dev\buildings\hatago\out\jp_hatago_std_mushiko.p3d: {'Resolution 1': 11910, 'Resolution 2': 4154, 'Resolution 3': 1506, 'Geometry': 1620, 'Memory': 0, 'Roadway': 19, 'View Geometry': 1646, 'Fire Geometry': 1610}
[inn_grand] zfight.resolve pass: 1497 visible pairs, 451 solids moved; zfight.resolve pass: 85 visible pairs, 38 solids moved; zfight.resolve pass: 15 visible pairs, 7 solids moved; zfight.resolve pass: 4 visible pairs, 2 solids moved
[inn_grand] MLOD D:\DayZ-Server_AI-20260907-MultiMap\japan_dev\buildings\hatago\out\jp_hatago_grand.p3d: {'Resolution 1': 11566, 'Resolution 2': 3776, 'Resolution 3': 1565, 'Geometry': 1859, 'Memory': 0, 'Roadway': 22, 'View Geometry': 1813, 'Fire Geometry': 1849}
[farmhouse_kanto_yosemune] zfight.resolve pass: 453 visible pairs, 142 solids moved; zfight.resolve pass: 111 visible pairs, 45 solids moved; zfight.resolve pass: 24 visible pairs, 12 solids moved; zfight.resolve pass: 2 visible pairs, 1 solids moved
[farmhouse_kanto_yosemune] MLOD D:\DayZ-Server_AI-20260907-MultiMap\japan_dev\buildings\farmhouse\out\jp_farmhouse_kanto_yosemune.p3d: {'Resolution 1': 8718, 'Resolution 2': 3955, 'Resolution 3': 1316, 'Geometry': 3821, 'Memory': 0, 'Roadway': 13, 'View Geometry': 3756, 'Fire Geometry': 3780}
[farmhouse_kanto_yosemune_umaya] zfight.resolve pass: 425 visible pairs, 138 solids moved; zfight.resolve pass: 111 visible pairs, 45 solids moved; zfight.resolve pass: 24 visible pairs, 12 solids moved; zfight.resolve pass: 2 visible pairs, 1 solids moved
[farmhouse_kanto_yosemune_umaya] MLOD D:\DayZ-Server_AI-20260907-MultiMap\japan_dev\buildings\farmhouse\out\jp_farmhouse_kanto_yosemune_umaya.p3d: {'Resolution 1': 9006, 'Resolution 2': 4277, 'Resolution 3': 1516, 'Geometry': 3851, 'Memory': 0, 'Roadway': 13, 'View Geometry': 3786, 'Fire Geometry': 3810}
[farmhouse_kanto_yosemune_umaya_domar] zfight.resolve pass: 425 visible pairs, 138 solids moved; zfight.resolve pass: 111 visible pairs, 45 solids moved; zfight.resolve pass: 24 visible pairs, 12 solids moved; zfight.resolve pass: 2 visible pairs, 1 solids moved
[farmhouse_kanto_yosemune_umaya_domar] MLOD D:\DayZ-Server_AI-20260907-MultiMap\japan_dev\buildings\farmhouse\out\jp_farmhouse_kanto_yosemune_umaya_domar.p3d: {'Resolution 1': 8876, 'Resolution 2': 4147, 'Resolution 3': 1386, 'Geometry': 3851, 'Memory': 0, 'Roadway': 13, 'View Geometry': 3786, 'Fire Geometry': 3810}
[farmhouse_kanto_irimoya_domar] zfight.resolve pass: 453 visible pairs, 142 solids moved; zfight.resolve pass: 111 visible pairs, 45 solids moved; zfight.resolve pass: 24 visible pairs, 12 solids moved; zfight.resolve pass: 2 visible pairs, 1 solids moved
[farmhouse_kanto_irimoya_domar] MLOD D:\DayZ-Server_AI-20260907-MultiMap\japan_dev\buildings\farmhouse\out\jp_farmhouse_kanto_irimoya_domar.p3d: {'Resolution 1': 9480, 'Resolution 2': 3877, 'Resolution 3': 1392, 'Geometry': 3761, 'Memory': 0, 'Roadway': 13, 'View Geometry': 3686, 'Fire Geometry': 3710}
[farmhouse_kinai_kirizuma_tile_takahe] zfight.resolve pass: 672 visible pairs, 217 solids moved; zfight.resolve pass: 98 visible pairs, 40 solids moved; zfight.resolve pass: 5 visible pairs, 3 solids moved
[farmhouse_kinai_kirizuma_tile_takahe] MLOD D:\DayZ-Server_AI-20260907-MultiMap\japan_dev\buildings\farmhouse\out\jp_farmhouse_kinai_kirizuma_tile_takahe.p3d: {'Resolution 1': 11042, 'Resolution 2': 4472, 'Resolution 3': 1536, 'Geometry': 3356, 'Memory': 0, 'Roadway': 18, 'View Geometry': 3274, 'Fire Geometry': 3304}
[farmhouse_kinai_kirizuma_board] zfight.resolve pass: 732 visible pairs, 235 solids moved; zfight.resolve pass: 98 visible pairs, 40 solids moved; zfight.resolve pass: 5 visible pairs, 3 solids moved
[farmhouse_kinai_kirizuma_board] MLOD D:\DayZ-Server_AI-20260907-MultiMap\japan_dev\buildings\farmhouse\out\jp_farmhouse_kinai_kirizuma_board.p3d: {'Resolution 1': 9318, 'Resolution 2': 4080, 'Resolution 3': 1386, 'Geometry': 3296, 'Memory': 0, 'Roadway': 18, 'View Geometry': 3214, 'Fire Geometry': 3244}
[farmhouse_kinai_irimoya_tile] zfight.resolve pass: 594 visible pairs, 195 solids moved; zfight.resolve pass: 112 visible pairs, 45 solids moved; zfight.resolve pass: 29 visible pairs, 15 solids moved
[farmhouse_kinai_irimoya_tile] MLOD D:\DayZ-Server_AI-20260907-MultiMap\japan_dev\buildings\farmhouse\out\jp_farmhouse_kinai_irimoya_tile.p3d: {'Resolution 1': 11428, 'Resolution 2': 4274, 'Resolution 3': 1494, 'Geometry': 3202, 'Memory': 0, 'Roadway': 18, 'View Geometry': 3122, 'Fire Geometry': 3152}
[farmhouse_kinai_irimoya_board] zfight.resolve pass: 592 visible pairs, 199 solids moved; zfight.resolve pass: 112 visible pairs, 45 solids moved; zfight.resolve pass: 29 visible pairs, 15 solids moved
[farmhouse_kinai_irimoya_board] MLOD D:\DayZ-Server_AI-20260907-MultiMap\japan_dev\buildings\farmhouse\out\jp_farmhouse_kinai_irimoya_board.p3d: {'Resolution 1': 9790, 'Resolution 2': 4042, 'Resolution 3': 1480, 'Geometry': 3202, 'Memory': 0, 'Roadway': 18, 'View Geometry': 3122, 'Fire Geometry': 3152}
[hut_east_s_earth_mushiro] zfight.resolve pass: 104 visible pairs, 33 solids moved; zfight.resolve pass: 36 visible pairs, 12 solids moved; zfight.resolve pass: 18 visible pairs, 9 solids moved
[hut_east_s_earth_mushiro] MLOD D:\DayZ-Server_AI-20260907-MultiMap\japan_dev\buildings\hut\out\jp_hut_east_s_earth_mushiro.p3d: {'Resolution 1': 2355, 'Resolution 2': 1420, 'Resolution 3': 458, 'Geometry': 932, 'Memory': 0, 'Roadway': 5, 'View Geometry': 926, 'Fire Geometry': 926}
[hut_east_s_sunoko] zfight.resolve pass: 136 visible pairs, 54 solids moved; zfight.resolve pass: 50 visible pairs, 21 solids moved; zfight.resolve pass: 12 visible pairs, 6 solids moved
[hut_east_s_sunoko] MLOD D:\DayZ-Server_AI-20260907-MultiMap\japan_dev\buildings\hut\out\jp_hut_east_s_sunoko.p3d: {'Resolution 1': 2275, 'Resolution 2': 1218, 'Resolution 3': 452, 'Geometry': 991, 'Memory': 0, 'Roadway': 8, 'View Geometry': 974, 'Fire Geometry': 980}
[hut_east_l_board] zfight.resolve pass: 90 visible pairs, 36 solids moved; zfight.resolve pass: 62 visible pairs, 24 solids moved; zfight.resolve pass: 18 visible pairs, 9 solids moved; zfight.resolve pass: 4 visible pairs, 2 solids moved
[hut_east_l_board] MLOD D:\DayZ-Server_AI-20260907-MultiMap\japan_dev\buildings\hut\out\jp_hut_east_l_board.p3d: {'Resolution 1': 3044, 'Resolution 2': 1722, 'Resolution 3': 694, 'Geometry': 1449, 'Memory': 0, 'Roadway': 8, 'View Geometry': 1426, 'Fire Geometry': 1432}
[hut_east_l_earth] zfight.resolve pass: 84 visible pairs, 34 solids moved; zfight.resolve pass: 50 visible pairs, 16 solids moved; zfight.resolve pass: 22 visible pairs, 11 solids moved; zfight.resolve pass: 4 visible pairs, 2 solids moved
[hut_east_l_earth] MLOD D:\DayZ-Server_AI-20260907-MultiMap\japan_dev\buildings\hut\out\jp_hut_east_l_earth.p3d: {'Resolution 1': 3109, 'Resolution 2': 1872, 'Resolution 3': 658, 'Geometry': 1298, 'Memory': 0, 'Roadway': 6, 'View Geometry': 1280, 'Fire Geometry': 1286}
[hut_west_thatch_leanl] zfight.resolve pass: 333 visible pairs, 71 solids moved; zfight.resolve pass: 47 visible pairs, 27 solids moved; zfight.resolve pass: 9 visible pairs, 4 solids moved
[hut_west_thatch_leanl] MLOD D:\DayZ-Server_AI-20260907-MultiMap\japan_dev\buildings\hut\out\jp_hut_west_thatch_leanl.p3d: {'Resolution 1': 3303, 'Resolution 2': 1098, 'Resolution 3': 464, 'Geometry': 1007, 'Memory': 0, 'Roadway': 10, 'View Geometry': 990, 'Fire Geometry': 996}
[hut_west_ishioki_leanr] zfight.resolve pass: 280 visible pairs, 49 solids moved; zfight.resolve pass: 24 visible pairs, 8 solids moved; zfight.resolve pass: 8 visible pairs, 4 solids moved
[hut_west_ishioki_leanr] MLOD D:\DayZ-Server_AI-20260907-MultiMap\japan_dev\buildings\hut\out\jp_hut_west_ishioki_leanr.p3d: {'Resolution 1': 5371, 'Resolution 2': 1425, 'Resolution 3': 509, 'Geometry': 901, 'Memory': 0, 'Roadway': 10, 'View Geometry': 895, 'Fire Geometry': 895}
[hut_west_itabuki] zfight.resolve pass: 326 visible pairs, 78 solids moved; zfight.resolve pass: 35 visible pairs, 15 solids moved; zfight.resolve pass: 9 visible pairs, 4 solids moved
[hut_west_itabuki] MLOD D:\DayZ-Server_AI-20260907-MultiMap\japan_dev\buildings\hut\out\jp_hut_west_itabuki.p3d: {'Resolution 1': 3124, 'Resolution 2': 983, 'Resolution 3': 431, 'Geometry': 858, 'Memory': 0, 'Roadway': 11, 'View Geometry': 841, 'Fire Geometry': 847}
[hut_west_ishioki] zfight.resolve pass: 318 visible pairs, 56 solids moved; zfight.resolve pass: 35 visible pairs, 15 solids moved; zfight.resolve pass: 9 visible pairs, 4 solids moved
[hut_west_ishioki] MLOD D:\DayZ-Server_AI-20260907-MultiMap\japan_dev\buildings\hut\out\jp_hut_west_ishioki.p3d: {'Resolution 1': 4506, 'Resolution 2': 1081, 'Resolution 3': 449, 'Geometry': 858, 'Memory': 0, 'Roadway': 11, 'View Geometry': 841, 'Fire Geometry': 847}
[hut_west_thatch] zfight.resolve pass: 306 visible pairs, 61 solids moved; zfight.resolve pass: 32 visible pairs, 11 solids moved; zfight.resolve pass: 8 visible pairs, 4 solids moved
[hut_west_thatch] MLOD D:\DayZ-Server_AI-20260907-MultiMap\japan_dev\buildings\hut\out\jp_hut_west_thatch.p3d: {'Resolution 1': 3221, 'Resolution 2': 1232, 'Resolution 3': 416, 'Geometry': 858, 'Memory': 0, 'Roadway': 6, 'View Geometry': 846, 'Fire Geometry': 852}
[shed_open_board] zfight.resolve pass: 239 visible pairs, 43 solids moved; zfight.resolve pass: 4 visible pairs, 2 solids moved; zfight.resolve pass: 4 visible pairs, 2 solids moved
[shed_open_board] MLOD D:\DayZ-Server_AI-20260907-MultiMap\japan_dev\buildings\shed\out\jp_shed_open_board.p3d: {'Resolution 1': 2304, 'Resolution 2': 629, 'Resolution 3': 293, 'Geometry': 603, 'Memory': 0, 'Roadway': 4, 'View Geometry': 603, 'Fire Geometry': 603}
[shed_open_thatch] zfight.resolve pass: 257 visible pairs, 45 solids moved; zfight.resolve pass: 4 visible pairs, 2 solids moved; zfight.resolve pass: 4 visible pairs, 2 solids moved
[shed_open_thatch] MLOD D:\DayZ-Server_AI-20260907-MultiMap\japan_dev\buildings\shed\out\jp_shed_open_thatch.p3d: {'Resolution 1': 2249, 'Resolution 2': 658, 'Resolution 3': 278, 'Geometry': 650, 'Memory': 0, 'Roadway': 1, 'View Geometry': 650, 'Fire Geometry': 650}
[shed_walled_ishioki_woodshed] zfight.resolve pass: 293 visible pairs, 48 solids moved; zfight.resolve pass: 24 visible pairs, 9 solids moved; zfight.resolve pass: 8 visible pairs, 4 solids moved
[shed_walled_ishioki_woodshed] MLOD D:\DayZ-Server_AI-20260907-MultiMap\japan_dev\buildings\shed\out\jp_shed_walled_ishioki_woodshed.p3d: {'Resolution 1': 4861, 'Resolution 2': 965, 'Resolution 3': 437, 'Geometry': 777, 'Memory': 0, 'Roadway': 7, 'View Geometry': 771, 'Fire Geometry': 777}
[barn_walled_thatch] zfight.resolve pass: 397 visible pairs, 68 solids moved; zfight.resolve pass: 32 visible pairs, 13 solids moved; zfight.resolve pass: 8 visible pairs, 4 solids moved
[barn_walled_thatch] MLOD D:\DayZ-Server_AI-20260907-MultiMap\japan_dev\buildings\shed\out\jp_barn_walled_thatch.p3d: {'Resolution 1': 3827, 'Resolution 2': 1052, 'Resolution 3': 452, 'Geometry': 1054, 'Memory': 0, 'Roadway': 2, 'View Geometry': 1036, 'Fire Geometry': 1042}
[kura_namako] zfight.resolve pass: 134 visible pairs, 59 solids moved; zfight.resolve pass: 1 visible pairs, 1 solids moved; zfight.resolve pass: 2 visible pairs, 1 solids moved; zfight.resolve pass: 1 visible pairs, 1 solids moved
[kura_namako] MLOD D:\DayZ-Server_AI-20260907-MultiMap\japan_dev\buildings\kura\out\jp_kura_namako.p3d: {'Resolution 1': 5532, 'Resolution 2': 1454, 'Resolution 3': 629, 'Geometry': 610, 'Memory': 0, 'Roadway': 12, 'View Geometry': 559, 'Fire Geometry': 570}
[kura_kuro_hinged] zfight.resolve pass: 137 visible pairs, 60 solids moved; zfight.resolve pass: 1 visible pairs, 1 solids moved; zfight.resolve pass: 2 visible pairs, 1 solids moved; zfight.resolve pass: 1 visible pairs, 1 solids moved
[kura_kuro_hinged] MLOD D:\DayZ-Server_AI-20260907-MultiMap\japan_dev\buildings\kura\out\jp_kura_kuro_hinged.p3d: {'Resolution 1': 4955, 'Resolution 2': 1531, 'Resolution 3': 635, 'Geometry': 724, 'Memory': 0, 'Roadway': 12, 'View Geometry': 673, 'Fire Geometry': 684}
[kura_plain] zfight.resolve pass: 134 visible pairs, 59 solids moved; zfight.resolve pass: 1 visible pairs, 1 solids moved; zfight.resolve pass: 2 visible pairs, 1 solids moved; zfight.resolve pass: 1 visible pairs, 1 solids moved
[kura_plain] MLOD D:\DayZ-Server_AI-20260907-MultiMap\japan_dev\buildings\kura\out\jp_kura_plain.p3d: {'Resolution 1': 4335, 'Resolution 2': 1433, 'Resolution 3': 605, 'Geometry': 610, 'Memory': 0, 'Roadway': 12, 'View Geometry': 559, 'Fire Geometry': 570}
[f_th_kamigata_3k_middle_komeya] zfight.resolve pass: 993 visible pairs, 287 solids moved; zfight.resolve pass: 35 visible pairs, 16 solids moved; zfight.resolve pass: 14 visible pairs, 6 solids moved; zfight.resolve pass: 2 visible pairs, 1 solids moved
[f_th_kamigata_3k_middle_komeya] MLOD D:\DayZ-Server_AI-20260907-MultiMap\japan_dev\buildings\furnished\out\jp_townhouse_kamigata_3ken_middle_toril_komeya.p3d: {'Resolution 1': 6712, 'Resolution 2': 2508, 'Resolution 3': 832, 'Geometry': 1122, 'Memory': 0, 'Roadway': 16, 'View Geometry': 1118, 'Fire Geometry': 1112}; proxies {'Resolution 1': 37, 'Geometry': 20, 'View Geometry': 20, 'Fire Geometry': 20}
[f_th_kamigata_2k_middle_kamiya] zfight.resolve pass: 732 visible pairs, 214 solids moved; zfight.resolve pass: 27 visible pairs, 15 solids moved; zfight.resolve pass: 12 visible pairs, 5 solids moved; zfight.resolve pass: 4 visible pairs, 2 solids moved
[f_th_kamigata_2k_middle_kamiya] MLOD D:\DayZ-Server_AI-20260907-MultiMap\japan_dev\buildings\furnished\out\jp_townhouse_kamigata_2ken_middle_torir_kamiya.p3d: {'Resolution 1': 4560, 'Resolution 2': 1894, 'Resolution 3': 682, 'Geometry': 930, 'Memory': 0, 'Roadway': 15, 'View Geometry': 914, 'Fire Geometry': 920}; proxies {'Resolution 1': 32, 'Geometry': 13, 'View Geometry': 13, 'Fire Geometry': 13}
[f_th_edo_2k_middle_gofuku] zfight.resolve pass: 735 visible pairs, 217 solids moved; zfight.resolve pass: 27 visible pairs, 15 solids moved; zfight.resolve pass: 12 visible pairs, 5 solids moved; zfight.resolve pass: 4 visible pairs, 2 solids moved
[f_th_edo_2k_middle_gofuku] MLOD D:\DayZ-Server_AI-20260907-MultiMap\japan_dev\buildings\furnished\out\jp_townhouse_edo_2ken_middle_torir_gofuku.p3d: {'Resolution 1': 3664, 'Resolution 2': 1531, 'Resolution 3': 600, 'Geometry': 924, 'Memory': 0, 'Roadway': 15, 'View Geometry': 890, 'Fire Geometry': 914}; proxies {'Resolution 1': 29, 'Geometry': 13, 'View Geometry': 13, 'Fire Geometry': 13}
[f_th_edo_3k_cornerr_sakaya] zfight.resolve pass: 992 visible pairs, 304 solids moved; zfight.resolve pass: 49 visible pairs, 23 solids moved; zfight.resolve pass: 20 visible pairs, 9 solids moved; zfight.resolve pass: 6 visible pairs, 3 solids moved
[f_th_edo_3k_cornerr_sakaya] MLOD D:\DayZ-Server_AI-20260907-MultiMap\japan_dev\buildings\furnished\out\jp_townhouse_edo_3ken_cornerr_toril_sakaya.p3d: {'Resolution 1': 6580, 'Resolution 2': 2324, 'Resolution 3': 997, 'Geometry': 1275, 'Memory': 0, 'Roadway': 19, 'View Geometry': 1235, 'Fire Geometry': 1265}; proxies {'Resolution 1': 35, 'Geometry': 19, 'View Geometry': 19, 'Fire Geometry': 19}
[f_pt_det_tile_nuriya_home] zfight.resolve pass: 1008 visible pairs, 299 solids moved; zfight.resolve pass: 42 visible pairs, 22 solids moved; zfight.resolve pass: 17 visible pairs, 8 solids moved; zfight.resolve pass: 6 visible pairs, 3 solids moved
[f_pt_det_tile_nuriya_home] MLOD D:\DayZ-Server_AI-20260907-MultiMap\japan_dev\buildings\furnished\out\jp_posttownhouse_det_tilenuriya_home.p3d: {'Resolution 1': 7251, 'Resolution 2': 2430, 'Resolution 3': 1145, 'Geometry': 1230, 'Memory': 0, 'Roadway': 17, 'View Geometry': 1190, 'Fire Geometry': 1220}; proxies {'Resolution 1': 33, 'Geometry': 18, 'View Geometry': 18, 'Fire Geometry': 18}
[f_inn_std_tile] zfight.resolve pass: 1191 visible pairs, 381 solids moved; zfight.resolve pass: 53 visible pairs, 30 solids moved; zfight.resolve pass: 27 visible pairs, 10 solids moved; zfight.resolve pass: 10 visible pairs, 5 solids moved
[f_inn_std_tile] MLOD D:\DayZ-Server_AI-20260907-MultiMap\japan_dev\buildings\furnished\out\jp_hatago_std_tile_furnished.p3d: {'Resolution 1': 10516, 'Resolution 2': 3206, 'Resolution 3': 1397, 'Geometry': 1602, 'Memory': 0, 'Roadway': 19, 'View Geometry': 1556, 'Fire Geometry': 1592}; proxies {'Resolution 1': 41, 'Geometry': 23, 'View Geometry': 23, 'Fire Geometry': 23}
[f_inn_grand] zfight.resolve pass: 1497 visible pairs, 451 solids moved; zfight.resolve pass: 85 visible pairs, 38 solids moved; zfight.resolve pass: 15 visible pairs, 7 solids moved; zfight.resolve pass: 4 visible pairs, 2 solids moved
[f_inn_grand] MLOD D:\DayZ-Server_AI-20260907-MultiMap\japan_dev\buildings\furnished\out\jp_hatago_grand_furnished.p3d: {'Resolution 1': 11656, 'Resolution 2': 3812, 'Resolution 3': 1583, 'Geometry': 1865, 'Memory': 0, 'Roadway': 22, 'View Geometry': 1819, 'Fire Geometry': 1855}; proxies {'Resolution 1': 48, 'Geometry': 30, 'View Geometry': 30, 'Fire Geometry': 30}
[f_farmhouse_kanto] zfight.resolve pass: 425 visible pairs, 138 solids moved; zfight.resolve pass: 111 visible pairs, 45 solids moved; zfight.resolve pass: 24 visible pairs, 12 solids moved; zfight.resolve pass: 2 visible pairs, 1 solids moved
[f_farmhouse_kanto] MLOD D:\DayZ-Server_AI-20260907-MultiMap\japan_dev\buildings\furnished\out\jp_farmhouse_kanto_yosemune_umaya_furnished.p3d: {'Resolution 1': 9072, 'Resolution 2': 4307, 'Resolution 3': 1534, 'Geometry': 3857, 'Memory': 0, 'Roadway': 13, 'View Geometry': 3792, 'Fire Geometry': 3816}; proxies {'Resolution 1': 33, 'Geometry': 17, 'View Geometry': 17, 'Fire Geometry': 17}
[f_farmhouse_kinai] zfight.resolve pass: 672 visible pairs, 217 solids moved; zfight.resolve pass: 98 visible pairs, 40 solids moved; zfight.resolve pass: 5 visible pairs, 3 solids moved
[f_farmhouse_kinai] MLOD D:\DayZ-Server_AI-20260907-MultiMap\japan_dev\buildings\furnished\out\jp_farmhouse_kinai_kirizuma_tile_takahe_furnished.p3d: {'Resolution 1': 11108, 'Resolution 2': 4502, 'Resolution 3': 1554, 'Geometry': 3362, 'Memory': 0, 'Roadway': 18, 'View Geometry': 3280, 'Fire Geometry': 3310}; proxies {'Resolution 1': 36, 'Geometry': 18, 'View Geometry': 18, 'Fire Geometry': 18}
[f_hut_east_l_board] zfight.resolve pass: 90 visible pairs, 36 solids moved; zfight.resolve pass: 62 visible pairs, 24 solids moved; zfight.resolve pass: 18 visible pairs, 9 solids moved; zfight.resolve pass: 4 visible pairs, 2 solids moved
[f_hut_east_l_board] MLOD D:\DayZ-Server_AI-20260907-MultiMap\japan_dev\buildings\furnished\out\jp_hut_east_l_board_furnished.p3d: {'Resolution 1': 3086, 'Resolution 2': 1746, 'Resolution 3': 712, 'Geometry': 1455, 'Memory': 0, 'Roadway': 8, 'View Geometry': 1432, 'Fire Geometry': 1438}; proxies {'Resolution 1': 14, 'Geometry': 7, 'View Geometry': 7, 'Fire Geometry': 7}
[f_hut_west_thatch_leanl] zfight.resolve pass: 333 visible pairs, 71 solids moved; zfight.resolve pass: 47 visible pairs, 27 solids moved; zfight.resolve pass: 9 visible pairs, 4 solids moved
[f_hut_west_thatch_leanl] MLOD D:\DayZ-Server_AI-20260907-MultiMap\japan_dev\buildings\furnished\out\jp_hut_west_thatch_leanl_furnished.p3d: {'Resolution 1': 3345, 'Resolution 2': 1122, 'Resolution 3': 482, 'Geometry': 1013, 'Memory': 0, 'Roadway': 10, 'View Geometry': 996, 'Fire Geometry': 1002}; proxies {'Resolution 1': 19, 'Geometry': 9, 'View Geometry': 9, 'Fire Geometry': 9}
[f_shed_walled_woodshed] zfight.resolve pass: 293 visible pairs, 48 solids moved; zfight.resolve pass: 24 visible pairs, 9 solids moved; zfight.resolve pass: 8 visible pairs, 4 solids moved
[f_shed_walled_woodshed] MLOD D:\DayZ-Server_AI-20260907-MultiMap\japan_dev\buildings\furnished\out\jp_shed_walled_ishioki_woodshed_furnished.p3d: {'Resolution 1': 4861, 'Resolution 2': 965, 'Resolution 3': 437, 'Geometry': 777, 'Memory': 0, 'Roadway': 7, 'View Geometry': 771, 'Fire Geometry': 777}; proxies {'Resolution 1': 13, 'Geometry': 8, 'View Geometry': 8, 'Fire Geometry': 8}
[f_kura_namako] zfight.resolve pass: 134 visible pairs, 59 solids moved; zfight.resolve pass: 1 visible pairs, 1 solids moved; zfight.resolve pass: 2 visible pairs, 1 solids moved; zfight.resolve pass: 1 visible pairs, 1 solids moved
[f_kura_namako] MLOD D:\DayZ-Server_AI-20260907-MultiMap\japan_dev\buildings\furnished\out\jp_kura_namako_furnished.p3d: {'Resolution 1': 5532, 'Resolution 2': 1454, 'Resolution 3': 629, 'Geometry': 610, 'Memory': 0, 'Roadway': 12, 'View Geometry': 559, 'Fire Geometry': 570}; proxies {'Resolution 1': 11, 'Geometry': 10, 'View Geometry': 10, 'Fire Geometry': 10}
[f_kura_kuro_hinged] zfight.resolve pass: 137 visible pairs, 60 solids moved; zfight.resolve pass: 1 visible pairs, 1 solids moved; zfight.resolve pass: 2 visible pairs, 1 solids moved; zfight.resolve pass: 1 visible pairs, 1 solids moved
[f_kura_kuro_hinged] MLOD D:\DayZ-Server_AI-20260907-MultiMap\japan_dev\buildings\furnished\out\jp_kura_kuro_hinged_furnished.p3d: {'Resolution 1': 4955, 'Resolution 2': 1531, 'Resolution 3': 635, 'Geometry': 724, 'Memory': 0, 'Roadway': 12, 'View Geometry': 673, 'Fire Geometry': 684}; proxies {'Resolution 1': 11, 'Geometry': 10, 'View Geometry': 10, 'Fire Geometry': 10}
[s1_th_edo_3k_middle_kanamono] zfight.resolve pass: 997 visible pairs, 285 solids moved; zfight.resolve pass: 32 visible pairs, 15 solids moved; zfight.resolve pass: 14 visible pairs, 6 solids moved; zfight.resolve pass: 2 visible pairs, 1 solids moved
[s1_th_edo_3k_middle_kanamono] MLOD D:\DayZ-Server_AI-20260907-MultiMap\japan_dev\buildings\furnished\out\jp_townhouse_edo_3ken_middle_toril_kanamono.p3d: {'Resolution 1': 5306, 'Resolution 2': 1905, 'Resolution 3': 720, 'Geometry': 1134, 'Memory': 0, 'Roadway': 18, 'View Geometry': 1094, 'Fire Geometry': 1124}; proxies {'Resolution 1': 40, 'Geometry': 20, 'View Geometry': 20, 'Fire Geometry': 20}
[s1_th_kamigata_2k_middle_tabako] zfight.resolve pass: 738 visible pairs, 212 solids moved; zfight.resolve pass: 24 visible pairs, 13 solids moved; zfight.resolve pass: 12 visible pairs, 5 solids moved; zfight.resolve pass: 4 visible pairs, 2 solids moved
[s1_th_kamigata_2k_middle_tabako] MLOD D:\DayZ-Server_AI-20260907-MultiMap\japan_dev\buildings\furnished\out\jp_townhouse_kamigata_2ken_middle_torir_tabako.p3d: {'Resolution 1': 4573, 'Resolution 2': 1906, 'Resolution 3': 682, 'Geometry': 954, 'Memory': 0, 'Roadway': 17, 'View Geometry': 938, 'Fire Geometry': 944}; proxies {'Resolution 1': 33, 'Geometry': 14, 'View Geometry': 14, 'Fire Geometry': 14}
[s1_th_kamigata_3k_endr_mochiya] zfight.resolve pass: 997 visible pairs, 296 solids moved; zfight.resolve pass: 42 visible pairs, 20 solids moved; zfight.resolve pass: 20 visible pairs, 9 solids moved; zfight.resolve pass: 6 visible pairs, 3 solids moved
[s1_th_kamigata_3k_endr_mochiya] MLOD D:\DayZ-Server_AI-20260907-MultiMap\japan_dev\buildings\furnished\out\jp_townhouse_kamigata_3ken_endr_toril_mochiya.p3d: {'Resolution 1': 7698, 'Resolution 2': 2823, 'Resolution 3': 1042, 'Geometry': 1227, 'Memory': 0, 'Roadway': 18, 'View Geometry': 1223, 'Fire Geometry': 1217}; proxies {'Resolution 1': 39, 'Geometry': 20, 'View Geometry': 20, 'Fire Geometry': 20}
[s1_th_edo_3k_endl_kusuri] zfight.resolve pass: 1025 visible pairs, 285 solids moved; zfight.resolve pass: 33 visible pairs, 16 solids moved; zfight.resolve pass: 11 visible pairs, 5 solids moved; zfight.resolve pass: 2 visible pairs, 1 solids moved
[s1_th_edo_3k_endl_kusuri] MLOD D:\DayZ-Server_AI-20260907-MultiMap\japan_dev\buildings\furnished\out\jp_townhouse_edo_3ken_endl_toril_kusuri.p3d: {'Resolution 1': 6477, 'Resolution 2': 2227, 'Resolution 3': 946, 'Geometry': 1197, 'Memory': 0, 'Roadway': 19, 'View Geometry': 1157, 'Fire Geometry': 1187}; proxies {'Resolution 1': 40, 'Geometry': 21, 'View Geometry': 21, 'Fire Geometry': 21}
[s1_th_edo_2k_middle_board_shitate] zfight.resolve pass: 794 visible pairs, 216 solids moved; zfight.resolve pass: 24 visible pairs, 13 solids moved; zfight.resolve pass: 12 visible pairs, 5 solids moved; zfight.resolve pass: 4 visible pairs, 2 solids moved
[s1_th_edo_2k_middle_board_shitate] MLOD D:\DayZ-Server_AI-20260907-MultiMap\japan_dev\buildings\furnished\out\jp_townhouse_edo_2ken_middle_torir_board_shitate.p3d: {'Resolution 1': 2680, 'Resolution 2': 1364, 'Resolution 3': 519, 'Geometry': 957, 'Memory': 0, 'Roadway': 17, 'View Geometry': 923, 'Fire Geometry': 947}; proxies {'Resolution 1': 34, 'Geometry': 14, 'View Geometry': 14, 'Fire Geometry': 14}
[s1_th_kamigata_3k_middle_kyo_ningyo] zfight.resolve pass: 981 visible pairs, 280 solids moved; zfight.resolve pass: 26 visible pairs, 14 solids moved; zfight.resolve pass: 14 visible pairs, 6 solids moved; zfight.resolve pass: 2 visible pairs, 1 solids moved
[s1_th_kamigata_3k_middle_kyo_ningyo] MLOD D:\DayZ-Server_AI-20260907-MultiMap\japan_dev\buildings\furnished\out\jp_townhouse_kamigata_3ken_middle_toril_kyo_ningyo.p3d: {'Resolution 1': 6630, 'Resolution 2': 2496, 'Resolution 3': 808, 'Geometry': 1122, 'Memory': 0, 'Roadway': 18, 'View Geometry': 1118, 'Fire Geometry': 1112}; proxies {'Resolution 1': 37, 'Geometry': 20, 'View Geometry': 20, 'Fire Geometry': 20}
  CfgConvert config.cpp: OK 
  CfgConvert model.cfg: OK 
  CfgConvert model.cfg: OK 
  CfgConvert model.cfg: OK 
  CfgConvert model.cfg: OK 
  CfgConvert model.cfg: OK 
  CfgConvert model.cfg: OK 
  CfgConvert model.cfg: OK 
  CfgConvert model.cfg: OK 
  CfgConvert model.cfg: OK 
  CfgConvert model.cfg: OK 
combined 128 shipped building(s): config.cpp, model.cfg, C.csv (101 placements), C_mapgroupproto.xml, C_mapgrouppos.xml
  bindcheck: 128 of 128 shipped classes bind (class == Land_<p3d stem>, Geometry class=house)
binarize farmhouse: 8/8 ODOL, 8 warning/error lines
binarize furnished: 20/20 ODOL, 8 warning/error lines
binarize hatago: 4/4 ODOL, 8 warning/error lines
binarize hut: 9/9 ODOL, 8 warning/error lines
binarize kura: 3/3 ODOL, 8 warning/error lines
binarize machiya: 2/2 ODOL, 8 warning/error lines
binarize posttown: 8/8 ODOL, 8 warning/error lines
binarize shed: 4/4 ODOL, 8 warning/error lines
binarize OK: jp_toilet_t1_01 (146220 bytes), 8 warning/error lines in D:\DayZ-Server_AI-20260907-MultiMap\japan_dev\buildings\toilet_t1_01\out\binarize.log
binarize townhouse: 69/69 ODOL, 8 warning/error lines
packed 129 files -> D:\DayZ-Server_AI-20260907-MultiMap\@Japan\addons\jp_buildings.pbo (prefix=JP\buildings, 78417367 bytes)
packed D:\DayZ-Server_AI-20260907-MultiMap\@Japan\addons\jp_buildings.pbo 78417388 bytes
verify: 128 buildings in 10 processes, 625 s, all pass (logs D:\DayZ-Server_AI-20260907-MultiMap\japan_dev\data\C\_build\verify_logs)
