C:\Program Files (x86)\Steam\steamapps\common\DayZ Tools\Bin\Binarize\binarize.exe -always -silent -addon=P:\JP\weapons -binpath=P:\bin P:\JP\weapons\yari D:\DayZ-Server_AI-20260907-MultiMap\japan_dev\spikes\A_arms\work\bin\yari *.p3d

BINARIZE rev.163709
"C:\Program Files (x86)\Steam\steamapps\common\DayZ Tools\Bin\Binarize\binarize.exe" -always -silent -addon=P:\JP\weapons -binpath=P:\bin P:\JP\weapons\yari D:\DayZ-Server_AI-20260907-MultiMap\japan_dev\spikes\A_arms\work\bin\yari *.p3d
Binarize run in silent mode!
Binarize started
Note: 'Inventory_Base' is declared, but definition was not found. Creating empty class (source: P:\JP\weapons\config.cpp)
Note: 'Sword' is declared, but definition was not found. Creating empty class (source: P:\JP\weapons\config.cpp)
Note: 'Spear' is declared, but definition was not found. Creating empty class (source: P:\JP\weapons\config.cpp)
Note: 'FxRound_HuntingBolt' is declared, but definition was not found. Creating empty class (source: P:\JP\weapons\config.cpp)
Note: 'Ammo_HuntingBolt' is declared, but definition was not found. Creating empty class (source: P:\JP\weapons\config.cpp)
Note: 'Bullet_HuntingBolt' is declared, but definition was not found. Creating empty class (source: P:\JP\weapons\config.cpp)
Note: 'Mode_SemiAuto' is declared, but definition was not found. Creating empty class (source: P:\JP\weapons\config.cpp)
Note: 'RecurveBow' is declared, but definition was not found. Creating empty class (source: P:\JP\weapons\config.cpp)
Note: 'Crossbow_Base' is declared, but definition was not found. Creating empty class (source: P:\JP\weapons\config.cpp)
Distance 0.0 - min grid 3.125, Slowdown CPU factor 0.0 (max. 0.0), memory required 0.0 MB (max 8063.6 MB)
Distance 0.0 - min grid 3.125, Slowdown CPU factor 0.0 (max. 0.0), memory required 0.0 MB (max 8063.6 MB)
Warning: Terrain grid 0.5 will be too slow, should use 3.1
Convert model P:\JP\weapons\yari\jp_yari.p3d -> D:\DayZ-Server_AI-20260907-MultiMap\japan_dev\spikes\A_arms\work\bin\yari\jp_yari.p3d
<model = "P:\JP\weapons\yari\jp_yari.p3d">
UV mapping too varied on jp\weapons\data\jp_fittings_co.paa, stage 0: texel size used 0.000617998, max 0.00390625, min 0.000367317
UV mapping too varied on jp\weapons\data\jp_blade_co.paa, stage 0: texel size used 0.000103306, max 0.00138107, min 4.36653e-05
UV mapping too varied on jp\weapons\data\jp_fittings_co.paa, stage 0: texel size used 0.000612021, max 0.00390625, min 0.000362826
UV mapping too varied on jp\weapons\data\jp_blade_co.paa, stage 0: texel size used 0.000102115, max 0.00138107, min 5.34842e-05
UV mapping too varied on jp\weapons\data\jp_fittings_co.paa, stage 0: texel size used 0.000588234, max 0.00390625, min 0.000345595
UV mapping too varied on jp\weapons\data\jp_blade_co.paa, stage 0: texel size used 9.59826e-05, max 0.00138107, min 6.82214e-05
</model>

FileServer MaxCacheSize = 23987 MB
No entry '.CfgNonAIVehicles'.
Warning: CfgVehicles missing in PreloadConfig - may slow down vehicle creation
Warning: CfgAmmo missing in PreloadConfig - may slow down vehicle creation
Warning: CfgWeapons missing in PreloadConfig - may slow down vehicle creation
Warning: CfgMagazines missing in PreloadConfig - may slow down vehicle creation
No entry '.CfgDefaultSettings'.
No entry '.defaultVisibility'.
Trying to access error value.
No entry '.CfgDefaultSettings'.
No entry '.defaultTerrainGrid'.
Trying to access error value.
No entry '.CfgDefaultSettings'.
No entry '.defaultObjectViewDistance'.
Trying to access error value.
No entry '.CfgDefaultSettings'.
No entry '.hazeDefaultDistance'.
Trying to access error value.
No entry '.CfgWorlds'.
No entry '.DefaultWorld'.
No entry '.skyTexture'.
Trying to access error value.
No entry '.CfgWorlds'.
No entry '.DefaultWorld'.
No entry '.skyTextureR'.
Trying to access error value.
DIAG-SERIALIZED BoundingCenter of p:\jp\weapons\yari\jp_yari.p3d: 0.00,0.00
