C:\Program Files (x86)\Steam\steamapps\common\DayZ Tools\Bin\Binarize\binarize.exe -always -silent -addon=P:\JP\weapons -binpath=P:\bin P:\JP\weapons\yumi D:\DayZ-Server_AI-20260907-MultiMap\japan_dev\spikes\A_arms\work\bin\yumi *.p3d

BINARIZE rev.163709
"C:\Program Files (x86)\Steam\steamapps\common\DayZ Tools\Bin\Binarize\binarize.exe" -always -silent -addon=P:\JP\weapons -binpath=P:\bin P:\JP\weapons\yumi D:\DayZ-Server_AI-20260907-MultiMap\japan_dev\spikes\A_arms\work\bin\yumi *.p3d
Binarize run in silent mode!
Binarize started
Note: 'Inventory_Base' is declared, but definition was not found. Creating empty class (source: P:\JP\weapons\config.cpp)
Note: 'Sword' is declared, but definition was not found. Creating empty class (source: P:\JP\weapons\config.cpp)
Note: 'Spear' is declared, but definition was not found. Creating empty class (source: P:\JP\weapons\config.cpp)
Note: 'FxRound_HuntingBolt' is declared, but definition was not found. Creating empty class (source: P:\JP\weapons\config.cpp)
Note: 'Ammo_HuntingBolt' is declared, but definition was not found. Creating empty class (source: P:\JP\weapons\config.cpp)
Note: 'Bullet_HuntingBolt' is declared, but definition was not found. Creating empty class (source: P:\JP\weapons\config.cpp)
Note: 'Mode_SemiAuto' is declared, but definition was not found. Creating empty class (source: P:\JP\weapons\config.cpp)
Note: 'RecurveBow' is declared, but definition was not found. Creating empty class (source: P:\JP\weapons\config.cpp)
Note: 'Crossbow_Base' is declared, but definition was not found. Creating empty class (source: P:\JP\weapons\config.cpp)
Distance 0.0 - min grid 3.125, Slowdown CPU factor 0.0 (max. 0.0), memory required 0.0 MB (max 8063.6 MB)
Distance 0.0 - min grid 3.125, Slowdown CPU factor 0.0 (max. 0.0), memory required 0.0 MB (max 8063.6 MB)
Warning: Terrain grid 0.5 will be too slow, should use 3.1
Convert model P:\JP\weapons\yumi\jp_yumi.p3d -> D:\DayZ-Server_AI-20260907-MultiMap\japan_dev\spikes\A_arms\work\bin\yumi\jp_yumi.p3d
<model = "P:\JP\weapons\yumi\jp_yumi.p3d">
UV mapping too varied on jp\weapons\data\jp_fittings_co.paa, stage 0: texel size used 0.000403955, max 0.00390625, min 0.000157383
UV mapping too varied on jp\weapons\data\jp_fittings_co.paa, stage 0: texel size used 0.000403955, max 0.00390625, min 0.000150484
UV mapping too varied on jp\weapons\data\jp_fittings_co.paa, stage 0: texel size used 0.000403982, max 0.00390625, min 0.000125576
p:\jp\weapons\yumi\jp_yumi.p3d: 4.0 KB saved in selections
</model>
Convert model P:\JP\weapons\yumi\jp_yumi_xb.p3d -> D:\DayZ-Server_AI-20260907-MultiMap\japan_dev\spikes\A_arms\work\bin\yumi\jp_yumi_xb.p3d
<model = "P:\JP\weapons\yumi\jp_yumi_xb.p3d">
UV mapping too varied on jp\weapons\data\jp_fittings_co.paa, stage 0: texel size used 0.000403955, max 0.00390625, min 0.000157383
UV mapping too varied on jp\weapons\data\jp_fittings_co.paa, stage 0: texel size used 0.000403955, max 0.00390625, min 0.000150484
UV mapping too varied on jp\weapons\data\jp_fittings_co.paa, stage 0: texel size used 0.000403982, max 0.00390625, min 0.000125576
p:\jp\weapons\yumi\jp_yumi_xb.p3d: 4.1 KB saved in selections
</model>

FileServer MaxCacheSize = 23987 MB
No entry '.CfgNonAIVehicles'.
Warning: CfgVehicles missing in PreloadConfig - may slow down vehicle creation
Warning: CfgAmmo missing in PreloadConfig - may slow down vehicle creation
Warning: CfgWeapons missing in PreloadConfig - may slow down vehicle creation
Warning: CfgMagazines missing in PreloadConfig - may slow down vehicle creation
No entry '.CfgDefaultSettings'.
No entry '.defaultVisibility'.
Trying to access error value.
No entry '.CfgDefaultSettings'.
No entry '.defaultTerrainGrid'.
Trying to access error value.
No entry '.CfgDefaultSettings'.
No entry '.defaultObjectViewDistance'.
Trying to access error value.
No entry '.CfgDefaultSettings'.
No entry '.hazeDefaultDistance'.
Trying to access error value.
No entry '.CfgWorlds'.
No entry '.DefaultWorld'.
No entry '.skyTexture'.
Trying to access error value.
No entry '.CfgWorlds'.
No entry '.DefaultWorld'.
No entry '.skyTextureR'.
Trying to access error value.
Warnings in p:\jp\weapons\yumi\jp_yumi.p3d:4
DIAG-SERIALIZED BoundingCenter of p:\jp\weapons\yumi\jp_yumi.p3d: 0.00,0.00
Warnings in p:\jp\weapons\yumi\jp_yumi_xb.p3d:4
DIAG-SERIALIZED BoundingCenter of p:\jp\weapons\yumi\jp_yumi_xb.p3d: 0.00,0.00
