D:\DayZ-Server_AI-20260907-MultiMap\japan_dev\buildings\..\parts\kit\jpparts\buildcheck.py:179: RuntimeWarning: invalid value encountered in subtract
  dds.append(np.where(np.isfinite(a_) & np.isfinite(b_), np.abs(a_ - b_),
[f_inn_grand] zfight.resolve pass: 1497 visible pairs, 451 solids moved; zfight.resolve pass: 85 visible pairs, 38 solids moved; zfight.resolve pass: 15 visible pairs, 7 solids moved; zfight.resolve pass: 4 visible pairs, 2 solids moved
[f_inn_grand] MLOD D:\DayZ-Server_AI-20260907-MultiMap\japan_dev\buildings\furnished\out\jp_hatago_grand_furnished.p3d: {'Resolution 1': 11656, 'Resolution 2': 3812, 'Resolution 3': 1583, 'Geometry': 1865, 'Memory': 0, 'Roadway': 22, 'View Geometry': 1819, 'Fire Geometry': 1855}; proxies {'Resolution 1': 48, 'Geometry': 30, 'View Geometry': 30, 'Fire Geometry': 30}
OK   C5 LOD set (vanilla house set)                       Resolution 1 11656, Resolution 2 3812, Resolution 3 1583, Geometry 1865, Memory 0, Roadway 22, View Geometry 1819, Fire Geometry 1855
OK   C5 face budget (large: 12000 / 4600 / 1600)          R1 11656, R2 3812, R3 1583
OK   Geometry properties + mass                           {'class': 'house', 'map': 'house', 'damage': 'no', 'autocenter': '0'}, mass 60000 kg
OK   B1/B2 binds in game (class == Land_<p3d stem>, shipped p3d has class=house) Land_JP_Hatago_Grand_Furnished -> jp_hatago_grand_furnished.p3d
OK   C7 Geometry closed + convex                          312 components, 0 bad, 0 faces outside components
OK   C7 View Geometry closed + convex                     304 components, 0 bad, 0 faces outside components
OK   C7 Fire Geometry closed + convex                     310 components, 0 bad, 0 faces outside components
OK   C7 Fire Geometry penetration rvmats                  dirt, fabric_thin, granite, pottery, wood
OK   C2 library materials only                            every path under JP\common\materials\ (on disk) or vanilla penetration / roadway
OK   C8 era lint (no glass, kawara geometry, separate plinth stones) glass paths 0; 2100 corrugated kawara field faces in LOD0; 61 individual dodai stones
OK   C3 grid snap (post nodes on the 0.455 grid)          41 posts
OK   C7 DoorsTwin1 selections, memory, model.cfg, config  Entrance (street) (hikichigai): bones doors1+doors2
OK   C7 DoorsTwin1 sweep + clear (>= 1.00, D1) + head (D2) leaves slide 1.50/0.66 m without touching other geometry; open clear 1.46 m, head 2.00 m
OK   C7 DoorsTwin2 selections, memory, model.cfg, config  Toriniwa -> oku (katabiki): bones doors3
OK   C7 DoorsTwin2 sweep + clear (>= 1.00, D1) + head (D2) leaves slide 1.10 m without touching other geometry; open clear 1.06 m, head 2.00 m
OK   C7 DoorsTwin3 selections, memory, model.cfg, config  Toriniwa -> mise (katabiki): bones doors4
OK   C7 DoorsTwin3 sweep + clear (>= 1.00, D1) + head (D2) leaves slide 1.10 m without touching other geometry; open clear 1.06 m, head 2.00 m
OK   C7 DoorsTwin4 selections, memory, model.cfg, config  Mise <-> oku (hikiwake): bones doors5+doors6
OK   C7 DoorsTwin4 sweep + clear (>= 1.00, D1) + head (D2) leaves slide 0.66/0.66 m without touching other geometry; open clear 1.24 m, head 2.00 m
OK   C7 DoorsTwin5 selections, memory, model.cfg, config  Upstairs front <-> back (hikiwake): bones doors7+doors8
OK   C7 DoorsTwin5 sweep + clear (>= 1.00, D1) + head (D2) leaves slide 0.66/0.66 m without touching other geometry; open clear 1.24 m, head 2.00 m
OK   C7 DoorsTwin6 selections, memory, model.cfg, config  Kitchen back door (yard) (katabiki): bones doors9
OK   C7 DoorsTwin6 sweep + clear (>= 1.00, D1) + head (D2) leaves slide 1.10 m without touching other geometry; open clear 1.06 m, head 2.00 m
OK   C7 DoorsTwin7 selections, memory, model.cfg, config  Street window (window_slide): bones doors10
OK   C7 DoorsTwin7 window sweep                           window_slide moves closed -> open without touching other geometry
OK   C7 DoorsTwin8 selections, memory, model.cfg, config  Upper street window (window_slide): bones doors11
OK   C7 DoorsTwin8 window sweep                           window_slide moves closed -> open without touching other geometry
OK   C7 DoorsTwin9 selections, memory, model.cfg, config  Upper street window (window_slide): bones doors12
OK   C7 DoorsTwin9 window sweep                           window_slide moves closed -> open without touching other geometry
OK   C7 DoorsTwin10 selections, memory, model.cfg, config Upper gable window (hikichigai): bones doors13+doors14
OK   C7 DoorsTwin10 window sweep                          hikichigai moves closed -> open without touching other geometry
OK   C7 DoorsTwin11 selections, memory, model.cfg, config Upper gable window (hikichigai): bones doors15+doors16
OK   C7 DoorsTwin11 window sweep                          hikichigai moves closed -> open without touching other geometry
OK   C7 open passage clear >= 1.00 + head >= 2.00         clear 1.15 m, head 2.00 m
OK   C7 Roadway sits on Geometry (+-3 cm)                 352/352 samples
OK   C7 walkable floors have Roadway at floor height      1173/1173 samples over toriniwa, mise, oku, kitchen, nikai_front, nikai_back
OK   C7 head room >= 2.10 over every floor                lowest 2.50 m
OK   ST1 walk ramp <= 38 deg (D4, 37.8 walked in game)    ramp faces [36.06] deg
OK   ST2 flight width >= 1.10 m (D4)                      1.20 m
OK   ST3 head room >= 2.05 m over the flight (D4)         lowest 2.10 m over the ramp at (0.98, -0.7, 'Component182')
OK   ST4 the ramp meets the lower floor at its foot and the upper floor at its head foot [0.515, 3.15, 0.5, 6.379] / head side [3.15, 0.5, 6.379] (floors 0.50 / 3.15)
OK   ST5 stairwell cut: no upper-floor Roadway over the flight 0 samples covered
OK   Loot points on Roadway floors, ranges clear of walls, every room 50 points (toriniwa 3, mise 6, oku 6, kitchen 18, nikai_front 9, nikai_back 8)
OK   CE loot frame -> world == model -> world (WORLD_BUILDINGS §0) 50 points, max diff 4.3e-07 m
OK   Placement inside the test yard, clear of the reserved spots 1 placement(s): x 1021.2-1031.7 z 1066.1-1077.0
OK   C10 DoorsTwin1 reachable from both sides (open)      Entrance (street): leaf: leaf hit first from 15/15 standing positions (need 4), e.g. 0.7 m out, +0.0 m along, ray 1.32 m; far: leaf hit first from 14/15 standing positions (need 4), e.g. 0.7 m out, +0.0 m along, ray 1.25 m
OK   C10 DoorsTwin1 reachable from both sides (closed)    Entrance (street): leaf: leaf hit first from 15/15 standing positions (need 4), e.g. 0.7 m out, +0.0 m along, ray 1.39 m; far: leaf hit first from 15/15 standing positions (need 4), e.g. 0.7 m out, +0.0 m along, ray 1.55 m
OK   C10 DoorsTwin2 reachable from both sides (open)      Toriniwa -> oku: leaf: leaf hit first from 15/15 standing positions (need 4), e.g. 0.7 m out, +0.0 m along, ray 1.35 m; far: leaf hit first from 15/15 standing positions (need 4), e.g. 0.7 m out, +0.0 m along, ray 1.06 m
OK   C10 DoorsTwin2 reachable from both sides (closed)    Toriniwa -> oku: leaf: leaf hit first from 15/15 standing positions (need 4), e.g. 0.7 m out, +0.0 m along, ray 1.37 m; far: leaf hit first from 15/15 standing positions (need 4), e.g. 0.7 m out, +0.0 m along, ray 1.08 m
OK   C10 DoorsTwin3 reachable from both sides (open)      Toriniwa -> mise: leaf: leaf hit first from 15/15 standing positions (need 4), e.g. 0.7 m out, +0.0 m along, ray 1.35 m; far: leaf hit first from 15/15 standing positions (need 4), e.g. 0.7 m out, +0.0 m along, ray 1.06 m
OK   C10 DoorsTwin3 reachable from both sides (closed)    Toriniwa -> mise: leaf: leaf hit first from 15/15 standing positions (need 4), e.g. 0.7 m out, +0.0 m along, ray 1.37 m; far: leaf hit first from 15/15 standing positions (need 4), e.g. 0.7 m out, +0.0 m along, ray 1.08 m
OK   C10 DoorsTwin4 reachable from both sides (open)      Mise <-> oku: leaf: leaf hit first from 15/15 standing positions (need 4), e.g. 0.7 m out, +0.0 m along, ray 1.95 m; far: leaf hit first from 15/15 standing positions (need 4), e.g. 0.7 m out, +0.0 m along, ray 1.39 m
OK   C10 DoorsTwin4 reachable from both sides (closed)    Mise <-> oku: leaf: leaf hit first from 15/15 standing positions (need 4), e.g. 0.7 m out, +0.0 m along, ray 1.52 m; far: leaf hit first from 15/15 standing positions (need 4), e.g. 0.7 m out, +0.0 m along, ray 1.53 m
OK   C10 DoorsTwin5 reachable from both sides (open)      Upstairs front <-> back: leaf: leaf hit first from 10/15 standing positions (need 4), e.g. 0.7 m out, +0.0 m along, ray 1.95 m; far: leaf hit first from 15/15 standing positions (need 4), e.g. 0.7 m out, +0.0 m along, ray 1.39 m
OK   C10 DoorsTwin5 reachable from both sides (closed)    Upstairs front <-> back: leaf: leaf hit first from 10/15 standing positions (need 4), e.g. 0.7 m out, +0.0 m along, ray 1.52 m; far: leaf hit first from 15/15 standing positions (need 4), e.g. 0.7 m out, +0.0 m along, ray 1.53 m
OK   C10 DoorsTwin6 reachable from both sides (open)      Kitchen back door (yard): leaf: leaf hit first from 15/15 standing positions (need 4), e.g. 0.7 m out, +0.0 m along, ray 1.94 m; far: leaf hit first from 15/15 standing positions (need 4), e.g. 0.7 m out, +0.0 m along, ray 1.38 m
OK   C10 DoorsTwin6 reachable from both sides (closed)    Kitchen back door (yard): leaf: leaf hit first from 15/15 standing positions (need 4), e.g. 0.7 m out, +0.0 m along, ray 1.55 m; far: leaf hit first from 15/15 standing positions (need 4), e.g. 0.7 m out, +0.0 m along, ray 1.70 m
OK   C10 DoorsTwin7 reachable from its leaf side (open)   Street window: leaf: leaf hit first from 15/15 standing positions (need 4), e.g. 0.7 m out, +0.0 m along, ray 1.59 m
OK   C10 DoorsTwin7 reachable from its leaf side (closed) Street window: leaf: leaf hit first from 15/15 standing positions (need 4), e.g. 0.7 m out, +0.0 m along, ray 1.42 m
OK   C10 DoorsTwin8 reachable from its leaf side (open)   Upper street window: leaf: leaf hit first from 15/15 standing positions (need 4), e.g. 0.7 m out, +0.0 m along, ray 1.03 m
OK   C10 DoorsTwin8 reachable from its leaf side (closed) Upper street window: leaf: leaf hit first from 15/15 standing positions (need 4), e.g. 0.7 m out, +0.0 m along, ray 1.07 m
OK   C10 DoorsTwin9 reachable from its leaf side (open)   Upper street window: leaf: leaf hit first from 15/15 standing positions (need 4), e.g. 0.7 m out, +0.0 m along, ray 1.03 m
OK   C10 DoorsTwin9 reachable from its leaf side (closed) Upper street window: leaf: leaf hit first from 15/15 standing positions (need 4), e.g. 0.7 m out, +0.0 m along, ray 1.07 m
OK   C10 DoorsTwin10 reachable from its leaf side (open)  Upper gable window: far: leaf hit first from 15/15 standing positions (need 4), e.g. 0.7 m out, +0.0 m along, ray 1.10 m
OK   C10 DoorsTwin10 reachable from its leaf side (closed) Upper gable window: far: leaf hit first from 15/15 standing positions (need 4), e.g. 0.7 m out, +0.0 m along, ray 1.22 m
OK   C10 DoorsTwin11 reachable from its leaf side (open)  Upper gable window: far: leaf hit first from 15/15 standing positions (need 4), e.g. 0.7 m out, +0.0 m along, ray 1.10 m
OK   C10 DoorsTwin11 reachable from its leaf side (closed) Upper gable window: far: leaf hit first from 15/15 standing positions (need 4), e.g. 0.7 m out, +0.0 m along, ray 1.22 m
OK   C17 DoorsTwin1 closed: no see-through slit at a jamb or meeting stile Entrance (street): 54342 rays through the closed doorway (steep ones at every jamb / meeting stile + straight through the leaves), 0 see through
OK   C17 DoorsTwin2 closed: no see-through slit at a jamb or meeting stile Toriniwa -> oku: 17682 rays through the closed doorway (steep ones at every jamb / meeting stile + straight through the leaves), 0 see through
OK   C17 DoorsTwin3 closed: no see-through slit at a jamb or meeting stile Toriniwa -> mise: 17682 rays through the closed doorway (steep ones at every jamb / meeting stile + straight through the leaves), 0 see through
OK   C17 DoorsTwin4 closed: no see-through slit at a jamb or meeting stile Mise <-> oku: 53904 rays through the closed doorway (steep ones at every jamb / meeting stile + straight through the leaves), 0 see through
OK   C17 DoorsTwin5 closed: no see-through slit at a jamb or meeting stile Upstairs front <-> back: 54342 rays through the closed doorway (steep ones at every jamb / meeting stile + straight through the leaves), 0 see through
OK   C17 DoorsTwin6 closed: no see-through slit at a jamb or meeting stile Kitchen back door (yard): 17682 rays through the closed doorway (steep ones at every jamb / meeting stile + straight through the leaves), 0 see through
OK   C17 DoorsTwin7 closed: no see-through slit at a jamb or meeting stile Street window: 16662 rays through the closed doorway (steep ones at every jamb / meeting stile + straight through the leaves), 0 see through
OK   C17 DoorsTwin8 closed: no see-through slit at a jamb or meeting stile Upper street window: 16662 rays through the closed doorway (steep ones at every jamb / meeting stile + straight through the leaves), 0 see through
OK   C17 DoorsTwin9 closed: no see-through slit at a jamb or meeting stile Upper street window: 16662 rays through the closed doorway (steep ones at every jamb / meeting stile + straight through the leaves), 0 see through
OK   C17 DoorsTwin10 closed: no see-through slit at a jamb or meeting stile Upper gable window: 54342 rays through the closed doorway (steep ones at every jamb / meeting stile + straight through the leaves), 0 see through
OK   C17 DoorsTwin11 closed: no see-through slit at a jamb or meeting stile Upper gable window: 54342 rays through the closed doorway (steep ones at every jamb / meeting stile + straight through the leaves), 0 see through
OK   C18 DoorsTwin1 pulls on the stub edge (in the doorway when open) Entrance (street): doors1 u -4.41 closed -> -2.91 open, doorway -4.49..-2.79; doors2 u -3.56 closed -> -2.91 open, doorway -4.49..-2.79
OK   C18 DoorsTwin6 pulls on the stub edge (in the doorway when open) Kitchen back door (yard): doors9 u 4.41 closed -> 3.31 open, doorway 3.19..4.49
OK   C11 envelope leak: rooms see outside only through doors / windows toriniwa 9600 rays, 0 out through doors/windows, 0 LEAKS; mise 11520 rays, 0 out through doors/windows, 0 LEAKS; oku 9600 rays, 0 out through doors/windows, 0 LEAKS; kitchen 10560 rays, 0 out through doors/windows, 0 LEAKS; nikai_front 8640 rays, 0 out through doors/windows, 0 LEAKS; nikai_back 9600 rays, 0 out through doors/windows, 0 LEAKS
OK   C12 roof / wall intersection (no part pokes into a roof body > 3 cm) 5 roof bodies clear
OK   C13 kawara seated on the clay bed, fascia at every eave 2800/2800 field points within reach of the bed; 2 eave tile sets, 2 fascia boards
OK   C14 interior faces use the interior clay, not the exterior-weathered earth no exterior earth face looks into a room
OK   C15 stable silhouette: Resolution 2 / 3 top heights within 0.10 m of Resolution 1 7700 columns over 2.5 m compared in each LOD
OK   C19 matte finish: no environment reflection on matte materials (clay, plaster, wood, straw, paper, stone) 19 library rvmats in the visual LODs, 4 glossy / glazed by design (sidecar finish, else kawara, namako, iron)
OK   C16 far-LOD kawara: matte far material in Resolution 2 / 3 far-field faces R1/R2/R3 0/152/2; close field in R2/R3 0/0; specular far 0.22 < close 0.60
OK   C20 no z-fighting: no visibly different faces share a plane (same-facing, <= 1 mm, overlapping), R1-R3 0 visible same-facing pairs; 4326 touching (opposite-facing: backface-culled) and 403 covered / drawn-identically pairs not judged
OK   C21 interior partitions end at a beam or a ceiling (no wall top open below the roof) every interior wall top closed
OK   C22 interior wall ends meet a post or a wall (no vertical see-through slot) every interior wall panel end closed
OK   D1 props per room 5-7: toriniwa                      5 props: jp_f_tana_091_1, jp_f_oke_bucket, jp_f_debris_straw, jp_f_debris_leaves, jp_f_basket_back, jp_f_sandals_hung_wall
OK   D2 floor coverage <= 25 %: toriniwa                  0.51 of 9.08 m2 = 5.6 % (collision footprints)
OK   D3 at least one raised loot surface: toriniwa        1 raised points on jp_f_tana_091_1
OK   D4 1.00 m clear band door-to-door and door-to-centre: toriniwa DoorsTwin1, DoorsTwin2, DoorsTwin3, passage toriniwa <-> kitchen, centre joined by a 1.00 m band (801 free cells)
OK   D1 props per room 5-7: mise                          7 props: jp_f_zukue_choba, jp_f_choba_goshi_3, jp_f_choba_set_zenibako, jp_f_hibachi_box, jp_f_byobu_tsuitate, jp_f_tabakobon_spilled, jp_f_enza_zabuton, jp_f_choba_set_desk, jp_f_kamidana_plain, jp_f_koyomi
OK   D2 floor coverage <= 25 %: mise                      1.85 of 18.69 m2 = 9.9 % (collision footprints)
OK   D3 at least one raised loot surface: mise            3 raised points on jp_f_choba_set_zenibako, jp_f_hibachi_box, jp_f_zukue_choba
OK   D4 1.00 m clear band door-to-door and door-to-centre: mise DoorsTwin3, DoorsTwin4, centre joined by a 1.00 m band (1891 free cells)
OK   D1 props per room 5-7: oku                           5 props: jp_f_tansu, jp_f_hibachi_box, jp_f_andon_kaku, jp_f_enza_zabuton, jp_f_tabakobon, jp_f_tea_dobin
OK   D2 floor coverage <= 25 %: oku                       0.73 of 18.69 m2 = 3.9 % (collision footprints)
OK   D3 at least one raised loot surface: oku             3 raised points on jp_f_hibachi_box, jp_f_tansu
OK   D4 1.00 m clear band door-to-door and door-to-centre: oku DoorsTwin2, DoorsTwin4, stair foot, centre joined by a 1.00 m band (1004 free cells)
OK   D1 props per room 5-7: kitchen                       7 props: jp_f_kama, jp_f_kama_nolid, jp_f_seiro_kama3, jp_f_kama_lid, jp_f_nagashi_wood, jp_f_mizugame, jp_f_tana_182_3, jp_f_taru_rack3, jp_f_tableware_hakozen_stack, jp_f_tableware_bowls, jp_f_utensil_board
OK   D2 floor coverage <= 25 %: kitchen                   2.92 of 31.61 m2 = 9.2 % (collision footprints)
OK   D3 at least one raised loot surface: kitchen         10 raised points on jp_f_mizugame, jp_f_nagashi_wood, jp_f_tana_182_3, jp_f_taru_rack3
OK   D4 1.00 m clear band door-to-door and door-to-centre: kitchen DoorsTwin6, passage toriniwa <-> kitchen, centre joined by a 1.00 m band (6017 free cells)
OK   D1 props per room 5-7: nikai_front                   6 props: jp_f_futon_laid, jp_f_futon_laid_dragged, jp_f_andon_kaku, jp_f_hibachi_round, jp_f_meal_left_two, jp_f_kori
OK   D2 floor coverage <= 25 %: nikai_front               0.43 of 23.44 m2 = 1.8 % (collision footprints)
OK   D3 at least one raised loot surface: nikai_front     5 raised points on jp_f_futon_laid, jp_f_futon_laid_dragged, jp_f_kori
OK   D4 1.00 m clear band door-to-door and door-to-centre: nikai_front DoorsTwin5, centre joined by a 1.00 m band (4165 free cells)
OK   D1 props per room 5-7: nikai_back                    6 props: jp_f_tansu_single, jp_f_futon_stack, jp_f_hibachi_box, jp_f_andon_ariake, jp_f_goban_go_scattered, jp_f_enza_zabuton, jp_f_tea_matcha
OK   D2 floor coverage <= 25 %: nikai_back                1.41 of 23.44 m2 = 6.0 % (collision footprints)
OK   D3 at least one raised loot surface: nikai_back      4 raised points on jp_f_futon_stack, jp_f_hibachi_box, jp_f_tansu_single
OK   D4 1.00 m clear band door-to-door and door-to-centre: nikai_back DoorsTwin5, stair head, centre joined by a 1.00 m band (1747 free cells)
OK   D5 DoorsTwin1: no collision prop within 0.4 m of the clear opening Entrance (street): clear
OK   D6 DoorsTwin1 sweep + clear >= 1.00 + head with the furniture in Entrance (street): leaves slide 1.50/0.66 m without touching other geometry; open clear 1.46 m, head 2.00 m
OK   D7 DoorsTwin1 reachable with the furniture in (open) Entrance (street): leaf: leaf hit first from 15/15 standing positions (need 4), e.g. 0.7 m out, +0.0 m along, ray 1.32 m; far: leaf hit first from 14/15 standing positions (need 4), e.g. 0.7 m out, +0.0 m along, ray 1.25 m
OK   D7 DoorsTwin1 reachable with the furniture in (closed) Entrance (street): leaf: leaf hit first from 15/15 standing positions (need 4), e.g. 0.7 m out, +0.0 m along, ray 1.39 m; far: leaf hit first from 15/15 standing positions (need 4), e.g. 0.7 m out, +0.0 m along, ray 1.55 m
OK   D5 DoorsTwin2: no collision prop within 0.4 m of the clear opening Toriniwa -> oku: clear
OK   D6 DoorsTwin2 sweep + clear >= 1.00 + head with the furniture in Toriniwa -> oku: leaves slide 1.10 m without touching other geometry; open clear 1.06 m, head 2.00 m
OK   D7 DoorsTwin2 reachable with the furniture in (open) Toriniwa -> oku: leaf: leaf hit first from 15/15 standing positions (need 4), e.g. 0.7 m out, +0.0 m along, ray 1.35 m; far: leaf hit first from 15/15 standing positions (need 4), e.g. 0.7 m out, +0.0 m along, ray 1.06 m
OK   D7 DoorsTwin2 reachable with the furniture in (closed) Toriniwa -> oku: leaf: leaf hit first from 15/15 standing positions (need 4), e.g. 0.7 m out, +0.0 m along, ray 1.37 m; far: leaf hit first from 15/15 standing positions (need 4), e.g. 0.7 m out, +0.0 m along, ray 1.08 m
OK   D5 DoorsTwin3: no collision prop within 0.4 m of the clear opening Toriniwa -> mise: clear
OK   D6 DoorsTwin3 sweep + clear >= 1.00 + head with the furniture in Toriniwa -> mise: leaves slide 1.10 m without touching other geometry; open clear 1.06 m, head 2.00 m
OK   D7 DoorsTwin3 reachable with the furniture in (open) Toriniwa -> mise: leaf: leaf hit first from 15/15 standing positions (need 4), e.g. 0.7 m out, +0.0 m along, ray 1.35 m; far: leaf hit first from 15/15 standing positions (need 4), e.g. 0.7 m out, +0.0 m along, ray 1.06 m
OK   D7 DoorsTwin3 reachable with the furniture in (closed) Toriniwa -> mise: leaf: leaf hit first from 15/15 standing positions (need 4), e.g. 0.7 m out, +0.0 m along, ray 1.37 m; far: leaf hit first from 15/15 standing positions (need 4), e.g. 0.7 m out, +0.0 m along, ray 1.08 m
OK   D5 DoorsTwin4: no collision prop within 0.4 m of the clear opening Mise <-> oku: clear
OK   D6 DoorsTwin4 sweep + clear >= 1.00 + head with the furniture in Mise <-> oku: leaves slide 0.66/0.66 m without touching other geometry; open clear 1.24 m, head 2.00 m
OK   D7 DoorsTwin4 reachable with the furniture in (open) Mise <-> oku: leaf: leaf hit first from 15/15 standing positions (need 4), e.g. 0.7 m out, +0.0 m along, ray 1.95 m; far: leaf hit first from 15/15 standing positions (need 4), e.g. 0.7 m out, +0.0 m along, ray 1.39 m
OK   D7 DoorsTwin4 reachable with the furniture in (closed) Mise <-> oku: leaf: leaf hit first from 15/15 standing positions (need 4), e.g. 0.7 m out, +0.0 m along, ray 1.52 m; far: leaf hit first from 15/15 standing positions (need 4), e.g. 0.7 m out, +0.0 m along, ray 1.53 m
OK   D5 DoorsTwin5: no collision prop within 0.4 m of the clear opening Upstairs front <-> back: clear
OK   D6 DoorsTwin5 sweep + clear >= 1.00 + head with the furniture in Upstairs front <-> back: leaves slide 0.66/0.66 m without touching other geometry; open clear 1.24 m, head 2.00 m
OK   D7 DoorsTwin5 reachable with the furniture in (open) Upstairs front <-> back: leaf: leaf hit first from 10/15 standing positions (need 4), e.g. 0.7 m out, +0.0 m along, ray 1.95 m; far: leaf hit first from 15/15 standing positions (need 4), e.g. 0.7 m out, +0.0 m along, ray 1.39 m
OK   D7 DoorsTwin5 reachable with the furniture in (closed) Upstairs front <-> back: leaf: leaf hit first from 10/15 standing positions (need 4), e.g. 0.7 m out, +0.0 m along, ray 1.52 m; far: leaf hit first from 15/15 standing positions (need 4), e.g. 0.7 m out, +0.0 m along, ray 1.53 m
OK   D5 DoorsTwin6: no collision prop within 0.4 m of the clear opening Kitchen back door (yard): clear
OK   D6 DoorsTwin6 sweep + clear >= 1.00 + head with the furniture in Kitchen back door (yard): leaves slide 1.10 m without touching other geometry; open clear 1.06 m, head 2.00 m
OK   D7 DoorsTwin6 reachable with the furniture in (open) Kitchen back door (yard): leaf: leaf hit first from 15/15 standing positions (need 4), e.g. 0.7 m out, +0.0 m along, ray 1.94 m; far: leaf hit first from 15/15 standing positions (need 4), e.g. 0.7 m out, +0.0 m along, ray 1.38 m
OK   D7 DoorsTwin6 reachable with the furniture in (closed) Kitchen back door (yard): leaf: leaf hit first from 15/15 standing positions (need 4), e.g. 0.7 m out, +0.0 m along, ray 1.55 m; far: leaf hit first from 15/15 standing positions (need 4), e.g. 0.7 m out, +0.0 m along, ray 1.70 m
OK   D7 DoorsTwin7 reachable with the furniture in (open) Street window: leaf: leaf hit first from 15/15 standing positions (need 4), e.g. 0.7 m out, +0.0 m along, ray 1.59 m
OK   D7 DoorsTwin7 reachable with the furniture in (closed) Street window: leaf: leaf hit first from 15/15 standing positions (need 4), e.g. 0.7 m out, +0.0 m along, ray 1.42 m
OK   D7 DoorsTwin8 reachable with the furniture in (open) Upper street window: leaf: leaf hit first from 15/15 standing positions (need 4), e.g. 0.7 m out, +0.0 m along, ray 1.03 m
OK   D7 DoorsTwin8 reachable with the furniture in (closed) Upper street window: leaf: leaf hit first from 15/15 standing positions (need 4), e.g. 0.7 m out, +0.0 m along, ray 1.07 m
OK   D7 DoorsTwin9 reachable with the furniture in (open) Upper street window: leaf: leaf hit first from 15/15 standing positions (need 4), e.g. 0.7 m out, +0.0 m along, ray 1.03 m
OK   D7 DoorsTwin9 reachable with the furniture in (closed) Upper street window: leaf: leaf hit first from 15/15 standing positions (need 4), e.g. 0.7 m out, +0.0 m along, ray 1.07 m
OK   D7 DoorsTwin10 reachable with the furniture in (open) Upper gable window: far: leaf hit first from 15/15 standing positions (need 4), e.g. 0.7 m out, +0.0 m along, ray 1.10 m
OK   D7 DoorsTwin10 reachable with the furniture in (closed) Upper gable window: far: leaf hit first from 15/15 standing positions (need 4), e.g. 0.7 m out, +0.0 m along, ray 1.22 m
OK   D7 DoorsTwin11 reachable with the furniture in (open) Upper gable window: far: leaf hit first from 15/15 standing positions (need 4), e.g. 0.7 m out, +0.0 m along, ray 1.10 m
OK   D7 DoorsTwin11 reachable with the furniture in (closed) Upper gable window: far: leaf hit first from 15/15 standing positions (need 4), e.g. 0.7 m out, +0.0 m along, ray 1.22 m
OK   D8 props clear of the building (no Geometry overlap > 1 cm; seated pots excepted) 38 collision props checked against 296 building components
OK   D9 props clear of each other (no Geometry overlap > 1 cm) 56 props pairwise
OK   D10 C6 bases on the floor (0-2 cm), wall-hung props against a wall 48 props
OK   D15 surface items rest on their host's surface (+-2 cm, inside its rect) 5 items
OK   D11 loot: floor points 0.4 m clear of footprints, raised points on prop surfaces <= 1.40 m, none inside geometry 50 points (24 floor, 26 raised)
OK   D12 proxies in the vanilla LODs (Q5: collision props Res 1 + Geometry + View + Fire, flat / hanging Res 1 only) at the planned poses 138 proxy records in ['Fire Geometry', 'Geometry', 'Resolution 1', 'View Geometry']
OK   D13 yard / street objects inside the test pad        8 objects
OK   Binarize -> ODOL (LODs, bones, axes, twin selections, skeleton) ODOL v55, 986804 bytes; LODs 8; bones+axes True; twin selections+actions True; skeleton True
RESULT f_inn_grand: PASS (156 checks, 0 failures)
PROFILE f_inn_grand: build 2.7 s, verify 9.0 s, 156 checks, PASS
