D:\DayZ-Server_AI-20260907-MultiMap\japan_dev\buildings\..\parts\kit\jpparts\buildcheck.py:179: RuntimeWarning: invalid value encountered in subtract
  dds.append(np.where(np.isfinite(a_) & np.isfinite(b_), np.abs(a_ - b_),
[th_kamigata_3k_middle_toril] zfight.resolve pass: 993 visible pairs, 287 solids moved; zfight.resolve pass: 35 visible pairs, 16 solids moved; zfight.resolve pass: 14 visible pairs, 6 solids moved; zfight.resolve pass: 2 visible pairs, 1 solids moved
[th_kamigata_3k_middle_toril] MLOD D:\DayZ-Server_AI-20260907-MultiMap\japan_dev\buildings\townhouse\out\jp_townhouse_kamigata_3ken_middle_toril.p3d: {'Resolution 1': 6646, 'Resolution 2': 2478, 'Resolution 3': 814, 'Geometry': 1116, 'Memory': 0, 'Roadway': 16, 'View Geometry': 1112, 'Fire Geometry': 1106}
OK   C5 LOD set (vanilla house set)                       Resolution 1 6646, Resolution 2 2478, Resolution 3 814, Geometry 1116, Memory 0, Roadway 16, View Geometry 1112, Fire Geometry 1106
OK   C5 face budget (townhouse: 9000 / 3450 / 1200)       R1 6646, R2 2478, R3 814
OK   Geometry properties + mass                           {'class': 'house', 'map': 'house', 'damage': 'no', 'autocenter': '0'}, mass 40000 kg
OK   B1/B2 binds in game (class == Land_<p3d stem>, shipped p3d has class=house) Land_JP_Townhouse_Kamigata_3ken_Middle_ToriL -> jp_townhouse_kamigata_3ken_middle_toril.p3d
OK   C7 Geometry closed + convex                          186 components, 0 bad, 0 faces outside components
OK   C7 View Geometry closed + convex                     185 components, 0 bad, 0 faces outside components
OK   C7 Fire Geometry closed + convex                     184 components, 0 bad, 0 faces outside components
OK   C7 Fire Geometry penetration rvmats                  dirt, fabric_thin, granite, pottery, wood
OK   C2 library materials only                            every path under JP\common\materials\ (on disk) or vanilla penetration / roadway
OK   C8 era lint (no glass, kawara geometry, separate plinth stones) glass paths 0; 1911 corrugated kawara field faces in LOD0; 11 individual dodai stones
OK   C3 grid snap (post nodes on the 0.455 grid)          25 posts
OK   C7 DoorsTwin1 selections, memory, model.cfg, config  Entrance (street) (hikichigai): bones doors1+doors2
OK   C7 DoorsTwin1 sweep + clear (>= 1.00, D1) + head (D2) leaves slide 1.50/0.66 m without touching other geometry; open clear 1.46 m, head 2.00 m
OK   C7 DoorsTwin2 selections, memory, model.cfg, config  Toriniwa -> oku (katabiki): bones doors3
OK   C7 DoorsTwin2 sweep + clear (>= 1.00, D1) + head (D2) leaves slide 1.10 m without touching other geometry; open clear 1.06 m, head 2.00 m
OK   C7 DoorsTwin3 selections, memory, model.cfg, config  Toriniwa -> mise (katabiki): bones doors4
OK   C7 DoorsTwin3 sweep + clear (>= 1.00, D1) + head (D2) leaves slide 1.10 m without touching other geometry; open clear 1.06 m, head 2.00 m
OK   C7 DoorsTwin4 selections, memory, model.cfg, config  Mise <-> oku (hikiwake): bones doors5+doors6
OK   C7 DoorsTwin4 sweep + clear (>= 1.00, D1) + head (D2) leaves slide 0.66/0.66 m without touching other geometry; open clear 1.24 m, head 2.00 m
OK   C7 DoorsTwin5 selections, memory, model.cfg, config  Kitchen back door (yard) (katabiki): bones doors7
OK   C7 DoorsTwin5 sweep + clear (>= 1.00, D1) + head (D2) leaves slide 1.10 m without touching other geometry; open clear 1.06 m, head 2.00 m
OK   C7 DoorsTwin6 selections, memory, model.cfg, config  Street window (window_slide): bones doors8
OK   C7 DoorsTwin6 window sweep                           window_slide moves closed -> open without touching other geometry
OK   C7 toriniwa -> kitchen passage (open) clear + head   clear 1.15 m, head 2.00 m
OK   C7 Roadway sits on Geometry (+-3 cm)                 256/256 samples
OK   C7 walkable floors have Roadway at floor height      864/864 samples over toriniwa, mise, oku, kitchen
OK   C7 head room >= 2.10 over every floor                lowest 2.50 m
OK   Loot points on Roadway floors, ranges clear of walls, every room 8 points (toriniwa 2, mise 2, oku 2, kitchen 2)
OK   CE loot frame -> world == model -> world (WORLD_BUILDINGS §0) 8 points, max diff 4.3e-07 m
OK   Placement inside the test yard, clear of the reserved spots not placed on the island (shipped in the PBO only)
OK   C10 DoorsTwin1 reachable from both sides (open)      Entrance (street): leaf: leaf hit first from 15/15 standing positions (need 4), e.g. 0.7 m out, +0.0 m along, ray 1.32 m; far: leaf hit first from 14/15 standing positions (need 4), e.g. 0.7 m out, +0.0 m along, ray 1.25 m
OK   C10 DoorsTwin1 reachable from both sides (closed)    Entrance (street): leaf: leaf hit first from 15/15 standing positions (need 4), e.g. 0.7 m out, +0.0 m along, ray 1.39 m; far: leaf hit first from 15/15 standing positions (need 4), e.g. 0.7 m out, +0.0 m along, ray 1.55 m
OK   C10 DoorsTwin2 reachable from both sides (open)      Toriniwa -> oku: leaf: leaf hit first from 15/15 standing positions (need 4), e.g. 0.7 m out, +0.0 m along, ray 1.35 m; far: leaf hit first from 15/15 standing positions (need 4), e.g. 0.7 m out, +0.0 m along, ray 1.06 m
OK   C10 DoorsTwin2 reachable from both sides (closed)    Toriniwa -> oku: leaf: leaf hit first from 15/15 standing positions (need 4), e.g. 0.7 m out, +0.0 m along, ray 1.37 m; far: leaf hit first from 15/15 standing positions (need 4), e.g. 0.7 m out, +0.0 m along, ray 1.08 m
OK   C10 DoorsTwin3 reachable from both sides (open)      Toriniwa -> mise: leaf: leaf hit first from 15/15 standing positions (need 4), e.g. 0.7 m out, +0.0 m along, ray 1.35 m; far: leaf hit first from 15/15 standing positions (need 4), e.g. 0.7 m out, +0.0 m along, ray 1.06 m
OK   C10 DoorsTwin3 reachable from both sides (closed)    Toriniwa -> mise: leaf: leaf hit first from 15/15 standing positions (need 4), e.g. 0.7 m out, +0.0 m along, ray 1.37 m; far: leaf hit first from 15/15 standing positions (need 4), e.g. 0.7 m out, +0.0 m along, ray 1.08 m
OK   C10 DoorsTwin4 reachable from both sides (open)      Mise <-> oku: leaf: leaf hit first from 15/15 standing positions (need 4), e.g. 0.7 m out, +0.0 m along, ray 1.95 m; far: leaf hit first from 15/15 standing positions (need 4), e.g. 0.7 m out, +0.0 m along, ray 1.39 m
OK   C10 DoorsTwin4 reachable from both sides (closed)    Mise <-> oku: leaf: leaf hit first from 15/15 standing positions (need 4), e.g. 0.7 m out, +0.0 m along, ray 1.52 m; far: leaf hit first from 15/15 standing positions (need 4), e.g. 0.7 m out, +0.0 m along, ray 1.53 m
OK   C10 DoorsTwin5 reachable from both sides (open)      Kitchen back door (yard): leaf: leaf hit first from 15/15 standing positions (need 4), e.g. 0.7 m out, +0.0 m along, ray 1.94 m; far: leaf hit first from 15/15 standing positions (need 4), e.g. 0.7 m out, +0.0 m along, ray 1.38 m
OK   C10 DoorsTwin5 reachable from both sides (closed)    Kitchen back door (yard): leaf: leaf hit first from 15/15 standing positions (need 4), e.g. 0.7 m out, +0.0 m along, ray 1.55 m; far: leaf hit first from 15/15 standing positions (need 4), e.g. 0.7 m out, +0.0 m along, ray 1.70 m
OK   C10 DoorsTwin6 reachable from its leaf side (open)   Street window: leaf: leaf hit first from 15/15 standing positions (need 4), e.g. 0.7 m out, +0.0 m along, ray 1.59 m
OK   C10 DoorsTwin6 reachable from its leaf side (closed) Street window: leaf: leaf hit first from 15/15 standing positions (need 4), e.g. 0.7 m out, +0.0 m along, ray 1.42 m
OK   C17 DoorsTwin1 closed: no see-through slit at a jamb or meeting stile Entrance (street): 54342 rays through the closed doorway (steep ones at every jamb / meeting stile + straight through the leaves), 0 see through
OK   C17 DoorsTwin2 closed: no see-through slit at a jamb or meeting stile Toriniwa -> oku: 17682 rays through the closed doorway (steep ones at every jamb / meeting stile + straight through the leaves), 0 see through
OK   C17 DoorsTwin3 closed: no see-through slit at a jamb or meeting stile Toriniwa -> mise: 17682 rays through the closed doorway (steep ones at every jamb / meeting stile + straight through the leaves), 0 see through
OK   C17 DoorsTwin4 closed: no see-through slit at a jamb or meeting stile Mise <-> oku: 53904 rays through the closed doorway (steep ones at every jamb / meeting stile + straight through the leaves), 0 see through
OK   C17 DoorsTwin5 closed: no see-through slit at a jamb or meeting stile Kitchen back door (yard): 17682 rays through the closed doorway (steep ones at every jamb / meeting stile + straight through the leaves), 0 see through
OK   C17 DoorsTwin6 closed: no see-through slit at a jamb or meeting stile Street window: 17094 rays through the closed doorway (steep ones at every jamb / meeting stile + straight through the leaves), 0 see through
OK   C18 DoorsTwin1 pulls on the stub edge (in the doorway when open) Entrance (street): doors1 u -2.59 closed -> -1.09 open, doorway -2.67..-0.97; doors2 u -1.75 closed -> -1.09 open, doorway -2.67..-0.97
OK   C18 DoorsTwin5 pulls on the stub edge (in the doorway when open) Kitchen back door (yard): doors7 u 2.59 closed -> 1.49 open, doorway 1.37..2.67
OK   C11 envelope leak: rooms see outside only through doors / windows toriniwa 9600 rays, 0 out through doors/windows, 0 LEAKS; mise 11520 rays, 0 out through doors/windows, 0 LEAKS; oku 11520 rays, 0 out through doors/windows, 0 LEAKS; kitchen 11520 rays, 0 out through doors/windows, 0 LEAKS
OK   C12 roof / wall intersection (no part pokes into a roof body > 3 cm) 4 roof bodies clear
OK   C13 kawara seated on the clay bed, fascia at every eave 2548/2548 field points within reach of the bed; 4 eave tile sets, 4 fascia boards
OK   C14 interior faces use the interior clay, not the exterior-weathered earth no exterior earth face looks into a room
OK   C15 stable silhouette: Resolution 2 / 3 top heights within 0.10 m of Resolution 1 3698 columns over 2.5 m compared in each LOD
OK   C19 matte finish: no environment reflection on matte materials (clay, plaster, wood, straw, paper, stone) 16 library rvmats in the visual LODs, 4 glossy / glazed by design (sidecar finish, else kawara, namako, iron)
OK   C16 far-LOD kawara: matte far material in Resolution 2 / 3 far-field faces R1/R2/R3 0/175/4; close field in R2/R3 0/0; specular far 0.22 < close 0.60
OK   C20 no z-fighting: no visibly different faces share a plane (same-facing, <= 1 mm, overlapping), R1-R3 0 visible same-facing pairs; 2036 touching (opposite-facing: backface-culled) and 318 covered / drawn-identically pairs not judged
OK   C21 interior partitions end at a beam or a ceiling (no wall top open below the roof) every interior wall top closed
OK   C22 interior wall ends meet a post or a wall (no vertical see-through slot) every interior wall panel end closed
OK   Binarize -> ODOL (LODs, bones, axes, twin selections, skeleton) ODOL v55, 583994 bytes; LODs 8; bones+axes True; twin selections+actions True; skeleton True
RESULT th_kamigata_3k_middle_toril: PASS (61 checks, 0 failures)
PROFILE th_kamigata_3k_middle_toril: build 1.4 s, verify 3.8 s, 61 checks, PASS
