verify: 297 buildings: 0 cached (0 s), 297 checked in 50 batches / <= 4 processes (339 s); all pass (logs D:\DayZ-Server_AI-20260907-MultiMap\japan_dev\data\C\_build\verify_logs)
dw_furnished                  16 buildings,  16 pass (  0 cached),  2329 checks, 0 failures
dw_honjin                      3 buildings,   3 pass (  0 cached),   318 checks, 0 failures
dw_out                         5 buildings,   5 pass (  0 cached),   180 checks, 0 failures
dw_rural                       5 buildings,   5 pass (  0 cached),   378 checks, 0 failures
dw_samurai                     8 buildings,   8 pass (  0 cached),   767 checks, 0 failures
dw_site                        8 buildings,   8 pass (  0 cached),   254 checks, 0 failures
dw_upper                       7 buildings,   7 pass (  0 cached),   636 checks, 0 failures
farmhouse                      8 buildings,   8 pass (  0 cached),   668 checks, 0 failures
furnished                     44 buildings,  44 pass (  0 cached),  3596 checks, 0 failures
guardhut                       3 buildings,   3 pass (  0 cached),   122 checks, 0 failures
hatago                         4 buildings,   4 pass (  0 cached),   304 checks, 0 failures
hut                            9 buildings,   9 pass (  0 cached),   344 checks, 0 failures
kido                           3 buildings,   3 pass (  0 cached),   126 checks, 0 failures
kura                           3 buildings,   3 pass (  0 cached),   127 checks, 0 failures
machiya_t3_01                  1 buildings,   1 pass (  0 cached),    81 checks, 0 failures
machiya_t3_01_shop             1 buildings,   1 pass (  0 cached),   140 checks, 0 failures
posttown                       8 buildings,   8 pass (  0 cached),   518 checks, 0 failures
shed                           4 buildings,   4 pass (  0 cached),   122 checks, 0 failures
shrine                        13 buildings,  13 pass (  0 cached),   438 checks, 0 failures
smithy                         3 buildings,   3 pass (  0 cached),   149 checks, 0 failures
teahouse                       7 buildings,   7 pass (  0 cached),   341 checks, 0 failures
temple                        12 buildings,  12 pass (  0 cached),   512 checks, 0 failures
toilet_t1_01                   1 buildings,   1 pass (  0 cached),    23 checks, 0 failures
townhouse                     69 buildings,  69 pass (  0 cached),  4219 checks, 0 failures
tr_booth                       2 buildings,   2 pass (  0 cached),    62 checks, 0 failures
tr_foundry                     2 buildings,   2 pass (  0 cached),    88 checks, 0 failures
tr_furnished                  14 buildings,  14 pass (  0 cached),  1012 checks, 0 failures
tr_sento                       2 buildings,   2 pass (  0 cached),   142 checks, 0 failures
tr_site                        3 buildings,   3 pass (  0 cached),    99 checks, 0 failures
tr_stable                      2 buildings,   2 pass (  0 cached),    88 checks, 0 failures
tr_timber                      3 buildings,   3 pass (  0 cached),    84 checks, 0 failures
tr_workshop                    4 buildings,   4 pass (  0 cached),   250 checks, 0 failures
ts_brewery                     3 buildings,   3 pass (  0 cached),   131 checks, 0 failures
ts_dyer                        2 buildings,   2 pass (  0 cached),   108 checks, 0 failures
ts_furnished                   8 buildings,   8 pass (  0 cached),   573 checks, 0 failures
ts_mill                        2 buildings,   2 pass (  0 cached),    98 checks, 0 failures
ts_paper                       2 buildings,   2 pass (  0 cached),   108 checks, 0 failures
ts_site                        3 buildings,   3 pass (  0 cached),    98 checks, 0 failures
buildings with results: 297 / 297
