RESULT machiya_t3_01: PASS (81 checks, 0 failures) [cached]
RESULT machiya_t3_01_shop: PASS (140 checks, 0 failures) [cached]
RESULT toilet_t1_01: PASS (23 checks, 0 failures) [cached]
RESULT th_kamigata_2k_endl_toril: PASS (56 checks, 0 failures) [cached]
RESULT th_kamigata_2k_endl_torir: PASS (61 checks, 0 failures) [cached]
RESULT th_kamigata_2k_endr_toril: PASS (61 checks, 0 failures) [cached]
RESULT th_kamigata_2k_endr_torir: PASS (56 checks, 0 failures) [cached]
RESULT th_kamigata_2k_middle_toril: PASS (56 checks, 0 failures) [cached]
RESULT th_kamigata_2k_middle_torir: PASS (56 checks, 0 failures) [cached]
RESULT th_kamigata_2k_cornerl_toril: PASS (56 checks, 0 failures) [cached]
RESULT th_kamigata_2k_cornerl_torir: PASS (61 checks, 0 failures) [cached]
RESULT th_kamigata_2k_cornerr_toril: PASS (61 checks, 0 failures) [cached]
RESULT th_kamigata_2k_cornerr_torir: PASS (56 checks, 0 failures) [cached]
RESULT th_edo_2k_endl_toril: PASS (56 checks, 0 failures) [cached]
RESULT th_edo_2k_endl_torir: PASS (61 checks, 0 failures) [cached]
RESULT th_edo_2k_endr_toril: PASS (61 checks, 0 failures) [cached]
RESULT th_edo_2k_endr_torir: PASS (56 checks, 0 failures) [cached]
RESULT th_edo_2k_middle_toril: PASS (56 checks, 0 failures) [cached]
RESULT th_edo_2k_middle_torir: PASS (56 checks, 0 failures) [cached]
RESULT th_edo_2k_cornerl_toril: PASS (56 checks, 0 failures) [cached]
RESULT th_edo_2k_cornerl_torir: PASS (61 checks, 0 failures) [cached]
RESULT th_edo_2k_cornerr_toril: PASS (61 checks, 0 failures) [cached]
RESULT th_edo_2k_cornerr_torir: PASS (56 checks, 0 failures) [cached]
RESULT th_kamigata_3k_endl_toril: PASS (61 checks, 0 failures) [cached]
RESULT th_kamigata_3k_endl_torir: PASS (66 checks, 0 failures) [cached]
RESULT th_kamigata_3k_endr_toril: PASS (66 checks, 0 failures) [cached]
RESULT th_kamigata_3k_endr_torir: PASS (61 checks, 0 failures) [cached]
RESULT th_kamigata_3k_middle_toril: PASS (61 checks, 0 failures) [cached]
RESULT th_kamigata_3k_middle_torir: PASS (61 checks, 0 failures) [cached]
RESULT th_kamigata_3k_cornerl_toril: PASS (61 checks, 0 failures) [cached]
RESULT th_kamigata_3k_cornerl_torir: PASS (66 checks, 0 failures) [cached]
RESULT th_kamigata_3k_cornerr_toril: PASS (66 checks, 0 failures) [cached]
RESULT th_kamigata_3k_cornerr_torir: PASS (61 checks, 0 failures) [cached]
RESULT th_edo_3k_endl_toril: PASS (61 checks, 0 failures) [cached]
RESULT th_edo_3k_endl_torir: PASS (66 checks, 0 failures) [cached]
RESULT th_edo_3k_endr_toril: PASS (66 checks, 0 failures) [cached]
RESULT th_edo_3k_endr_torir: PASS (61 checks, 0 failures) [cached]
RESULT th_edo_3k_middle_toril: PASS (61 checks, 0 failures) [cached]
RESULT th_edo_3k_middle_torir: PASS (61 checks, 0 failures) [cached]
RESULT th_edo_3k_cornerl_toril: PASS (61 checks, 0 failures) [cached]
RESULT th_edo_3k_cornerl_torir: PASS (66 checks, 0 failures) [cached]
RESULT th_edo_3k_cornerr_toril: PASS (66 checks, 0 failures) [cached]
RESULT th_edo_3k_cornerr_torir: PASS (61 checks, 0 failures) [cached]
RESULT th_kamigata_4k_endl_toril: PASS (61 checks, 0 failures) [cached]
RESULT th_kamigata_4k_endl_torir: PASS (66 checks, 0 failures) [cached]
RESULT th_kamigata_4k_endr_toril: PASS (66 checks, 0 failures) [cached]
RESULT th_kamigata_4k_endr_torir: PASS (61 checks, 0 failures) [cached]
RESULT th_kamigata_4k_middle_toril: PASS (61 checks, 0 failures) [cached]
RESULT th_kamigata_4k_middle_torir: PASS (61 checks, 0 failures) [cached]
RESULT th_kamigata_4k_cornerl_toril: PASS (61 checks, 0 failures) [cached]
RESULT th_kamigata_4k_cornerl_torir: PASS (66 checks, 0 failures) [cached]
RESULT th_kamigata_4k_cornerr_toril: PASS (66 checks, 0 failures) [cached]
RESULT th_kamigata_4k_cornerr_torir: PASS (61 checks, 0 failures) [cached]
RESULT th_edo_4k_endl_toril: PASS (61 checks, 0 failures) [cached]
RESULT th_edo_4k_endl_torir: PASS (66 checks, 0 failures) [cached]
RESULT th_edo_4k_endr_toril: PASS (66 checks, 0 failures) [cached]
RESULT th_edo_4k_endr_torir: PASS (61 checks, 0 failures) [cached]
RESULT th_edo_4k_middle_toril: PASS (61 checks, 0 failures) [cached]
RESULT th_edo_4k_middle_torir: PASS (61 checks, 0 failures) [cached]
RESULT th_edo_4k_cornerl_toril: PASS (61 checks, 0 failures) [cached]
RESULT th_edo_4k_cornerl_torir: PASS (66 checks, 0 failures) [cached]
RESULT th_edo_4k_cornerr_toril: PASS (66 checks, 0 failures) [cached]
RESULT th_edo_4k_cornerr_torir: PASS (61 checks, 0 failures) [cached]
RESULT th_edo_2k_middle_toril_board: PASS (56 checks, 0 failures) [cached]
RESULT th_edo_2k_middle_torir_board: PASS (56 checks, 0 failures) [cached]
RESULT th_edo_3k_middle_toril_board: PASS (61 checks, 0 failures) [cached]
RESULT th_edo_3k_middle_torir_board: PASS (61 checks, 0 failures) [cached]
RESULT th_edo_4k_middle_toril_board: PASS (61 checks, 0 failures) [cached]
RESULT th_edo_4k_middle_torir_board: PASS (61 checks, 0 failures) [cached]
RESULT th_edo_3k_middle_toril_kakigara: PASS (61 checks, 0 failures) [cached]
RESULT th_kamigata_3k_middle_toril_kyo: PASS (61 checks, 0 failures) [cached]
RESULT th_kamigata_3k_middle_torir_komeya: PASS (61 checks, 0 failures) [cached]
RESULT pt_det_tile_nuriya: PASS (66 checks, 0 failures) [cached]
RESULT pt_det_tile_board: PASS (66 checks, 0 failures) [cached]
RESULT pt_det_board_nuriya: PASS (66 checks, 0 failures) [cached]
RESULT pt_det_board_board: PASS (66 checks, 0 failures) [cached]
RESULT pt_det_stable_tile: PASS (66 checks, 0 failures) [cached]
RESULT pt_det_stable_board: PASS (66 checks, 0 failures) [cached]
RESULT pt_row_endl: PASS (61 checks, 0 failures) [cached]
RESULT pt_row_middle: PASS (61 checks, 0 failures) [cached]
RESULT inn_std_tile: PASS (71 checks, 0 failures) [cached]
RESULT inn_std_board: PASS (71 checks, 0 failures) [cached]
RESULT inn_std_mushiko: PASS (71 checks, 0 failures) [cached]
RESULT inn_grand: PASS (91 checks, 0 failures) [cached]
RESULT farmhouse_kanto_yosemune: PASS (81 checks, 0 failures) [cached]
RESULT farmhouse_kanto_yosemune_umaya: PASS (81 checks, 0 failures) [cached]
RESULT farmhouse_kanto_yosemune_umaya_domar: PASS (81 checks, 0 failures) [cached]
RESULT farmhouse_kanto_irimoya_domar: PASS (81 checks, 0 failures) [cached]
RESULT farmhouse_kinai_kirizuma_tile_takahe: PASS (86 checks, 0 failures) [cached]
RESULT farmhouse_kinai_kirizuma_board: PASS (86 checks, 0 failures) [cached]
RESULT farmhouse_kinai_irimoya_tile: PASS (86 checks, 0 failures) [cached]
RESULT farmhouse_kinai_irimoya_board: PASS (86 checks, 0 failures) [cached]
RESULT hut_east_s_earth_mushiro: PASS (34 checks, 0 failures) [cached]
RESULT hut_east_s_sunoko: PASS (38 checks, 0 failures) [cached]
RESULT hut_east_l_board: PASS (43 checks, 0 failures) [cached]
RESULT hut_east_l_earth: PASS (43 checks, 0 failures) [cached]
RESULT hut_west_thatch_leanl: PASS (38 checks, 0 failures) [cached]
RESULT hut_west_ishioki_leanr: PASS (34 checks, 0 failures) [cached]
RESULT hut_west_itabuki: PASS (38 checks, 0 failures) [cached]
RESULT hut_west_ishioki: PASS (38 checks, 0 failures) [cached]
RESULT hut_west_thatch: PASS (38 checks, 0 failures) [cached]
RESULT shed_open_board: PASS (28 checks, 0 failures) [cached]
RESULT shed_open_thatch: PASS (28 checks, 0 failures) [cached]
RESULT shed_walled_ishioki_woodshed: PASS (33 checks, 0 failures) [cached]
RESULT barn_walled_thatch: PASS (33 checks, 0 failures) [cached]
RESULT kura_namako: PASS (39 checks, 0 failures) [cached]
RESULT kura_kuro_hinged: PASS (49 checks, 0 failures) [cached]
RESULT kura_plain: PASS (39 checks, 0 failures) [cached]
RESULT f_th_kamigata_3k_middle_komeya: PASS (107 checks, 0 failures) [cached]
RESULT f_th_kamigata_2k_middle_kamiya: PASS (98 checks, 0 failures) [cached]
RESULT f_th_edo_2k_middle_gofuku: PASS (97 checks, 0 failures) [cached]
RESULT f_th_edo_3k_cornerr_sakaya: PASS (114 checks, 0 failures) [cached]
RESULT f_pt_det_tile_nuriya_home: PASS (114 checks, 0 failures) [cached]
RESULT f_inn_std_tile: PASS (127 checks, 0 failures) [cached]
RESULT f_inn_grand: PASS (156 checks, 0 failures) [cached]
RESULT f_farmhouse_kanto: PASS (133 checks, 0 failures) [cached]
RESULT f_farmhouse_kinai: PASS (146 checks, 0 failures) [cached]
RESULT f_hut_east_l_board: PASS (65 checks, 0 failures) [cached]
RESULT f_hut_west_thatch_leanl: PASS (62 checks, 0 failures) [cached]
RESULT f_shed_walled_woodshed: PASS (50 checks, 0 failures) [cached]
RESULT f_kura_namako: PASS (57 checks, 0 failures) [cached]
RESULT f_kura_kuro_hinged: PASS (71 checks, 0 failures) [cached]
RESULT s1_th_edo_3k_middle_kanamono: PASS (107 checks, 0 failures) [cached]
RESULT s1_th_kamigata_2k_middle_tabako: PASS (98 checks, 0 failures) [cached]
RESULT s1_th_kamigata_3k_endr_mochiya: PASS (114 checks, 0 failures) [cached]
RESULT s1_th_edo_3k_endl_kusuri: PASS (107 checks, 0 failures) [cached]
RESULT s1_th_edo_2k_middle_board_shitate: PASS (98 checks, 0 failures) [cached]
RESULT s1_th_kamigata_3k_middle_kyo_ningyo: PASS (107 checks, 0 failures) [cached]
RESULT teahouse_bench_thatch: PASS (33 checks, 0 failures) [cached]
RESULT teahouse_bench_itabuki: PASS (33 checks, 0 failures) [cached]
RESULT teahouse_shop_thatch: PASS (49 checks, 0 failures) [cached]
RESULT teahouse_shop_itabuki: PASS (49 checks, 0 failures) [cached]
RESULT teahouse_pass_ishioki: PASS (49 checks, 0 failures) [cached]
RESULT teahouse_tateba_thatch: PASS (64 checks, 0 failures) [cached]
RESULT teahouse_tateba_itabuki: PASS (64 checks, 0 failures) [cached]
RESULT smithy_open_itabuki: PASS (44 checks, 0 failures) [cached]
RESULT smithy_open_sangawara: PASS (44 checks, 0 failures) [cached]
RESULT swordsmith_sangawara: PASS (61 checks, 0 failures) [cached]
RESULT guardhut_s_itabuki: PASS (39 checks, 0 failures) [cached]
RESULT guardhut_s_sangawara: PASS (39 checks, 0 failures) [cached]
RESULT guardhut_m_itabuki: PASS (44 checks, 0 failures) [cached]
RESULT kido_lattice: PASS (38 checks, 0 failures) [cached]
RESULT kido_board_roofed: PASS (39 checks, 0 failures) [cached]
RESULT kido_lattice_bantaya: PASS (49 checks, 0 failures) [cached]
[shrine_haiden_village] check cache: run (sources / registry entry changed)
[shrine_haiden_town_hiwada] check cache: run (sources / registry entry changed)
[shrine_haiden_town_copper] check cache: run (sources / registry entry changed)
[shrine_honden_nagare_village] check cache: run (sources / registry entry changed)
[shrine_honden_nagare_village_chigi] check cache: run (sources / registry entry changed)
[shrine_honden_nagare_town] check cache: run (sources / registry entry changed)
[shrine_honden_shinmei] check cache: run (sources / registry entry changed)
[shrine_temizuya_village] check cache: run (sources / registry entry changed)
[shrine_temizuya_town] check cache: run (sources / registry entry changed)
[shrine_shamusho_itabuki] check cache: run (sources / registry entry changed)
[shrine_shamusho_sangawara] check cache: run (sources / registry entry changed)
[shrine_kagura_village] check cache: run (sources / registry entry changed)
[shrine_kagura_town] check cache: run (sources / registry entry changed)
[temple_do_2_board] check cache: run (sources / registry entry changed)
[temple_do_2_thatch] check cache: run (sources / registry entry changed)
[temple_do_3_tile] check cache: run (sources / registry entry changed)
[temple_do_town] check cache: run (sources / registry entry changed)
[temple_hondo_village] check cache: run (sources / registry entry changed)
[temple_hondo_town] check cache: run (sources / registry entry changed)
[temple_kuri_village] check cache: run (sources / registry entry changed)
[temple_kuri_town] check cache: run (sources / registry entry changed)
[temple_shoro_village] check cache: run (sources / registry entry changed)
[temple_shoro_town] check cache: run (sources / registry entry changed)
[temple_gate_yakuimon] check cache: run (sources / registry entry changed)
[temple_gate_shikyakumon] check cache: run (sources / registry entry changed)
verify: 169 buildings: 144 cached (2 s), 25 checked in 9 batches / <= 4 processes (27 s); all pass (logs D:\DayZ-Server_AI-20260907-MultiMap\japan_dev\data\C\_build\verify_logs)
farmhouse                      8 buildings,   8 pass (  8 cached),   668 checks, 0 failures
furnished                     20 buildings,  20 pass ( 20 cached),  2028 checks, 0 failures
guardhut                       3 buildings,   3 pass (  3 cached),   122 checks, 0 failures
hatago                         4 buildings,   4 pass (  4 cached),   304 checks, 0 failures
hut                            9 buildings,   9 pass (  9 cached),   344 checks, 0 failures
kido                           3 buildings,   3 pass (  3 cached),   126 checks, 0 failures
kura                           3 buildings,   3 pass (  3 cached),   127 checks, 0 failures
machiya_t3_01                  1 buildings,   1 pass (  1 cached),    81 checks, 0 failures
machiya_t3_01_shop             1 buildings,   1 pass (  1 cached),   140 checks, 0 failures
posttown                       8 buildings,   8 pass (  8 cached),   518 checks, 0 failures
shed                           4 buildings,   4 pass (  4 cached),   122 checks, 0 failures
shrine                        13 buildings,  13 pass (  0 cached),   438 checks, 0 failures
smithy                         3 buildings,   3 pass (  3 cached),   149 checks, 0 failures
teahouse                       7 buildings,   7 pass (  7 cached),   341 checks, 0 failures
temple                        12 buildings,  12 pass (  0 cached),   512 checks, 0 failures
toilet_t1_01                   1 buildings,   1 pass (  1 cached),    23 checks, 0 failures
townhouse                     69 buildings,  69 pass ( 69 cached),  4219 checks, 0 failures
buildings with results: 169 / 169
