th_kamigata_2k_endl_toril                C11 SAME (44160 rays, leaks 0) 16.4->1.0 s | C17 SAME rays-bitwise True (124482 rays, slits 0) 7.5->1.4 s | C15 maxdiff 0, 0 non-bitwise of 43290 3.8->0.3 s
th_kamigata_2k_middle_toril              C11 SAME (44160 rays, leaks 0) 10.8->0.8 s | C17 SAME rays-bitwise True (123612 rays, slits 0) 6.0->1.2 s | C15 maxdiff 0, 0 non-bitwise of 38610 3.2->0.2 s
th_kamigata_2k_cornerr_toril             C11 SAME (44160 rays, leaks 0) 16.8->1.1 s | C17 SAME rays-bitwise True (178386 rays, slits 0) 9.5->2.1 s | C15 maxdiff 0, 0 non-bitwise of 46800 4.0->0.3 s
th_edo_2k_endr_toril                     C11 SAME (44160 rays, leaks 0) 11.2->0.8 s | C17 SAME rays-bitwise True (178386 rays, slits 0) 8.4->1.7 s | C15 maxdiff 0, 0 non-bitwise of 39900 2.9->0.2 s
th_edo_2k_cornerl_toril                  C11 SAME (44160 rays, leaks 0) 10.9->0.9 s | C17 SAME rays-bitwise True (124482 rays, slits 0) 6.4->1.4 s | C15 maxdiff 0, 0 non-bitwise of 45600 3.3->0.2 s
th_kamigata_3k_endl_toril                C11 SAME (44160 rays, leaks 0) 24.0->1.5 s | C17 SAME rays-bitwise True (177090 rays, slits 0) 10.5->2.1 s | C15 maxdiff 0, 0 non-bitwise of 60840 4.9->0.4 s
th_kamigata_3k_middle_toril              C11 SAME (44160 rays, leaks 0) 18.7->1.3 s | C17 SAME rays-bitwise True (178386 rays, slits 0) 9.0->2.3 s | C15 maxdiff 0, 0 non-bitwise of 56160 4.8->0.4 s
th_kamigata_3k_cornerr_toril             C11 SAME (44160 rays, leaks 0) 25.4->1.7 s | C17 SAME rays-bitwise True (232296 rays, slits 0) 14.1->3.0 s | C15 maxdiff 0, 0 non-bitwise of 64350 6.0->0.5 s
th_edo_3k_endr_toril                     C11 SAME (44160 rays, leaks 0) 17.3->1.2 s | C17 SAME rays-bitwise True (232296 rays, slits 0) 12.5->2.5 s | C15 maxdiff 0, 0 non-bitwise of 57000 4.0->0.3 s
th_edo_3k_cornerl_toril                  C11 SAME (44160 rays, leaks 0) 18.2->1.2 s | C17 SAME rays-bitwise True (177090 rays, slits 0) 9.6->2.0 s | C15 maxdiff 0, 0 non-bitwise of 62700 4.1->0.4 s
th_kamigata_4k_endl_toril                C11 SAME (44160 rays, leaks 0) 25.4->2.0 s | C17 SAME rays-bitwise True (177528 rays, slits 0) 10.6->2.1 s | C15 maxdiff 0, 0 non-bitwise of 78390 6.7->0.5 s
th_kamigata_4k_middle_toril              C11 SAME (44160 rays, leaks 0) 22.1->1.7 s | C17 SAME rays-bitwise True (177516 rays, slits 0) 9.6->2.2 s | C15 maxdiff 0, 0 non-bitwise of 73710 6.3->0.5 s
th_kamigata_4k_cornerr_toril             C11 SAME (44160 rays, leaks 0) 26.4->1.8 s | C17 SAME rays-bitwise True (232296 rays, slits 0) 10.9->2.6 s | C15 maxdiff 0, 0 non-bitwise of 81900 5.8->0.5 s
th_edo_4k_endr_toril                     C11 SAME (44160 rays, leaks 0) 18.1->1.6 s | C17 SAME rays-bitwise True (232296 rays, slits 0) 11.9->2.5 s | C15 maxdiff 0, 0 non-bitwise of 74100 5.2->0.4 s
th_edo_4k_cornerl_toril                  C11 SAME (44160 rays, leaks 0) 18.7->1.6 s | C17 SAME rays-bitwise True (177528 rays, slits 0) 9.3->2.0 s | C15 maxdiff 0, 0 non-bitwise of 80940 5.5->0.4 s
th_edo_2k_middle_toril_board             C11 SAME (44160 rays, leaks 0) 6.6->0.5 s | C17 SAME rays-bitwise True (123612 rays, slits 0) 4.7->1.2 s | C15 maxdiff 0, 0 non-bitwise of 36480 1.9->0.2 s
th_edo_4k_middle_toril_board             C11 SAME (44160 rays, leaks 0) 12.6->1.0 s | C17 SAME rays-bitwise True (177516 rays, slits 0) 8.8->1.8 s | C15 maxdiff 0, 0 non-bitwise of 71820 3.9->0.3 s
th_kamigata_3k_middle_torir_komeya       C11 SAME (44160 rays, leaks 1) 16.9->1.1 s | C17 SAME rays-bitwise True (178386 rays, slits 0) 8.7->2.0 s | C15 maxdiff 0, 0 non-bitwise of 56160 4.1->0.3 s
pt_det_board_board                       C11 SAME (44160 rays, leaks 0) 17.1->1.0 s | C17 SAME rays-bitwise True (232290 rays, slits 0) 10.2->2.2 s | C15 maxdiff 0, 0 non-bitwise of 64980 3.1->0.3 s
pt_row_middle                            C11 SAME (44160 rays, leaks 0) 9.3->0.6 s | C17 SAME rays-bitwise True (178386 rays, slits 0) 6.4->1.4 s | C15 maxdiff 0, 0 non-bitwise of 54720 2.3->0.2 s
inn_grand                                C11 SAME (63360 rays, leaks 0) 26.0->2.8 s | C17 SAME rays-bitwise True (374304 rays, slits 0) 13.9->3.4 s | C15 maxdiff 0, 0 non-bitwise of 120120 7.8->0.6 s
farmhouse_kanto_irimoya_domar            C11 SAME (44160 rays, leaks 2) 26.7->2.0 s | C17 SAME rays-bitwise True (172010 rays, slits 0) 7.9->1.7 s | C15 maxdiff 0, 0 non-bitwise of 176250 7.0->0.7 s
farmhouse_kinai_irimoya_board            C11 SAME (53760 rays, leaks 2) 33.8->3.2 s | C17 SAME rays-bitwise True (263588 rays, slits 0) 10.8->2.2 s | C15 maxdiff 0, 0 non-bitwise of 147600 7.7->0.6 s
hut_east_l_earth                         C11 SAME (11520 rays, leaks 0) 3.5->0.2 s | C17 SAME rays-bitwise True (51406 rays, slits 0) 1.4->0.5 s | C15 maxdiff 0, 0 non-bitwise of 75840 1.8->0.3 s
hut_west_ishioki                         C11 SAME (18240 rays, leaks 0) 8.1->0.7 s | C17 SAME rays-bitwise True (35580 rays, slits 0) 1.2->0.3 s | C15 maxdiff 0, 0 non-bitwise of 38955 1.3->0.2 s
shed_walled_ishioki_woodshed             C11 SAME (11520 rays, leaks 0) 5.4->0.5 s | C17 SAME rays-bitwise True (18918 rays, slits 0) 0.7->0.2 s | C15 maxdiff 0, 0 non-bitwise of 54390 1.5->0.2 s
kura_plain                               C11 SAME (19200 rays, leaks 34) 5.3->0.4 s | C17 SAME rays-bitwise True (17130 rays, slits 0) 0.6->0.2 s | C15 maxdiff 0, 0 non-bitwise of 38475 1.4->0.2 s
f_th_edo_3k_cornerr_sakaya               C11 SAME (39360 rays, leaks 0) 12.0->0.8 s | C17 SAME rays-bitwise True (232296 rays, slits 0) 8.4->1.8 s | C15 maxdiff 0, 0 non-bitwise of 62700 2.5->0.3 s
f_farmhouse_kanto                        C11 SAME (39360 rays, leaks 0) 23.6->1.3 s | C17 SAME rays-bitwise True (172010 rays, slits 0) 6.7->1.6 s | C15 maxdiff 0, 0 non-bitwise of 176250 6.0->0.8 s
f_shed_walled_woodshed                   C11 SAME (11520 rays, leaks 0) 5.4->0.5 s | C17 SAME rays-bitwise True (18918 rays, slits 0) 0.6->0.2 s | C15 maxdiff 0, 0 non-bitwise of 54390 1.4->0.2 s
s1_th_kamigata_2k_middle_tabako          C11 SAME (36480 rays, leaks 1) 6.5->0.5 s | C17 SAME rays-bitwise True (123612 rays, slits 0) 4.0->0.9 s | C15 maxdiff 0, 0 non-bitwise of 38610 2.0->0.2 s
s1_th_kamigata_3k_middle_kyo_ningyo      C11 SAME (38400 rays, leaks 0) 11.5->0.9 s | C17 SAME rays-bitwise True (178386 rays, slits 0) 6.3->1.5 s | C15 maxdiff 0, 0 non-bitwise of 56160 3.1->0.3 s
teahouse_shop_itabuki                    C11 SAME (0 rays, leaks 0) 0.0->0.0 s | C17 SAME rays-bitwise True (68134 rays, slits 0) 2.4->0.7 s | C15 maxdiff 0, 0 non-bitwise of 46905 1.1->0.2 s
smithy_open_itabuki                      C11 SAME (0 rays, leaks 0) 0.0->0.0 s | C17 SAME rays-bitwise True (51910 rays, slits 0) 1.6->0.5 s | C15 maxdiff 0, 0 non-bitwise of 34980 0.9->0.1 s
guardhut_s_sangawara                     C11 SAME (16320 rays, leaks 0) 3.7->0.4 s | C17 SAME rays-bitwise True (34378 rays, slits 0) 1.9->0.4 s | C15 maxdiff 0, 0 non-bitwise of 14400 0.4->0.1 s
kido_lattice_bantaya                     C11 SAME (16320 rays, leaks 0) 2.7->0.2 s | C17 SAME rays-bitwise True (51628 rays, slits 0) 2.3->0.5 s | C15 maxdiff 0, 0 non-bitwise of 68370 0.9->0.1 s
shrine_honden_nagare_village             C11 SAME (0 rays, leaks 0) 0.0->0.0 s | C17 SAME rays-bitwise True (0 rays, slits 0) 0.0->0.0 s | C15 maxdiff 0, 0 non-bitwise of 29250 0.8->0.1 s
shrine_temizuya_village                  C11 SAME (0 rays, leaks 0) 0.0->0.0 s | C17 SAME rays-bitwise True (0 rays, slits 0) 0.0->0.0 s | C15 maxdiff 0, 0 non-bitwise of 13920 0.2->0.1 s
shrine_kagura_village                    C11 SAME (0 rays, leaks 0) 0.0->0.0 s | C17 SAME rays-bitwise True (0 rays, slits 0) 0.0->0.0 s | C15 maxdiff 0, 0 non-bitwise of 33660 0.6->0.1 s
temple_do_3_tile                         C11 SAME (11520 rays, leaks 0) 6.1->0.4 s | C17 SAME rays-bitwise True (92010 rays, slits 0) 8.6->1.1 s | C15 maxdiff 0, 0 non-bitwise of 74655 3.3->0.5 s
temple_kuri_village                      C11 SAME (31680 rays, leaks 3) 18.8->1.1 s | C17 SAME rays-bitwise True (139476 rays, slits 0) 5.1->1.2 s | C15 maxdiff 0, 0 non-bitwise of 131100 3.8->0.4 s
temple_gate_yakuimon                     C11 SAME (0 rays, leaks 0) 0.0->0.0 s | C17 SAME rays-bitwise True (55176 rays, slits 0) 1.4->0.3 s | C15 maxdiff 0, 0 non-bitwise of 16830 0.3->0.1 s
