machiya_t3_01_shop                       C11 SAME (53760 rays, leaks 0) 37.5->3.0 s | C17 SAME rays-bitwise True (283330 rays, slits 0) 18.0->3.3 s | C15 maxdiff 0, 0 non-bitwise of 96255 9.1->0.5 s
th_kamigata_2k_endr_toril                C11 SAME (44160 rays, leaks 0) 15.0->0.9 s | C17 SAME rays-bitwise True (178386 rays, slits 0) 9.0->1.7 s | C15 maxdiff 0, 0 non-bitwise of 40425 3.1->0.3 s
th_kamigata_2k_cornerl_toril             C11 SAME (44160 rays, leaks 0) 14.3->1.1 s | C17 SAME rays-bitwise True (124482 rays, slits 0) 6.6->1.4 s | C15 maxdiff 0, 0 non-bitwise of 47970 3.8->0.3 s
th_edo_2k_endl_toril                     C11 SAME (44160 rays, leaks 0) 11.3->0.8 s | C17 SAME rays-bitwise True (124482 rays, slits 0) 6.7->1.4 s | C15 maxdiff 0, 0 non-bitwise of 45600 3.2->0.3 s
th_edo_2k_middle_toril                   C11 SAME (44160 rays, leaks 0) 8.9->0.6 s | C17 SAME rays-bitwise True (123612 rays, slits 0) 5.2->1.3 s | C15 maxdiff 0, 0 non-bitwise of 37620 2.5->0.2 s
th_edo_2k_cornerr_toril                  C11 SAME (44160 rays, leaks 0) 12.1->1.0 s | C17 SAME rays-bitwise True (178386 rays, slits 0) 9.7->1.9 s | C15 maxdiff 0, 0 non-bitwise of 44460 3.2->0.3 s
th_kamigata_3k_endr_toril                C11 SAME (44160 rays, leaks 0) 22.6->1.5 s | C17 SAME rays-bitwise True (232296 rays, slits 0) 13.7->2.8 s | C15 maxdiff 0, 0 non-bitwise of 57750 5.0->0.4 s
th_kamigata_3k_cornerl_toril             C11 SAME (44160 rays, leaks 0) 23.7->1.5 s | C17 SAME rays-bitwise True (177090 rays, slits 0) 10.8->2.2 s | C15 maxdiff 0, 0 non-bitwise of 65520 5.3->0.5 s
th_edo_3k_endl_toril                     C11 SAME (44160 rays, leaks 0) 18.0->1.2 s | C17 SAME rays-bitwise True (177090 rays, slits 0) 10.7->2.0 s | C15 maxdiff 0, 0 non-bitwise of 62700 4.3->0.4 s
th_edo_3k_middle_toril                   C11 SAME (44160 rays, leaks 0) 13.1->1.0 s | C17 SAME rays-bitwise True (178386 rays, slits 0) 9.5->1.8 s | C15 maxdiff 0, 0 non-bitwise of 54720 3.8->0.3 s
th_edo_3k_cornerr_toril                  C11 SAME (44160 rays, leaks 0) 18.0->1.4 s | C17 SAME rays-bitwise True (232296 rays, slits 0) 12.9->2.6 s | C15 maxdiff 0, 0 non-bitwise of 62700 4.6->0.4 s
th_kamigata_4k_endr_toril                C11 SAME (44160 rays, leaks 0) 25.2->2.0 s | C17 SAME rays-bitwise True (232296 rays, slits 0) 12.8->2.7 s | C15 maxdiff 0, 0 non-bitwise of 75075 6.2->0.5 s
th_kamigata_4k_cornerl_toril             C11 SAME (44160 rays, leaks 0) 23.1->2.4 s | C17 SAME rays-bitwise True (177528 rays, slits 0) 9.7->2.2 s | C15 maxdiff 0, 0 non-bitwise of 83070 7.4->0.5 s
th_edo_4k_endl_toril                     C11 SAME (44160 rays, leaks 0) 19.0->1.6 s | C17 SAME rays-bitwise True (177528 rays, slits 0) 10.1->2.1 s | C15 maxdiff 0, 0 non-bitwise of 79800 5.6->0.5 s
th_edo_4k_middle_toril                   C11 SAME (44160 rays, leaks 0) 15.2->1.4 s | C17 SAME rays-bitwise True (177516 rays, slits 0) 9.2->1.9 s | C15 maxdiff 0, 0 non-bitwise of 71820 4.9->0.4 s
th_edo_4k_cornerr_toril                  C11 SAME (44160 rays, leaks 0) 19.9->1.6 s | C17 SAME rays-bitwise True (232296 rays, slits 0) 12.3->2.4 s | C15 maxdiff 0, 0 non-bitwise of 79800 5.5->0.5 s
th_edo_3k_middle_toril_board             C11 SAME (44160 rays, leaks 0) 11.0->0.8 s | C17 SAME rays-bitwise True (178386 rays, slits 0) 8.7->1.8 s | C15 maxdiff 0, 0 non-bitwise of 54720 3.2->0.3 s
th_edo_3k_middle_toril_kakigara          C11 SAME (44160 rays, leaks 0) 11.1->0.7 s | C17 SAME rays-bitwise True (178386 rays, slits 0) 8.1->1.5 s | C15 maxdiff 0, 0 non-bitwise of 54720 2.5->0.2 s
pt_det_tile_board                        C11 SAME (44160 rays, leaks 0) 16.4->1.1 s | C17 SAME rays-bitwise True (232290 rays, slits 0) 10.6->2.0 s | C15 maxdiff 0, 0 non-bitwise of 64980 3.3->0.3 s
pt_det_stable_board                      C11 SAME (38400 rays, leaks 0) 12.2->0.9 s | C17 SAME rays-bitwise True (232728 rays, slits 0) 10.1->1.8 s | C15 maxdiff 0, 0 non-bitwise of 77805 3.5->0.3 s
inn_std_board                            C11 SAME (55680 rays, leaks 0) 17.3->1.4 s | C17 SAME rays-bitwise True (249978 rays, slits 0) 10.1->1.9 s | C15 maxdiff 0, 0 non-bitwise of 120120 5.5->0.5 s
farmhouse_kanto_yosemune_umaya           C11 SAME (42240 rays, leaks 0) 28.3->1.3 s | C17 SAME rays-bitwise True (172010 rays, slits 0) 7.6->1.6 s | C15 maxdiff 0, 0 non-bitwise of 176250 6.7->0.8 s
farmhouse_kinai_kirizuma_board           C11 SAME (53760 rays, leaks 0) 35.7->2.5 s | C17 SAME rays-bitwise True (263588 rays, slits 0) 10.6->2.3 s | C15 maxdiff 0, 0 non-bitwise of 143910 7.1->0.6 s
hut_east_s_sunoko                        C11 SAME (18240 rays, leaks 0) 3.3->0.2 s | C17 SAME rays-bitwise True (35580 rays, slits 0) 1.0->0.3 s | C15 maxdiff 0, 0 non-bitwise of 47040 1.2->0.3 s
hut_west_ishioki_leanr                   C11 SAME (9600 rays, leaks 334) 5.9->0.6 s | C17 SAME rays-bitwise True (16662 rays, slits 0) 0.6->0.2 s | C15 maxdiff 0, 0 non-bitwise of 54390 1.7->0.2 s
shed_open_board                          C11 SAME (0 rays, leaks 0) 0.0->0.0 s | C17 SAME rays-bitwise True (0 rays, slits 0) 0.0->0.0 s | C15 maxdiff 0, 0 non-bitwise of 34980 0.8->0.1 s
kura_namako                              C11 SAME (19200 rays, leaks 34) 7.6->0.7 s | C17 SAME rays-bitwise True (17130 rays, slits 0) 0.9->0.2 s | C15 maxdiff 0, 0 non-bitwise of 38475 1.8->0.2 s
f_th_kamigata_2k_middle_kamiya           C11 SAME (36480 rays, leaks 1) 6.6->0.5 s | C17 SAME rays-bitwise True (123612 rays, slits 0) 3.9->0.9 s | C15 maxdiff 0, 0 non-bitwise of 38610 2.0->0.2 s
f_inn_std_tile                           C11 SAME (50880 rays, leaks 0) 18.1->1.6 s | C17 SAME rays-bitwise True (249978 rays, slits 0) 10.2->2.0 s | C15 maxdiff 0, 0 non-bitwise of 120120 6.0->0.5 s
f_hut_east_l_board                       C11 SAME (22080 rays, leaks 0) 5.4->0.4 s | C17 SAME rays-bitwise True (51406 rays, slits 0) 1.4->0.5 s | C15 maxdiff 0, 0 non-bitwise of 75840 1.9->0.4 s
f_kura_kuro_hinged                       C11 SAME (19200 rays, leaks 51) 5.8->0.6 s | C17 SAME rays-bitwise True (50286 rays, slits 0) 2.3->0.5 s | C15 maxdiff 0, 0 non-bitwise of 37620 1.8->0.2 s
s1_th_edo_3k_endl_kusuri                 C11 SAME (38400 rays, leaks 0) 11.5->0.8 s | C17 SAME rays-bitwise True (177090 rays, slits 0) 7.6->1.5 s | C15 maxdiff 0, 0 non-bitwise of 62700 3.0->0.3 s
teahouse_bench_itabuki                   C11 SAME (0 rays, leaks 0) 0.0->0.0 s | C17 SAME rays-bitwise True (17134 rays, slits 0) 0.7->0.2 s | C15 maxdiff 0, 0 non-bitwise of 28860 0.8->0.1 s
teahouse_tateba_thatch                   C11 SAME (11520 rays, leaks 0) 3.3->0.3 s | C17 SAME rays-bitwise True (155800 rays, slits 0) 6.7->1.6 s | C15 maxdiff 0, 0 non-bitwise of 97485 2.8->0.4 s
swordsmith_sangawara                     C11 SAME (19200 rays, leaks 0) 9.3->0.6 s | C17 SAME rays-bitwise True (140124 rays, slits 0) 5.2->1.2 s | C15 maxdiff 0, 0 non-bitwise of 63240 2.5->0.2 s
kido_lattice                             C11 SAME (0 rays, leaks 0) 0.0->0.0 s | C17 SAME rays-bitwise True (17682 rays, slits 0) 0.8->0.2 s | C15 maxdiff 0, 0 non-bitwise of 21600 0.2->0.1 s
shrine_haiden_town_hiwada                C11 SAME (10560 rays, leaks 76) 10.7->0.6 s | C17 SAME rays-bitwise True (39194 rays, slits 0) 2.4->0.5 s | C15 maxdiff 0, 0 non-bitwise of 100800 5.0->0.4 s
shrine_honden_nagare_town                C11 SAME (0 rays, leaks 0) 0.0->0.0 s | C17 SAME rays-bitwise True (0 rays, slits 0) 0.0->0.0 s | C15 maxdiff 0, 0 non-bitwise of 61065 2.4->0.2 s
shrine_shamusho_itabuki                  C11 SAME (20160 rays, leaks 4) 6.5->0.6 s | C17 SAME rays-bitwise True (67702 rays, slits 0) 2.9->0.6 s | C15 maxdiff 0, 0 non-bitwise of 34980 0.8->0.1 s
temple_do_2_board                        C11 SAME (9600 rays, leaks 187) 2.8->0.2 s | C17 SAME rays-bitwise True (0 rays, slits 0) 0.0->0.0 s | C15 maxdiff 0, 0 non-bitwise of 40920 1.0->0.2 s
temple_hondo_village                     C11 SAME (9600 rays, leaks 0) 5.5->0.4 s | C17 SAME rays-bitwise True (196174 rays, slits 0) 13.1->2.0 s | C15 maxdiff 0, 0 non-bitwise of 109980 4.2->0.5 s
temple_shoro_village                     C11 SAME (0 rays, leaks 0) 0.0->0.0 s | C17 SAME rays-bitwise True (0 rays, slits 0) 0.0->0.0 s | C15 maxdiff 0, 0 non-bitwise of 28980 0.8->0.2 s
