machiya_t3_01                            C11 SAME (53760 rays, leaks 0) 37.4->2.9 s | C17 SAME rays-bitwise True (283330 rays, slits 0) 17.9->3.4 s | C15 maxdiff 0, 0 non-bitwise of 96255 9.1->0.5 s
th_kamigata_2k_endl_torir                C11 SAME (44160 rays, leaks 1) 15.8->0.9 s | C17 SAME rays-bitwise True (178386 rays, slits 0) 8.8->1.7 s | C15 maxdiff 0, 0 non-bitwise of 42120 3.1->0.2 s
th_kamigata_2k_middle_torir              C11 SAME (44160 rays, leaks 1) 10.3->0.8 s | C17 SAME rays-bitwise True (123612 rays, slits 0) 5.0->1.3 s | C15 maxdiff 0, 0 non-bitwise of 38610 2.9->0.3 s
th_kamigata_2k_cornerr_torir             C11 SAME (44160 rays, leaks 0) 15.0->1.0 s | C17 SAME rays-bitwise True (124482 rays, slits 0) 7.0->1.6 s | C15 maxdiff 0, 0 non-bitwise of 46800 3.9->0.3 s
th_edo_2k_endr_torir                     C11 SAME (44160 rays, leaks 0) 12.0->0.8 s | C17 SAME rays-bitwise True (124482 rays, slits 0) 6.3->1.4 s | C15 maxdiff 0, 0 non-bitwise of 44460 2.8->0.3 s
th_edo_2k_cornerl_torir                  C11 SAME (44160 rays, leaks 1) 13.3->0.8 s | C17 SAME rays-bitwise True (178386 rays, slits 0) 9.4->1.8 s | C15 maxdiff 0, 0 non-bitwise of 45600 3.0->0.3 s
th_kamigata_3k_endl_torir                C11 SAME (44160 rays, leaks 1) 23.5->1.5 s | C17 SAME rays-bitwise True (232296 rays, slits 0) 13.7->2.6 s | C15 maxdiff 0, 0 non-bitwise of 59670 5.2->0.4 s
th_kamigata_3k_middle_torir              C11 SAME (44160 rays, leaks 1) 18.5->1.2 s | C17 SAME rays-bitwise True (178386 rays, slits 0) 9.6->2.1 s | C15 maxdiff 0, 0 non-bitwise of 56160 4.5->0.4 s
th_kamigata_3k_cornerr_torir             C11 SAME (44160 rays, leaks 0) 23.5->1.4 s | C17 SAME rays-bitwise True (177090 rays, slits 0) 11.0->2.2 s | C15 maxdiff 0, 0 non-bitwise of 64350 5.1->0.4 s
th_edo_3k_endr_torir                     C11 SAME (44160 rays, leaks 0) 17.0->1.2 s | C17 SAME rays-bitwise True (177090 rays, slits 0) 9.8->2.0 s | C15 maxdiff 0, 0 non-bitwise of 62700 4.2->0.3 s
th_edo_3k_cornerl_torir                  C11 SAME (44160 rays, leaks 1) 18.4->1.3 s | C17 SAME rays-bitwise True (232296 rays, slits 0) 13.4->2.6 s | C15 maxdiff 0, 0 non-bitwise of 62700 4.6->0.3 s
th_kamigata_4k_endl_torir                C11 SAME (44160 rays, leaks 1) 24.6->2.1 s | C17 SAME rays-bitwise True (232296 rays, slits 0) 12.7->2.6 s | C15 maxdiff 0, 0 non-bitwise of 77220 6.7->0.5 s
th_kamigata_4k_middle_torir              C11 SAME (44160 rays, leaks 1) 17.2->1.8 s | C17 SAME rays-bitwise True (177516 rays, slits 0) 9.0->2.0 s | C15 maxdiff 0, 0 non-bitwise of 73710 6.6->0.5 s
th_kamigata_4k_cornerr_torir             C11 SAME (44160 rays, leaks 0) 25.2->2.1 s | C17 SAME rays-bitwise True (177528 rays, slits 0) 10.6->2.2 s | C15 maxdiff 0, 0 non-bitwise of 81900 6.5->0.5 s
th_edo_4k_endr_torir                     C11 SAME (44160 rays, leaks 0) 17.8->1.7 s | C17 SAME rays-bitwise True (177528 rays, slits 0) 9.6->2.1 s | C15 maxdiff 0, 0 non-bitwise of 79800 5.2->0.5 s
th_edo_4k_cornerl_torir                  C11 SAME (44160 rays, leaks 1) 19.4->1.7 s | C17 SAME rays-bitwise True (232296 rays, slits 0) 12.0->2.5 s | C15 maxdiff 0, 0 non-bitwise of 80940 6.0->0.5 s
th_edo_2k_middle_torir_board             C11 SAME (44160 rays, leaks 1) 6.7->0.5 s | C17 SAME rays-bitwise True (123612 rays, slits 0) 5.1->1.3 s | C15 maxdiff 0, 0 non-bitwise of 37620 2.1->0.2 s
th_edo_4k_middle_torir_board             C11 SAME (44160 rays, leaks 1) 11.7->0.9 s | C17 SAME rays-bitwise True (177516 rays, slits 0) 7.3->1.7 s | C15 maxdiff 0, 0 non-bitwise of 71820 3.2->0.4 s
pt_det_tile_nuriya                       C11 SAME (44160 rays, leaks 0) 15.8->1.2 s | C17 SAME rays-bitwise True (232290 rays, slits 0) 9.6->2.0 s | C15 maxdiff 0, 0 non-bitwise of 64980 3.1->0.3 s
pt_det_stable_tile                       C11 SAME (38400 rays, leaks 0) 13.6->1.2 s | C17 SAME rays-bitwise True (232728 rays, slits 0) 9.6->1.9 s | C15 maxdiff 0, 0 non-bitwise of 77805 3.9->0.3 s
inn_std_tile                             C11 SAME (55680 rays, leaks 0) 19.5->1.9 s | C17 SAME rays-bitwise True (249978 rays, slits 0) 9.6->2.1 s | C15 maxdiff 0, 0 non-bitwise of 120120 6.1->0.5 s
farmhouse_kanto_yosemune                 C11 SAME (44160 rays, leaks 0) 28.7->1.4 s | C17 SAME rays-bitwise True (172010 rays, slits 0) 7.0->1.7 s | C15 maxdiff 0, 0 non-bitwise of 176250 6.3->0.8 s
farmhouse_kinai_kirizuma_tile_takahe     C11 SAME (53760 rays, leaks 0) 41.1->3.4 s | C17 SAME rays-bitwise True (263588 rays, slits 0) 10.4->2.2 s | C15 maxdiff 0, 0 non-bitwise of 136530 7.7->0.6 s
hut_east_s_earth_mushiro                 C11 SAME (9600 rays, leaks 329) 2.2->0.2 s | C17 SAME rays-bitwise True (16662 rays, slits 0) 0.5->0.1 s | C15 maxdiff 0, 0 non-bitwise of 47040 1.3->0.2 s
hut_west_thatch_leanl                    C11 SAME (18240 rays, leaks 0) 5.4->0.5 s | C17 SAME rays-bitwise True (35580 rays, slits 0) 1.4->0.3 s | C15 maxdiff 0, 0 non-bitwise of 49275 1.3->0.2 s
hut_west_thatch                          C11 SAME (9600 rays, leaks 0) 3.4->0.3 s | C17 SAME rays-bitwise True (35580 rays, slits 0) 1.4->0.3 s | C15 maxdiff 0, 0 non-bitwise of 38475 1.1->0.1 s
barn_walled_thatch                       C11 SAME (11520 rays, leaks 1) 3.8->0.2 s | C17 SAME rays-bitwise True (18480 rays, slits 0) 0.7->0.2 s | C15 maxdiff 0, 0 non-bitwise of 65880 1.8->0.2 s
f_th_kamigata_3k_middle_komeya           C11 SAME (38400 rays, leaks 0) 10.9->0.8 s | C17 SAME rays-bitwise True (178386 rays, slits 0) 7.1->1.5 s | C15 maxdiff 0, 0 non-bitwise of 56160 3.5->0.3 s
f_pt_det_tile_nuriya_home                C11 SAME (35520 rays, leaks 0) 11.5->0.9 s | C17 SAME rays-bitwise True (232290 rays, slits 0) 9.2->1.8 s | C15 maxdiff 0, 0 non-bitwise of 64980 3.4->0.3 s
f_farmhouse_kinai                        C11 SAME (51840 rays, leaks 0) 37.2->3.3 s | C17 SAME rays-bitwise True (263588 rays, slits 0) 10.2->2.3 s | C15 maxdiff 0, 0 non-bitwise of 136530 7.5->0.6 s
f_kura_namako                            C11 SAME (19200 rays, leaks 34) 6.6->0.6 s | C17 SAME rays-bitwise True (17130 rays, slits 0) 0.9->0.2 s | C15 maxdiff 0, 0 non-bitwise of 38475 1.7->0.2 s
s1_th_kamigata_3k_endr_mochiya           C11 SAME (38400 rays, leaks 0) 14.9->1.0 s | C17 SAME rays-bitwise True (232296 rays, slits 0) 9.4->2.1 s | C15 maxdiff 0, 0 non-bitwise of 57750 3.6->0.4 s
teahouse_bench_thatch                    C11 SAME (0 rays, leaks 0) 0.0->0.0 s | C17 SAME rays-bitwise True (17134 rays, slits 0) 0.7->0.1 s | C15 maxdiff 0, 0 non-bitwise of 24600 0.4->0.1 s
teahouse_pass_ishioki                    C11 SAME (0 rays, leaks 0) 0.0->0.0 s | C17 SAME rays-bitwise True (68134 rays, slits 0) 2.2->0.7 s | C15 maxdiff 0, 0 non-bitwise of 71040 1.7->0.3 s
smithy_open_sangawara                    C11 SAME (0 rays, leaks 0) 0.0->0.0 s | C17 SAME rays-bitwise True (51910 rays, slits 0) 1.5->0.4 s | C15 maxdiff 0, 0 non-bitwise of 37365 1.1->0.2 s
guardhut_m_itabuki                       C11 SAME (21120 rays, leaks 0) 4.5->0.4 s | C17 SAME rays-bitwise True (51046 rays, slits 0) 2.1->0.5 s | C15 maxdiff 0, 0 non-bitwise of 19980 0.5->0.1 s
shrine_haiden_village                    C11 SAME (10560 rays, leaks 232) 3.1->0.3 s | C17 SAME rays-bitwise True (0 rays, slits 0) 0.0->0.0 s | C15 maxdiff 0, 0 non-bitwise of 49290 1.2->0.1 s
shrine_honden_nagare_village_chigi       C11 SAME (0 rays, leaks 0) 0.0->0.0 s | C17 SAME rays-bitwise True (0 rays, slits 0) 0.0->0.0 s | C15 maxdiff 0, 0 non-bitwise of 29250 0.8->0.1 s
shrine_temizuya_town                     C11 SAME (0 rays, leaks 0) 0.0->0.0 s | C17 SAME rays-bitwise True (0 rays, slits 0) 0.0->0.0 s | C15 maxdiff 0, 0 non-bitwise of 17820 0.5->0.1 s
shrine_kagura_town                       C11 SAME (0 rays, leaks 0) 0.0->0.0 s | C17 SAME rays-bitwise True (0 rays, slits 0) 0.0->0.0 s | C15 maxdiff 0, 0 non-bitwise of 43605 1.3->0.1 s
temple_do_town                           C11 SAME (9600 rays, leaks 0) 5.5->0.6 s | C17 SAME rays-bitwise True (93230 rays, slits 0) 6.7->1.1 s | C15 maxdiff 0, 0 non-bitwise of 122010 4.4->0.5 s
temple_kuri_town                         C11 SAME (31680 rays, leaks 0) 20.9->2.0 s | C17 SAME rays-bitwise True (139476 rays, slits 0) 5.0->1.3 s | C15 maxdiff 0, 0 non-bitwise of 131670 4.2->0.4 s
temple_gate_shikyakumon                  C11 SAME (0 rays, leaks 0) 0.0->0.0 s | C17 SAME rays-bitwise True (55092 rays, slits 0) 1.1->0.4 s | C15 maxdiff 0, 0 non-bitwise of 27360 0.6->0.1 s
