toilet_t1_01                             C11 SAME (9600 rays, leaks 201) 1.8->0.2 s | C17 SAME rays-bitwise True (16830 rays, slits 0) 0.8->0.2 s | C15 maxdiff 0, 0 non-bitwise of 11880 0.5->0.1 s
th_kamigata_2k_endr_torir                C11 SAME (44160 rays, leaks 0) 17.0->1.0 s | C17 SAME rays-bitwise True (124482 rays, slits 0) 7.1->1.4 s | C15 maxdiff 0, 0 non-bitwise of 41580 3.5->0.3 s
th_kamigata_2k_cornerl_torir             C11 SAME (44160 rays, leaks 1) 18.4->1.2 s | C17 SAME rays-bitwise True (178386 rays, slits 0) 9.2->2.0 s | C15 maxdiff 0, 0 non-bitwise of 47970 4.0->0.3 s
th_edo_2k_endl_torir                     C11 SAME (44160 rays, leaks 1) 12.5->0.8 s | C17 SAME rays-bitwise True (178386 rays, slits 0) 8.9->1.7 s | C15 maxdiff 0, 0 non-bitwise of 39900 2.8->0.2 s
th_edo_2k_middle_torir                   C11 SAME (44160 rays, leaks 1) 7.5->0.6 s | C17 SAME rays-bitwise True (123612 rays, slits 0) 5.7->1.2 s | C15 maxdiff 0, 0 non-bitwise of 37620 2.3->0.2 s
th_edo_2k_cornerr_torir                  C11 SAME (44160 rays, leaks 0) 11.2->0.8 s | C17 SAME rays-bitwise True (124482 rays, slits 0) 6.2->1.4 s | C15 maxdiff 0, 0 non-bitwise of 45600 3.1->0.2 s
th_kamigata_3k_endr_torir                C11 SAME (44160 rays, leaks 0) 23.8->1.4 s | C17 SAME rays-bitwise True (177090 rays, slits 0) 10.4->2.1 s | C15 maxdiff 0, 0 non-bitwise of 58905 4.7->0.4 s
th_kamigata_3k_cornerl_torir             C11 SAME (44160 rays, leaks 1) 25.9->1.7 s | C17 SAME rays-bitwise True (232296 rays, slits 0) 14.2->2.9 s | C15 maxdiff 0, 0 non-bitwise of 65520 5.7->0.4 s
th_edo_3k_endl_torir                     C11 SAME (44160 rays, leaks 1) 18.0->1.2 s | C17 SAME rays-bitwise True (232296 rays, slits 0) 13.4->2.5 s | C15 maxdiff 0, 0 non-bitwise of 58140 4.3->0.4 s
th_edo_3k_middle_torir                   C11 SAME (44160 rays, leaks 1) 13.7->1.0 s | C17 SAME rays-bitwise True (178386 rays, slits 0) 9.0->1.9 s | C15 maxdiff 0, 0 non-bitwise of 54720 3.8->0.3 s
th_edo_3k_cornerr_torir                  C11 SAME (44160 rays, leaks 0) 17.8->1.2 s | C17 SAME rays-bitwise True (177090 rays, slits 0) 10.0->2.1 s | C15 maxdiff 0, 0 non-bitwise of 62700 4.1->0.3 s
th_kamigata_4k_endr_torir                C11 SAME (44160 rays, leaks 0) 24.9->2.0 s | C17 SAME rays-bitwise True (177528 rays, slits 0) 10.4->2.3 s | C15 maxdiff 0, 0 non-bitwise of 76230 6.4->0.5 s
th_kamigata_4k_cornerl_torir             C11 SAME (44160 rays, leaks 1) 27.4->2.1 s | C17 SAME rays-bitwise True (232296 rays, slits 0) 13.3->2.7 s | C15 maxdiff 0, 0 non-bitwise of 83070 7.4->0.5 s
th_edo_4k_endl_torir                     C11 SAME (44160 rays, leaks 1) 19.2->1.3 s | C17 SAME rays-bitwise True (232296 rays, slits 0) 10.7->2.4 s | C15 maxdiff 0, 0 non-bitwise of 75240 4.6->0.5 s
th_edo_4k_middle_torir                   C11 SAME (44160 rays, leaks 1) 15.6->1.4 s | C17 SAME rays-bitwise True (177516 rays, slits 0) 8.7->2.0 s | C15 maxdiff 0, 0 non-bitwise of 71820 4.8->0.4 s
th_edo_4k_cornerr_torir                  C11 SAME (44160 rays, leaks 0) 18.3->1.5 s | C17 SAME rays-bitwise True (177528 rays, slits 0) 9.8->2.0 s | C15 maxdiff 0, 0 non-bitwise of 79800 5.3->0.4 s
th_edo_3k_middle_torir_board             C11 SAME (44160 rays, leaks 1) 10.5->0.8 s | C17 SAME rays-bitwise True (178386 rays, slits 0) 8.6->1.8 s | C15 maxdiff 0, 0 non-bitwise of 54720 2.8->0.3 s
th_kamigata_3k_middle_toril_kyo          C11 SAME (44160 rays, leaks 0) 17.8->1.1 s | C17 SAME rays-bitwise True (178386 rays, slits 0) 8.9->2.0 s | C15 maxdiff 0, 0 non-bitwise of 56160 4.3->0.3 s
pt_det_board_nuriya                      C11 SAME (44160 rays, leaks 0) 16.8->1.3 s | C17 SAME rays-bitwise True (232290 rays, slits 0) 12.5->2.4 s | C15 maxdiff 0, 0 non-bitwise of 64980 3.8->0.3 s
pt_row_endl                              C11 SAME (44160 rays, leaks 0) 13.2->1.0 s | C17 SAME rays-bitwise True (177090 rays, slits 0) 7.4->1.6 s | C15 maxdiff 0, 0 non-bitwise of 62700 3.1->0.3 s
inn_std_mushiko                          C11 SAME (55680 rays, leaks 0) 21.1->2.0 s | C17 SAME rays-bitwise True (249978 rays, slits 0) 10.2->2.1 s | C15 maxdiff 0, 0 non-bitwise of 120120 7.1->0.5 s
farmhouse_kanto_yosemune_umaya_domar     C11 SAME (42240 rays, leaks 0) 25.1->1.3 s | C17 SAME rays-bitwise True (172010 rays, slits 0) 6.9->1.6 s | C15 maxdiff 0, 0 non-bitwise of 176250 6.2->0.8 s
farmhouse_kinai_irimoya_tile             C11 SAME (53760 rays, leaks 2) 43.3->4.3 s | C17 SAME rays-bitwise True (263588 rays, slits 0) 10.1->2.4 s | C15 maxdiff 0, 0 non-bitwise of 147600 9.3->0.7 s
hut_east_l_board                         C11 SAME (22080 rays, leaks 0) 7.0->0.4 s | C17 SAME rays-bitwise True (51406 rays, slits 0) 1.4->0.5 s | C15 maxdiff 0, 0 non-bitwise of 75840 1.8->0.3 s
hut_west_itabuki                         C11 SAME (18240 rays, leaks 0) 5.9->0.4 s | C17 SAME rays-bitwise True (35580 rays, slits 0) 1.5->0.3 s | C15 maxdiff 0, 0 non-bitwise of 34980 1.0->0.1 s
shed_open_thatch                         C11 SAME (0 rays, leaks 0) 0.0->0.0 s | C17 SAME rays-bitwise True (0 rays, slits 0) 0.0->0.0 s | C15 maxdiff 0, 0 non-bitwise of 38475 0.8->0.1 s
kura_kuro_hinged                         C11 SAME (19200 rays, leaks 51) 6.5->0.6 s | C17 SAME rays-bitwise True (50286 rays, slits 0) 2.0->0.4 s | C15 maxdiff 0, 0 non-bitwise of 37620 1.5->0.2 s
f_th_edo_2k_middle_gofuku                C11 SAME (36480 rays, leaks 1) 4.8->0.4 s | C17 SAME rays-bitwise True (123612 rays, slits 0) 3.5->0.9 s | C15 maxdiff 0, 0 non-bitwise of 37620 1.6->0.2 s
f_inn_grand                              C11 SAME (59520 rays, leaks 0) 23.8->2.8 s | C17 SAME rays-bitwise True (374304 rays, slits 0) 12.4->3.1 s | C15 maxdiff 0, 0 non-bitwise of 120120 6.8->0.5 s
f_hut_west_thatch_leanl                  C11 SAME (17280 rays, leaks 0) 5.3->0.4 s | C17 SAME rays-bitwise True (35580 rays, slits 0) 1.4->0.3 s | C15 maxdiff 0, 0 non-bitwise of 49275 1.2->0.2 s
s1_th_edo_3k_middle_kanamono             C11 SAME (38400 rays, leaks 0) 8.7->0.7 s | C17 SAME rays-bitwise True (178386 rays, slits 0) 6.0->1.4 s | C15 maxdiff 0, 0 non-bitwise of 54720 2.5->0.2 s
s1_th_edo_2k_middle_board_shitate        C11 SAME (36480 rays, leaks 1) 4.2->0.4 s | C17 SAME rays-bitwise True (123612 rays, slits 0) 3.6->0.9 s | C15 maxdiff 0, 0 non-bitwise of 37620 1.4->0.1 s
teahouse_shop_thatch                     C11 SAME (0 rays, leaks 0) 0.0->0.0 s | C17 SAME rays-bitwise True (68134 rays, slits 0) 2.9->0.7 s | C15 maxdiff 0, 0 non-bitwise of 41040 0.9->0.1 s
teahouse_tateba_itabuki                  C11 SAME (11520 rays, leaks 0) 3.7->0.4 s | C17 SAME rays-bitwise True (155800 rays, slits 0) 5.6->1.5 s | C15 maxdiff 0, 0 non-bitwise of 92130 3.4->0.3 s
guardhut_s_itabuki                       C11 SAME (16320 rays, leaks 0) 2.5->0.3 s | C17 SAME rays-bitwise True (34378 rays, slits 0) 1.7->0.3 s | C15 maxdiff 0, 0 non-bitwise of 13050 0.4->0.1 s
kido_board_roofed                        C11 SAME (0 rays, leaks 0) 0.0->0.0 s | C17 SAME rays-bitwise True (72978 rays, slits 0) 2.4->0.5 s | C15 maxdiff 0, 0 non-bitwise of 21240 0.3->0.1 s
shrine_haiden_town_copper                C11 SAME (10560 rays, leaks 80) 8.8->0.6 s | C17 SAME rays-bitwise True (39194 rays, slits 0) 2.1->0.5 s | C15 maxdiff 0, 0 non-bitwise of 100800 4.3->0.5 s
shrine_honden_shinmei                    C11 SAME (0 rays, leaks 0) 0.0->0.0 s | C17 SAME rays-bitwise True (0 rays, slits 0) 0.0->0.0 s | C15 maxdiff 0, 0 non-bitwise of 19110 0.6->0.1 s
shrine_shamusho_sangawara                C11 SAME (20160 rays, leaks 0) 10.1->0.7 s | C17 SAME rays-bitwise True (67702 rays, slits 0) 2.8->0.7 s | C15 maxdiff 0, 0 non-bitwise of 37365 1.1->0.1 s
temple_do_2_thatch                       C11 SAME (9600 rays, leaks 247) 2.5->0.2 s | C17 SAME rays-bitwise True (0 rays, slits 0) 0.0->0.0 s | C15 maxdiff 0, 0 non-bitwise of 39015 0.8->0.2 s
temple_hondo_town                        C11 SAME (9600 rays, leaks 0) 10.0->0.8 s | C17 SAME rays-bitwise True (93230 rays, slits 0) 8.1->1.2 s | C15 maxdiff 0, 0 non-bitwise of 130500 6.9->0.5 s
temple_shoro_town                        C11 SAME (0 rays, leaks 0) 0.0->0.0 s | C17 SAME rays-bitwise True (0 rays, slits 0) 0.0->0.0 s | C15 maxdiff 0, 0 non-bitwise of 67080 3.4->0.3 s
