machiya_t3_01_shop                       coplanar SAME (same 0, opposite 4218, hidden 596) 0.63->0.54 s | resolve SAME 3.27->2.70 s
th_kamigata_2k_endr_toril                coplanar SAME (same 0, opposite 1917, hidden 352) 0.30->0.24 s | resolve SAME 1.54->1.30 s
th_kamigata_2k_cornerl_toril             coplanar SAME (same 0, opposite 1891, hidden 398) 0.33->0.27 s | resolve SAME 1.65->1.42 s
th_edo_2k_endl_toril                     coplanar SAME (same 0, opposite 1593, hidden 337) 0.24->0.21 s | resolve SAME 1.32->1.18 s
th_edo_2k_middle_toril                   coplanar SAME (same 0, opposite 1169, hidden 276) 0.19->0.18 s | resolve SAME 1.05->0.85 s
th_edo_2k_cornerr_toril                  coplanar SAME (same 0, opposite 1781, hidden 349) 0.29->0.23 s | resolve SAME 1.52->1.24 s
th_kamigata_3k_endr_toril                coplanar SAME (same 0, opposite 2576, hidden 389) 0.41->0.35 s | resolve SAME 2.17->1.84 s
th_kamigata_3k_cornerl_toril             coplanar SAME (same 0, opposite 2573, hidden 426) 0.43->0.40 s | resolve SAME 2.35->2.08 s
th_edo_3k_endl_toril                     coplanar SAME (same 0, opposite 2124, hidden 363) 0.36->0.29 s | resolve SAME 1.88->1.63 s
th_edo_3k_middle_toril                   coplanar SAME (same 0, opposite 1669, hidden 299) 0.29->0.25 s | resolve SAME 1.56->1.27 s
th_edo_3k_cornerr_toril                  coplanar SAME (same 0, opposite 2278, hidden 375) 0.40->0.32 s | resolve SAME 1.96->1.70 s
th_kamigata_4k_endr_toril                coplanar SAME (same 0, opposite 3184, hidden 428) 0.56->0.46 s | resolve SAME 2.82->2.40 s
th_kamigata_4k_cornerl_toril             coplanar SAME (same 0, opposite 3190, hidden 467) 0.57->0.46 s | resolve SAME 2.82->2.42 s
th_edo_4k_endl_toril                     coplanar SAME (same 0, opposite 2579, hidden 390) 0.44->0.37 s | resolve SAME 2.37->1.94 s
th_edo_4k_middle_toril                   coplanar SAME (same 0, opposite 2116, hidden 330) 0.35->0.30 s | resolve SAME 1.93->1.53 s
th_edo_4k_cornerr_toril                  coplanar SAME (same 0, opposite 2748, hidden 403) 0.46->0.37 s | resolve SAME 2.33->2.05 s
th_edo_3k_middle_toril_board             coplanar SAME (same 0, opposite 1597, hidden 231) 0.27->0.18 s | resolve SAME 1.38->1.03 s
th_edo_3k_middle_toril_kakigara          coplanar SAME (same 0, opposite 1597, hidden 231) 0.25->0.19 s | resolve SAME 1.30->1.06 s
pt_det_tile_board                        coplanar SAME (same 0, opposite 2643, hidden 367) 0.42->0.34 s | resolve SAME 2.26->1.84 s
pt_det_stable_board                      coplanar SAME (same 0, opposite 2562, hidden 283) 0.41->0.30 s | resolve SAME 2.02->1.64 s
inn_std_board                            coplanar SAME (same 0, opposite 3325, hidden 279) 0.55->0.42 s | resolve SAME 2.76->2.15 s
farmhouse_kanto_yosemune_umaya           coplanar SAME (same 0, opposite 3271, hidden 149) 0.62->0.51 s | resolve SAME 3.14->2.46 s
farmhouse_kinai_kirizuma_board           coplanar SAME (same 0, opposite 3568, hidden 172) 0.62->0.46 s | resolve SAME 2.50->2.06 s
hut_east_s_sunoko                        coplanar SAME (same 0, opposite 610, hidden 74) 0.12->0.09 s | resolve SAME 0.50->0.38 s
hut_west_ishioki_leanr                   coplanar SAME (same 0, opposite 990, hidden 290) 0.25->0.18 s | resolve SAME 0.99->0.82 s
shed_open_board                          coplanar SAME (same 0, opposite 564, hidden 172) 0.10->0.08 s | resolve SAME 0.50->0.37 s
kura_namako                              coplanar SAME (same 0, opposite 2415, hidden 1218) 0.36->0.36 s | resolve SAME 1.72->1.62 s
f_th_kamigata_2k_middle_kamiya           coplanar SAME (same 0, opposite 1388, hidden 281) 0.26->0.20 s | resolve SAME 1.41->1.08 s
f_inn_std_tile                           coplanar SAME (same 0, opposite 3720, hidden 402) 0.60->0.50 s | resolve SAME 3.08->2.55 s
f_hut_east_l_board                       coplanar SAME (same 0, opposite 931, hidden 78) 0.17->0.14 s | resolve SAME 0.89->0.71 s
f_kura_kuro_hinged                       coplanar SAME (same 0, opposite 1653, hidden 245) 0.28->0.22 s | resolve SAME 1.34->1.14 s
s1_th_edo_3k_endl_kusuri                 coplanar SAME (same 0, opposite 2144, hidden 365) 0.36->0.34 s | resolve SAME 1.94->1.68 s
teahouse_bench_itabuki                   coplanar SAME (same 0, opposite 578, hidden 204) 0.12->0.09 s | resolve SAME 0.52->0.40 s
teahouse_tateba_thatch                   coplanar SAME (same 0, opposite 1910, hidden 126) 0.36->0.27 s | resolve SAME 1.39->1.19 s
swordsmith_sangawara                     coplanar SAME (same 0, opposite 2246, hidden 340) 0.37->0.31 s | resolve SAME 1.14->0.94 s
kido_lattice                             coplanar SAME (same 0, opposite 350, hidden 48) 0.04->0.03 s | resolve SAME 0.18->0.15 s
shrine_haiden_town_hiwada                coplanar SAME (same 0, opposite 3165, hidden 796) 0.62->0.47 s | resolve SAME 1.88->1.50 s
shrine_honden_nagare_town                coplanar SAME (same 0, opposite 2134, hidden 336) 0.39->0.31 s | resolve SAME 2.74->2.26 s
shrine_shamusho_itabuki                  coplanar SAME (same 0, opposite 1224, hidden 311) 0.22->0.16 s | resolve SAME 0.85->0.71 s
temple_do_2_board                        coplanar SAME (same 0, opposite 727, hidden 87) 0.15->0.11 s | resolve SAME 1.16->0.90 s
temple_hondo_village                     coplanar SAME (same 0, opposite 1373, hidden 113) 0.33->0.28 s | resolve SAME 2.03->1.72 s
temple_shoro_village                     coplanar SAME (same 0, opposite 296, hidden 48) 0.10->0.09 s | resolve SAME 0.21->0.20 s
