toilet_t1_01                             coplanar SAME (same 0, opposite 670, hidden 197) 0.08->0.06 s | resolve SAME 0.37->0.28 s
th_kamigata_2k_endr_torir                coplanar SAME (same 0, opposite 1757, hidden 298) 0.30->0.23 s | resolve SAME 1.47->1.26 s
th_kamigata_2k_cornerl_torir             coplanar SAME (same 0, opposite 2093, hidden 455) 0.32->0.28 s | resolve SAME 1.75->1.53 s
th_edo_2k_endl_torir                     coplanar SAME (same 0, opposite 1765, hidden 394) 0.26->0.21 s | resolve SAME 1.38->1.13 s
th_edo_2k_middle_torir                   coplanar SAME (same 0, opposite 1169, hidden 276) 0.18->0.15 s | resolve SAME 0.98->0.81 s
th_edo_2k_cornerr_torir                  coplanar SAME (same 0, opposite 1579, hidden 287) 0.24->0.20 s | resolve SAME 1.30->1.07 s
th_kamigata_3k_endr_torir                coplanar SAME (same 0, opposite 2419, hidden 335) 0.40->0.35 s | resolve SAME 2.10->1.79 s
th_kamigata_3k_cornerl_torir             coplanar SAME (same 0, opposite 2778, hidden 488) 0.49->0.38 s | resolve SAME 2.43->2.06 s
th_edo_3k_endl_torir                     coplanar SAME (same 0, opposite 2264, hidden 420) 0.36->0.29 s | resolve SAME 1.84->1.57 s
th_edo_3k_middle_torir                   coplanar SAME (same 0, opposite 1669, hidden 299) 0.27->0.23 s | resolve SAME 1.45->1.27 s
th_edo_3k_cornerr_torir                  coplanar SAME (same 0, opposite 2079, hidden 313) 0.37->0.28 s | resolve SAME 1.83->1.55 s
th_kamigata_4k_endr_torir                coplanar SAME (same 0, opposite 3067, hidden 373) 0.52->0.46 s | resolve SAME 2.88->2.29 s
th_kamigata_4k_cornerl_torir             coplanar SAME (same 0, opposite 3384, hidden 527) 0.62->0.50 s | resolve SAME 3.09->2.71 s
th_edo_4k_endl_torir                     coplanar SAME (same 0, opposite 2708, hidden 448) 0.40->0.35 s | resolve SAME 2.22->1.86 s
th_edo_4k_middle_torir                   coplanar SAME (same 0, opposite 2116, hidden 330) 0.34->0.30 s | resolve SAME 1.77->1.55 s
th_edo_4k_cornerr_torir                  coplanar SAME (same 0, opposite 2554, hidden 340) 0.43->0.38 s | resolve SAME 2.33->1.85 s
th_edo_3k_middle_torir_board             coplanar SAME (same 0, opposite 1597, hidden 231) 0.22->0.18 s | resolve SAME 1.28->0.98 s
th_kamigata_3k_middle_toril_kyo          coplanar SAME (same 0, opposite 1992, hidden 298) 0.36->0.32 s | resolve SAME 1.84->1.69 s
pt_det_board_nuriya                      coplanar SAME (same 0, opposite 2318, hidden 282) 0.37->0.27 s | resolve SAME 1.89->1.58 s
pt_row_endl                              coplanar SAME (same 0, opposite 1994, hidden 343) 0.36->0.27 s | resolve SAME 1.77->1.53 s
inn_std_mushiko                          coplanar SAME (same 0, opposite 4346, hidden 445) 0.69->0.58 s | resolve SAME 3.55->3.02 s
farmhouse_kanto_yosemune_umaya_domar     coplanar SAME (same 0, opposite 3274, hidden 179) 0.60->0.48 s | resolve SAME 3.10->2.37 s
farmhouse_kinai_irimoya_tile             coplanar SAME (same 0, opposite 3508, hidden 179) 0.62->0.56 s | resolve SAME 2.78->2.29 s
hut_east_l_board                         coplanar SAME (same 0, opposite 917, hidden 78) 0.17->0.13 s | resolve SAME 0.90->0.67 s
hut_west_itabuki                         coplanar SAME (same 0, opposite 1026, hidden 264) 0.18->0.16 s | resolve SAME 0.77->0.63 s
shed_open_thatch                         coplanar SAME (same 0, opposite 500, hidden 132) 0.10->0.08 s | resolve SAME 0.46->0.37 s
kura_kuro_hinged                         coplanar SAME (same 0, opposite 1653, hidden 245) 0.24->0.23 s | resolve SAME 1.25->1.04 s
f_th_edo_2k_middle_gofuku                coplanar SAME (same 0, opposite 1183, hidden 276) 0.20->0.14 s | resolve SAME 1.10->0.87 s
f_inn_grand                              coplanar SAME (same 0, opposite 4326, hidden 403) 0.66->0.56 s | resolve SAME 3.37->3.03 s
f_hut_west_thatch_leanl                  coplanar SAME (same 0, opposite 1005, hidden 236) 0.18->0.14 s | resolve SAME 0.75->0.65 s
s1_th_edo_3k_middle_kanamono             coplanar SAME (same 0, opposite 1687, hidden 299) 0.29->0.23 s | resolve SAME 1.50->1.28 s
s1_th_edo_2k_middle_board_shitate        coplanar SAME (same 0, opposite 1113, hidden 205) 0.16->0.14 s | resolve SAME 0.90->0.67 s
teahouse_shop_thatch                     coplanar SAME (same 0, opposite 927, hidden 209) 0.17->0.13 s | resolve SAME 0.71->0.61 s
teahouse_tateba_itabuki                  coplanar SAME (same 0, opposite 2130, hidden 200) 0.38->0.30 s | resolve SAME 1.18->0.94 s
guardhut_s_itabuki                       coplanar SAME (same 0, opposite 669, hidden 176) 0.11->0.08 s | resolve SAME 0.57->0.46 s
kido_board_roofed                        coplanar SAME (same 0, opposite 408, hidden 116) 0.07->0.05 s | resolve SAME 0.29->0.22 s
shrine_haiden_town_copper                coplanar SAME (same 0, opposite 3141, hidden 816) 0.57->0.53 s | resolve SAME 2.53->2.00 s
shrine_honden_shinmei                    coplanar SAME (same 0, opposite 739, hidden 98) 0.11->0.11 s | resolve SAME 0.92->0.72 s
shrine_shamusho_sangawara                coplanar SAME (same 0, opposite 1347, hidden 236) 0.23->0.19 s | resolve SAME 1.24->0.97 s
temple_do_2_thatch                       coplanar SAME (same 0, opposite 521, hidden 32) 0.12->0.09 s | resolve SAME 0.91->0.78 s
temple_hondo_town                        coplanar SAME (same 0, opposite 3416, hidden 963) 0.75->0.61 s | resolve SAME 2.10->1.75 s
temple_shoro_town                        coplanar SAME (same 0, opposite 2201, hidden 772) 0.44->0.38 s | resolve SAME 1.32->1.12 s
