machiya_t3_01                            coplanar SAME (same 0, opposite 4218, hidden 596) 0.63->0.54 s | resolve SAME 3.26->2.78 s
th_kamigata_2k_endl_torir                coplanar SAME (same 0, opposite 2017, hidden 438) 0.32->0.25 s | resolve SAME 1.63->1.34 s
th_kamigata_2k_middle_torir              coplanar SAME (same 0, opposite 1374, hidden 281) 0.22->0.18 s | resolve SAME 1.20->0.99 s
th_kamigata_2k_cornerr_torir             coplanar SAME (same 0, opposite 1780, hidden 307) 0.30->0.27 s | resolve SAME 1.61->1.41 s
th_edo_2k_endr_torir                     coplanar SAME (same 0, opposite 1530, hidden 254) 0.23->0.21 s | resolve SAME 1.31->1.09 s
th_edo_2k_cornerl_torir                  coplanar SAME (same 0, opposite 1844, hidden 432) 0.29->0.24 s | resolve SAME 1.60->1.29 s
th_kamigata_3k_endl_torir                coplanar SAME (same 0, opposite 2678, hidden 475) 0.41->0.36 s | resolve SAME 2.28->1.91 s
th_kamigata_3k_middle_torir              coplanar SAME (same 0, opposite 2036, hidden 321) 0.33->0.31 s | resolve SAME 1.84->1.60 s
th_kamigata_3k_cornerr_torir             coplanar SAME (same 0, opposite 2442, hidden 340) 0.44->0.37 s | resolve SAME 2.32->2.00 s
th_edo_3k_endr_torir                     coplanar SAME (same 0, opposite 2030, hidden 280) 0.35->0.28 s | resolve SAME 1.84->1.51 s
th_edo_3k_cornerl_torir                  coplanar SAME (same 0, opposite 2367, hidden 458) 0.39->0.30 s | resolve SAME 2.05->1.77 s
th_kamigata_4k_endl_torir                coplanar SAME (same 0, opposite 3284, hidden 514) 0.56->0.44 s | resolve SAME 2.98->2.47 s
th_kamigata_4k_middle_torir              coplanar SAME (same 0, opposite 2645, hidden 357) 0.45->0.38 s | resolve SAME 2.27->1.93 s
th_kamigata_4k_cornerr_torir             coplanar SAME (same 0, opposite 3079, hidden 378) 0.59->0.50 s | resolve SAME 3.01->2.52 s
th_edo_4k_endr_torir                     coplanar SAME (same 0, opposite 2516, hidden 307) 0.41->0.34 s | resolve SAME 2.15->1.79 s
th_edo_4k_cornerl_torir                  coplanar SAME (same 0, opposite 2811, hidden 486) 0.47->0.41 s | resolve SAME 2.49->2.10 s
th_edo_2k_middle_torir_board             coplanar SAME (same 0, opposite 1097, hidden 205) 0.17->0.13 s | resolve SAME 0.96->0.72 s
th_edo_4k_middle_torir_board             coplanar SAME (same 0, opposite 2044, hidden 259) 0.31->0.20 s | resolve SAME 1.61->1.20 s
pt_det_tile_nuriya                       coplanar SAME (same 0, opposite 2527, hidden 378) 0.39->0.33 s | resolve SAME 2.09->1.65 s
pt_det_stable_tile                       coplanar SAME (same 0, opposite 2769, hidden 390) 0.43->0.37 s | resolve SAME 2.24->1.89 s
inn_std_tile                             coplanar SAME (same 0, opposite 3694, hidden 402) 0.60->0.50 s | resolve SAME 3.09->2.62 s
farmhouse_kanto_yosemune                 coplanar SAME (same 0, opposite 3191, hidden 137) 0.60->0.44 s | resolve SAME 2.98->2.33 s
farmhouse_kinai_kirizuma_tile_takahe     coplanar SAME (same 0, opposite 3694, hidden 313) 0.66->0.57 s | resolve SAME 2.88->2.22 s
hut_east_s_earth_mushiro                 coplanar SAME (same 0, opposite 527, hidden 84) 0.12->0.10 s | resolve SAME 0.49->0.44 s
hut_west_thatch_leanl                    coplanar SAME (same 0, opposite 991, hidden 236) 0.17->0.14 s | resolve SAME 0.72->0.58 s
hut_west_thatch                          coplanar SAME (same 0, opposite 929, hidden 257) 0.18->0.14 s | resolve SAME 0.71->0.65 s
barn_walled_thatch                       coplanar SAME (same 0, opposite 1118, hidden 277) 0.24->0.18 s | resolve SAME 0.88->0.74 s
f_th_kamigata_3k_middle_komeya           coplanar SAME (same 0, opposite 2056, hidden 318) 0.33->0.29 s | resolve SAME 1.90->1.56 s
f_pt_det_tile_nuriya_home                coplanar SAME (same 0, opposite 2547, hidden 378) 0.42->0.33 s | resolve SAME 2.16->1.79 s
f_farmhouse_kinai                        coplanar SAME (same 0, opposite 3714, hidden 313) 0.74->0.61 s | resolve SAME 2.85->2.39 s
f_kura_namako                            coplanar SAME (same 0, opposite 2413, hidden 1218) 0.39->0.33 s | resolve SAME 1.94->1.74 s
s1_th_kamigata_3k_endr_mochiya           coplanar SAME (same 0, opposite 2594, hidden 389) 0.46->0.38 s | resolve SAME 2.33->1.93 s
teahouse_bench_thatch                    coplanar SAME (same 0, opposite 455, hidden 134) 0.09->0.07 s | resolve SAME 0.39->0.32 s
teahouse_pass_ishioki                    coplanar SAME (same 0, opposite 1112, hidden 273) 0.26->0.21 s | resolve SAME 1.04->0.90 s
smithy_open_sangawara                    coplanar SAME (same 0, opposite 1307, hidden 242) 0.22->0.17 s | resolve SAME 1.00->0.79 s
guardhut_m_itabuki                       coplanar SAME (same 0, opposite 972, hidden 270) 0.15->0.11 s | resolve SAME 0.68->0.59 s
shrine_haiden_village                    coplanar SAME (same 0, opposite 990, hidden 134) 0.19->0.15 s | resolve SAME 1.33->1.10 s
shrine_honden_nagare_village_chigi       coplanar SAME (same 0, opposite 1019, hidden 144) 0.18->0.14 s | resolve SAME 1.33->1.02 s
shrine_temizuya_town                     coplanar SAME (same 0, opposite 930, hidden 340) 0.17->0.13 s | resolve SAME 0.36->0.28 s
shrine_kagura_town                       coplanar SAME (same 0, opposite 1421, hidden 610) 0.27->0.22 s | resolve SAME 0.82->0.67 s
temple_do_town                           coplanar SAME (same 0, opposite 2473, hidden 510) 0.49->0.38 s | resolve SAME 1.52->1.24 s
temple_kuri_town                         coplanar SAME (same 0, opposite 3106, hidden 508) 0.59->0.53 s | resolve SAME 2.29->1.92 s
temple_gate_shikyakumon                  coplanar SAME (same 0, opposite 1014, hidden 240) 0.19->0.16 s | resolve SAME 0.40->0.31 s
