th_kamigata_2k_endl_toril                coplanar SAME (same 0, opposite 1857, hidden 389) 0.28->0.25 s | resolve SAME 1.56->1.43 s
th_kamigata_2k_middle_toril              coplanar SAME (same 0, opposite 1374, hidden 286) 0.22->0.18 s | resolve SAME 1.19->0.99 s
th_kamigata_2k_cornerr_toril             coplanar SAME (same 0, opposite 1982, hidden 369) 0.34->0.28 s | resolve SAME 1.72->1.45 s
th_edo_2k_endr_toril                     coplanar SAME (same 0, opposite 1702, hidden 311) 0.24->0.20 s | resolve SAME 1.29->1.09 s
th_edo_2k_cornerl_toril                  coplanar SAME (same 0, opposite 1642, hidden 370) 0.27->0.21 s | resolve SAME 1.38->1.13 s
th_kamigata_3k_endl_toril                coplanar SAME (same 0, opposite 2550, hidden 421) 0.41->0.37 s | resolve SAME 2.23->1.88 s
th_kamigata_3k_middle_toril              coplanar SAME (same 0, opposite 2036, hidden 318) 0.35->0.30 s | resolve SAME 1.80->1.58 s
th_kamigata_3k_cornerr_toril             coplanar SAME (same 0, opposite 2641, hidden 402) 0.43->0.40 s | resolve SAME 2.31->2.03 s
th_edo_3k_endr_toril                     coplanar SAME (same 0, opposite 2199, hidden 337) 0.35->0.29 s | resolve SAME 1.79->1.57 s
th_edo_3k_cornerl_toril                  coplanar SAME (same 0, opposite 2162, hidden 396) 0.37->0.31 s | resolve SAME 1.94->1.62 s
th_kamigata_4k_endl_toril                coplanar SAME (same 0, opposite 3167, hidden 462) 0.54->0.49 s | resolve SAME 2.89->2.45 s
th_kamigata_4k_middle_toril              coplanar SAME (same 0, opposite 2645, hidden 360) 0.45->0.38 s | resolve SAME 2.39->2.08 s
th_kamigata_4k_cornerr_toril             coplanar SAME (same 0, opposite 3273, hidden 441) 0.57->0.48 s | resolve SAME 2.89->2.47 s
th_edo_4k_endr_toril                     coplanar SAME (same 0, opposite 2645, hidden 365) 0.44->0.35 s | resolve SAME 2.18->1.99 s
th_edo_4k_cornerl_toril                  coplanar SAME (same 0, opposite 2617, hidden 423) 0.47->0.36 s | resolve SAME 2.30->1.90 s
th_edo_2k_middle_toril_board             coplanar SAME (same 0, opposite 1097, hidden 205) 0.16->0.13 s | resolve SAME 0.93->0.71 s
th_edo_4k_middle_toril_board             coplanar SAME (same 0, opposite 2044, hidden 259) 0.31->0.22 s | resolve SAME 1.57->1.30 s
th_kamigata_3k_middle_torir_komeya       coplanar SAME (same 0, opposite 1906, hidden 301) 0.39->0.29 s | resolve SAME 1.92->1.54 s
pt_det_board_board                       coplanar SAME (same 0, opposite 2320, hidden 271) 0.37->0.26 s | resolve SAME 1.97->1.46 s
pt_row_middle                            coplanar SAME (same 0, opposite 1610, hidden 196) 0.23->0.17 s | resolve SAME 1.23->0.96 s
inn_grand                                coplanar SAME (same 0, opposite 4300, hidden 403) 0.65->0.59 s | resolve SAME 3.40->2.99 s
farmhouse_kanto_irimoya_domar            coplanar SAME (same 0, opposite 3344, hidden 153) 0.64->0.47 s | resolve SAME 3.02->2.51 s
farmhouse_kinai_irimoya_board            coplanar SAME (same 0, opposite 3482, hidden 178) 0.63->0.52 s | resolve SAME 2.60->1.97 s
hut_east_l_earth                         coplanar SAME (same 0, opposite 808, hidden 100) 0.18->0.14 s | resolve SAME 0.91->0.69 s
hut_west_ishioki                         coplanar SAME (same 0, opposite 1016, hidden 240) 0.21->0.18 s | resolve SAME 0.84->0.71 s
shed_walled_ishioki_woodshed             coplanar SAME (same 0, opposite 902, hidden 215) 0.23->0.16 s | resolve SAME 0.87->0.70 s
kura_plain                               coplanar SAME (same 0, opposite 1463, hidden 218) 0.20->0.17 s | resolve SAME 1.12->0.88 s
f_th_edo_3k_cornerr_sakaya               coplanar SAME (same 0, opposite 2298, hidden 375) 0.37->0.32 s | resolve SAME 1.89->1.78 s
f_farmhouse_kanto                        coplanar SAME (same 0, opposite 3292, hidden 149) 0.64->0.49 s | resolve SAME 3.06->2.49 s
f_shed_walled_woodshed                   coplanar SAME (same 0, opposite 902, hidden 215) 0.21->0.18 s | resolve SAME 0.87->0.71 s
s1_th_kamigata_2k_middle_tabako          coplanar SAME (same 0, opposite 1390, hidden 281) 0.27->0.22 s | resolve SAME 1.33->1.15 s
s1_th_kamigata_3k_middle_kyo_ningyo      coplanar SAME (same 0, opposite 2010, hidden 298) 0.37->0.33 s | resolve SAME 1.92->1.68 s
teahouse_shop_itabuki                    coplanar SAME (same 0, opposite 1061, hidden 277) 0.24->0.16 s | resolve SAME 0.88->0.67 s
smithy_open_itabuki                      coplanar SAME (same 0, opposite 1174, hidden 178) 0.18->0.15 s | resolve SAME 0.74->0.56 s
guardhut_s_sangawara                     coplanar SAME (same 0, opposite 762, hidden 200) 0.15->0.11 s | resolve SAME 0.76->0.66 s
kido_lattice_bantaya                     coplanar SAME (same 0, opposite 1019, hidden 224) 0.14->0.12 s | resolve SAME 0.76->0.68 s
shrine_honden_nagare_village             coplanar SAME (same 0, opposite 987, hidden 141) 0.14->0.13 s | resolve SAME 1.14->0.86 s
shrine_temizuya_village                  coplanar SAME (same 0, opposite 139, hidden 104) 0.04->0.03 s | resolve SAME 0.08->0.06 s
shrine_kagura_village                    coplanar SAME (same 0, opposite 473, hidden 83) 0.10->0.08 s | resolve SAME 0.41->0.32 s
temple_do_3_tile                         coplanar SAME (same 0, opposite 852, hidden 55) 0.24->0.19 s | resolve SAME 1.51->1.21 s
temple_kuri_village                      coplanar SAME (same 0, opposite 2707, hidden 304) 0.47->0.41 s | resolve SAME 1.98->1.65 s
temple_gate_yakuimon                     coplanar SAME (same 0, opposite 331, hidden 116) 0.09->0.08 s | resolve SAME 0.17->0.16 s
